Component: ARM Compiler 5.06 update 6 (build 750) Tool: armlink [4d35ed]

==============================================================================

Section Cross References

    startup_stm32h723xx.o(RESET) refers to startup_stm32h723xx.o(STACK) for __initial_sp
    startup_stm32h723xx.o(RESET) refers to startup_stm32h723xx.o(.text) for Reset_Handler
    startup_stm32h723xx.o(RESET) refers to stm32h7xx_it.o(i.NMI_Handler) for NMI_Handler
    startup_stm32h723xx.o(RESET) refers to stm32h7xx_it.o(i.HardFault_Handler) for HardFault_Handler
    startup_stm32h723xx.o(RESET) refers to stm32h7xx_it.o(i.MemManage_Handler) for MemManage_Handler
    startup_stm32h723xx.o(RESET) refers to stm32h7xx_it.o(i.BusFault_Handler) for BusFault_Handler
    startup_stm32h723xx.o(RESET) refers to stm32h7xx_it.o(i.UsageFault_Handler) for UsageFault_Handler
    startup_stm32h723xx.o(RESET) refers to stm32h7xx_it.o(i.SVC_Handler) for SVC_Handler
    startup_stm32h723xx.o(RESET) refers to stm32h7xx_it.o(i.DebugMon_Handler) for DebugMon_Handler
    startup_stm32h723xx.o(RESET) refers to stm32h7xx_it.o(i.PendSV_Handler) for PendSV_Handler
    startup_stm32h723xx.o(RESET) refers to stm32h7xx_it.o(i.SysTick_Handler) for SysTick_Handler
    startup_stm32h723xx.o(.text) refers to system_stm32h7xx.o(i.SystemInit) for SystemInit
    startup_stm32h723xx.o(.text) refers to entry.o(.ARM.Collect$$$$00000000) for __main
    main.o(i.FatFs_Check) refers to ff.o(i.f_mount) for f_mount
    main.o(i.FatFs_Check) refers to printf5.o(i.__0printf$5) for __2printf
    main.o(i.FatFs_Check) refers to ff.o(i.f_mkfs) for f_mkfs
    main.o(i.FatFs_Check) refers to main.o(.bss) for sFLASH_FatFs
    main.o(i.FatFs_Check) refers to main.o(.data) for MyFile_Res
    main.o(i.FatFs_FileTest) refers to memcpya.o(.text) for __aeabi_memcpy4
    main.o(i.FatFs_FileTest) refers to printf5.o(i.__0printf$5) for __2printf
    main.o(i.FatFs_FileTest) refers to ff.o(i.f_open) for f_open
    main.o(i.FatFs_FileTest) refers to ff.o(i.f_write) for f_write
    main.o(i.FatFs_FileTest) refers to ff.o(i.f_close) for f_close
    main.o(i.FatFs_FileTest) refers to ff.o(i.f_read) for f_read
    main.o(i.FatFs_FileTest) refers to main.o(.data) for MyFile_Res
    main.o(i.FatFs_FileTest) refers to main.o(.bss) for sFLASH_ReadBuffer
    main.o(i.FatFs_GetVolume) refers to ff.o(i.f_getfree) for f_getfree
    main.o(i.FatFs_GetVolume) refers to printf5.o(i.__0printf$5) for __2printf
    main.o(i.SystemClock_Config) refers to memseta.o(.text) for __aeabi_memclr4
    main.o(i.SystemClock_Config) refers to stm32h7xx_hal_pwr_ex.o(i.HAL_PWREx_ConfigSupply) for HAL_PWREx_ConfigSupply
    main.o(i.SystemClock_Config) refers to stm32h7xx_hal_rcc.o(i.HAL_RCC_OscConfig) for HAL_RCC_OscConfig
    main.o(i.SystemClock_Config) refers to main.o(i.Error_Handler) for Error_Handler
    main.o(i.SystemClock_Config) refers to stm32h7xx_hal_rcc.o(i.HAL_RCC_ClockConfig) for HAL_RCC_ClockConfig
    main.o(i.SystemClock_Config) refers to stm32h7xx_hal_rcc_ex.o(i.HAL_RCCEx_PeriphCLKConfig) for HAL_RCCEx_PeriphCLKConfig
    main.o(i.main) refers to stm32h7xx_hal.o(i.HAL_Init) for HAL_Init
    main.o(i.main) refers to main.o(i.SystemClock_Config) for SystemClock_Config
    main.o(i.main) refers to led.o(i.LED_Init) for LED_Init
    main.o(i.main) refers to usart.o(i.USART1_Init) for USART1_Init
    main.o(i.main) refers to main.o(i.FatFs_Check) for FatFs_Check
    main.o(i.main) refers to main.o(i.FatFs_GetVolume) for FatFs_GetVolume
    main.o(i.main) refers to main.o(i.FatFs_FileTest) for FatFs_FileTest
    main.o(i.main) refers to stm32h7xx_hal_gpio.o(i.HAL_GPIO_TogglePin) for HAL_GPIO_TogglePin
    main.o(i.main) refers to stm32h7xx_hal.o(i.HAL_Delay) for HAL_Delay
    stm32h7xx_it.o(i.SysTick_Handler) refers to stm32h7xx_hal.o(i.HAL_IncTick) for HAL_IncTick
    led.o(i.LED_Init) refers to memseta.o(.text) for __aeabi_memclr4
    led.o(i.LED_Init) refers to stm32h7xx_hal_gpio.o(i.HAL_GPIO_WritePin) for HAL_GPIO_WritePin
    led.o(i.LED_Init) refers to stm32h7xx_hal_gpio.o(i.HAL_GPIO_Init) for HAL_GPIO_Init
    usart.o(i.HAL_UART_MspInit) refers to memseta.o(.text) for __aeabi_memclr4
    usart.o(i.HAL_UART_MspInit) refers to stm32h7xx_hal_gpio.o(i.HAL_GPIO_Init) for HAL_GPIO_Init
    usart.o(i.USART1_Init) refers to stm32h7xx_hal_uart.o(i.HAL_UART_Init) for HAL_UART_Init
    usart.o(i.USART1_Init) refers to stm32h7xx_hal_uart_ex.o(i.HAL_UARTEx_SetTxFifoThreshold) for HAL_UARTEx_SetTxFifoThreshold
    usart.o(i.USART1_Init) refers to stm32h7xx_hal_uart_ex.o(i.HAL_UARTEx_SetRxFifoThreshold) for HAL_UARTEx_SetRxFifoThreshold
    usart.o(i.USART1_Init) refers to stm32h7xx_hal_uart_ex.o(i.HAL_UARTEx_DisableFifoMode) for HAL_UARTEx_DisableFifoMode
    usart.o(i.USART1_Init) refers to usart.o(.bss) for huart1
    usart.o(i.fputc) refers to stm32h7xx_hal_uart.o(i.HAL_UART_Transmit) for HAL_UART_Transmit
    usart.o(i.fputc) refers to usart.o(.bss) for huart1
[...]
    Removing diskio.o(.rev16_text), (4 bytes).
    Removing diskio.o(.revsh_text), (4 bytes).
    Removing diskio.o(.rrx_text), (6 bytes).
    Removing ff.o(i.dir_read), (210 bytes).
    Removing ff.o(i.dir_remove), (96 bytes).
    Removing ff.o(i.f_closedir), (24 bytes).
    Removing ff.o(i.f_lseek), (416 bytes).
    Removing ff.o(i.f_mkdir), (284 bytes).
    Removing ff.o(i.f_opendir), (120 bytes).
    Removing ff.o(i.f_readdir), (92 bytes).
    Removing ff.o(i.f_rename), (296 bytes).
    Removing ff.o(i.f_stat), (72 bytes).
    Removing ff.o(i.f_truncate), (178 bytes).
    Removing ff.o(i.f_unlink), (180 bytes).
    Removing ff.o(i.get_fileinfo), (342 bytes).
    Removing ff.o(i.pick_lfn), (136 bytes).
    Removing dadd.o(.text), (334 bytes).
    Removing dmul.o(.text), (228 bytes).
    Removing ddiv.o(.text), (222 bytes).
    Removing dfixul.o(.text), (48 bytes).
    Removing cdrcmple.o(.text), (48 bytes).
    Removing depilogue.o(.text), (186 bytes).

573 unused section(s) (total 74858 bytes) removed from the image.

==============================================================================

Image Symbol Table

    Local Symbols

    Symbol Name                              Value     Ov Type        Size  Object(Section)

    ../Core/Src/main.c                       0x00000000   Number         0  main.o ABSOLUTE
    ../Core/Src/stm32h7xx_hal_msp.c          0x00000000   Number         0  stm32h7xx_hal_msp.o ABSOLUTE
    ../Core/Src/stm32h7xx_it.c               0x00000000   Number         0  stm32h7xx_it.o ABSOLUTE
    ../Core/Src/system_stm32h7xx.c           0x00000000   Number         0  system_stm32h7xx.o ABSOLUTE
    ../Drivers/STM32H7xx_HAL_Driver/Src/stm32h7xx_hal.c 0x00000000   Number         0  stm32h7xx_hal.o ABSOLUTE
    ../Drivers/STM32H7xx_HAL_Driver/Src/stm32h7xx_hal_cortex.c 0x00000000   Number         0  stm32h7xx_hal_cortex.o ABSOLUTE
    ../Drivers/STM32H7xx_HAL_Driver/Src/stm32h7xx_hal_dma.c 0x00000000   Number         0  stm32h7xx_hal_dma.o ABSOLUTE
    ../Drivers/STM32H7xx_HAL_Driver/Src/stm32h7xx_hal_dma_ex.c 0x00000000   Number         0  stm32h7xx_hal_dma_ex.o ABSOLUTE
    ../Drivers/STM32H7xx_HAL_Driver/Src/stm32h7xx_hal_exti.c 0x00000000   Number         0  stm32h7xx_hal_exti.o ABSOLUTE
    ../Drivers/STM32H7xx_HAL_Driver/Src/stm32h7xx_hal_flash.c 0x00000000   Number         0  stm32h7xx_hal_flash.o ABSOLUTE
    ../Drivers/STM32H7xx_HAL_Driver/Src/stm32h7xx_hal_flash_ex.c 0x00000000   Number         0  stm32h7xx_hal_flash_ex.o ABSOLUTE
    ../Drivers/STM32H7xx_HAL_Driver/Src/stm32h7xx_hal_gpio.c 0x00000000   Number         0  stm32h7xx_hal_gpio.o ABSOLUTE
    ../Drivers/STM32H7xx_HAL_Driver/Src/stm32h7xx_hal_hsem.c 0x00000000   Number         0  stm32h7xx_hal_hsem.o ABSOLUTE
    ../Drivers/STM32H7xx_HAL_Driver/Src/stm32h7xx_hal_i2c.c 0x00000000   Number         0  stm32h7xx_hal_i2c.o ABSOLUTE
    ../Drivers/STM32H7xx_HAL_Driver/Src/stm32h7xx_hal_i2c_ex.c 0x00000000   Number         0  stm32h7xx_hal_i2c_ex.o ABSOLUTE
    ../Drivers/STM32H7xx_HAL_Driver/Src/stm32h7xx_hal_mdma.c 0x00000000   Number         0  stm32h7xx_hal_mdma.o ABSOLUTE
    ../Drivers/STM32H7xx_HAL_Driver/Src/stm32h7xx_hal_ospi.c 0x00000000   Number         0  stm32h7xx_hal_ospi.o ABSOLUTE
    ../Drivers/STM32H7xx_HAL_Driver/Src/stm32h7xx_hal_pwr.c 0x00000000   Number         0  stm32h7xx_hal_pwr.o ABSOLUTE
    ../Drivers/STM32H7xx_HAL_Driver/Src/stm32h7xx_hal_pwr_ex.c 0x00000000   Number         0  stm32h7xx_hal_pwr_ex.o ABSOLUTE
    ../Drivers/STM32H7xx_HAL_Driver/Src/stm32h7xx_hal_rcc.c 0x00000000   Number         0  stm32h7xx_hal_rcc.o ABSOLUTE
    ../Drivers/STM32H7xx_HAL_Driver/Src/stm32h7xx_hal_rcc_ex.c 0x00000000   Number         0  stm32h7xx_hal_rcc_ex.o ABSOLUTE
    ../Drivers/STM32H7xx_HAL_Driver/Src/stm32h7xx_hal_tim.c 0x00000000   Number         0  stm32h7xx_hal_tim.o ABSOLUTE
    ../Drivers/STM32H7xx_HAL_Driver/Src/stm32h7xx_hal_tim_ex.c 0x00000000   Number         0  stm32h7xx_hal_tim_ex.o ABSOLUTE
    ../Drivers/STM32H7xx_HAL_Driver/Src/stm32h7xx_hal_uart.c 0x00000000   Number         0  stm32h7xx_hal_uart.o ABSOLUTE
    ../Drivers/STM32H7xx_HAL_Driver/Src/stm32h7xx_hal_uart_ex.c 0x00000000   Number         0  stm32h7xx_hal_uart_ex.o ABSOLUTE
    ../clib/microlib/division.c              0x00000000   Number         0  uldiv.o ABSOLUTE
    ../clib/microlib/division.c              0x00000000   Number         0  uidiv.o ABSOLUTE
    ../clib/microlib/init/entry.s            0x00000000   Number         0  entry2.o ABSOLUTE
    ../clib/microlib/init/entry.s            0x00000000   Number         0  entry.o ABSOLUTE
    ../clib/microlib/init/entry.s            0x00000000   Number         0  entry11b.o ABSOLUTE
    ../clib/microlib/init/entry.s            0x00000000   Number         0  entry8a.o ABSOLUTE
    ../clib/microlib/init/entry.s            0x00000000   Number         0  entry11a.o ABSOLUTE
    ../clib/microlib/init/entry.s            0x00000000   Number         0  entry10b.o ABSOLUTE
    ../clib/microlib/init/entry.s            0x00000000   Number         0  entry10a.o ABSOLUTE
    ../clib/microlib/init/entry.s            0x00000000   Number         0  entry9b.o ABSOLUTE
    ../clib/microlib/init/entry.s            0x00000000   Number         0  entry9a.o ABSOLUTE
    ../clib/microlib/init/entry.s            0x00000000   Number         0  entry8b.o ABSOLUTE
    ../clib/microlib/init/entry.s            0x00000000   Number         0  entry7b.o ABSOLUTE
    ../clib/microlib/init/entry.s            0x00000000   Number         0  entry7a.o ABSOLUTE
    ../clib/microlib/init/entry.s            0x00000000   Number         0  entry5.o ABSOLUTE
    ../clib/microlib/longlong.c              0x00000000   Number         0  llushr.o ABSOLUTE
    ../clib/microlib/longlong.c              0x00000000   Number         0  llshl.o ABSOLUTE
    ../clib/microlib/longlong.c              0x00000000   Number         0  llsshr.o ABSOLUTE
    ../clib/microlib/printf/printf.c         0x00000000   Number         0  printf2.o ABSOLUTE
    ../clib/microlib/printf/printf.c         0x00000000   Number         0  printf8.o ABSOLUTE
    ../clib/microlib/printf/printf.c         0x00000000   Number         0  printf7.o ABSOLUTE
    ../clib/microlib/printf/printf.c         0x00000000   Number         0  printf6.o ABSOLUTE
    ../clib/microlib/printf/printf.c         0x00000000   Number         0  printf5.o ABSOLUTE
    ../clib/microlib/printf/printf.c         0x00000000   Number         0  printf1.o ABSOLUTE
    ../clib/microlib/printf/printf.c         0x00000000   Number         0  printf0.o ABSOLUTE
    ../clib/microlib/printf/printf.c         0x00000000   Number         0  printfb.o ABSOLUTE
    ../clib/microlib/printf/printf.c         0x00000000   Number         0  printf4.o ABSOLUTE
    ../clib/microlib/printf/printf.c         0x00000000   Number         0  printf3.o ABSOLUTE
    ../clib/microlib/printf/printf.c         0x00000000   Number         0  printfa.o ABSOLUTE
    ../clib/microlib/printf/stubs.s          0x00000000   Number         0  stubs.o ABSOLUTE
    ../clib/microlib/stdio/streams.c         0x00000000   Number         0  stdout.o ABSOLUTE
    ../clib/microlib/string/memcpy.c         0x00000000   Number         0  memcpya.o ABSOLUTE
    ../clib/microlib/string/memcpy.c         0x00000000   Number         0  memcpyb.o ABSOLUTE
    ../clib/microlib/string/memset.c         0x00000000   Number         0  memseta.o ABSOLUTE
    ../clib/microlib/stubs.s                 0x00000000   Number         0  iusefp.o ABSOLUTE
    ../fplib/microlib/fpadd.c                0x00000000   Number         0  dadd.o ABSOLUTE
    ../fplib/microlib/fpdiv.c                0x00000000   Number         0  ddiv.o ABSOLUTE
    ../fplib/microlib/fpepilogue.c           0x00000000   Number         0  depilogue.o ABSOLUTE
    ../fplib/microlib/fpfix.c                0x00000000   Number         0  dfixul.o ABSOLUTE
    ../fplib/microlib/fpmul.c                0x00000000   Number         0  dmul.o ABSOLUTE
    ..\Core\Src\main.c                       0x00000000   Number         0  main.o ABSOLUTE
    ..\Core\Src\stm32h7xx_hal_msp.c          0x00000000   Number         0  stm32h7xx_hal_msp.o ABSOLUTE
    ..\Core\Src\stm32h7xx_it.c               0x00000000   Number         0  stm32h7xx_it.o ABSOLUTE
    ..\Core\Src\system_stm32h7xx.c           0x00000000   Number         0  system_stm32h7xx.o ABSOLUTE
    ..\Drivers\STM32H7xx_HAL_Driver\Src\stm32h7xx_hal.c 0x00000000   Number         0  stm32h7xx_hal.o ABSOLUTE
    ..\Drivers\STM32H7xx_HAL_Driver\Src\stm32h7xx_hal_cortex.c 0x00000000   Number         0  stm32h7xx_hal_cortex.o ABSOLUTE
    ..\Drivers\STM32H7xx_HAL_Driver\Src\stm32h7xx_hal_dma.c 0x00000000   Number         0  stm32h7xx_hal_dma.o ABSOLUTE
    ..\Drivers\STM32H7xx_HAL_Driver\Src\stm32h7xx_hal_dma_ex.c 0x00000000   Number         0  stm32h7xx_hal_dma_ex.o ABSOLUTE
    ..\Drivers\STM32H7xx_HAL_Driver\Src\stm32h7xx_hal_exti.c 0x00000000   Number         0  stm32h7xx_hal_exti.o ABSOLUTE
    ..\Drivers\STM32H7xx_HAL_Driver\Src\stm32h7xx_hal_flash.c 0x00000000   Number         0  stm32h7xx_hal_flash.o ABSOLUTE
    ..\Drivers\STM32H7xx_HAL_Driver\Src\stm32h7xx_hal_flash_ex.c 0x00000000   Number         0  stm32h7xx_hal_flash_ex.o ABSOLUTE
    ..\Drivers\STM32H7xx_HAL_Driver\Src\stm32h7xx_hal_gpio.c 0x00000000   Number         0  stm32h7xx_hal_gpio.o ABSOLUTE
    ..\Drivers\STM32H7xx_HAL_Driver\Src\stm32h7xx_hal_hsem.c 0x00000000   Number         0  stm32h7xx_hal_hsem.o ABSOLUTE
    ..\Drivers\STM32H7xx_HAL_Driver\Src\stm32h7xx_hal_i2c.c 0x00000000   Number         0  stm32h7xx_hal_i2c.o ABSOLUTE
    ..\Drivers\STM32H7xx_HAL_Driver\Src\stm32h7xx_hal_i2c_ex.c 0x00000000   Number         0  stm32h7xx_hal_i2c_ex.o ABSOLUTE
    ..\Drivers\STM32H7xx_HAL_Driver\Src\stm32h7xx_hal_mdma.c 0x00000000   Number         0  stm32h7xx_hal_mdma.o ABSOLUTE
    ..\Drivers\STM32H7xx_HAL_Driver\Src\stm32h7xx_hal_ospi.c 0x00000000   Number         0  stm32h7xx_hal_ospi.o ABSOLUTE
    ..\Drivers\STM32H7xx_HAL_Driver\Src\stm32h7xx_hal_pwr.c 0x00000000   Number         0  stm32h7xx_hal_pwr.o ABSOLUTE
    ..\Drivers\STM32H7xx_HAL_Driver\Src\stm32h7xx_hal_pwr_ex.c 0x00000000   Number         0  stm32h7xx_hal_pwr_ex.o ABSOLUTE
    ..\Drivers\STM32H7xx_HAL_Driver\Src\stm32h7xx_hal_rcc.c 0x00000000   Number         0  stm32h7xx_hal_rcc.o ABSOLUTE
    ..\Drivers\STM32H7xx_HAL_Driver\Src\stm32h7xx_hal_rcc_ex.c 0x00000000   Number         0  stm32h7xx_hal_rcc_ex.o ABSOLUTE
    ..\Drivers\STM32H7xx_HAL_Driver\Src\stm32h7xx_hal_tim.c 0x00000000   Number         0  stm32h7xx_hal_tim.o ABSOLUTE
    ..\Drivers\STM32H7xx_HAL_Driver\Src\stm32h7xx_hal_tim_ex.c 0x00000000   Number         0  stm32h7xx_hal_tim_ex.o ABSOLUTE
    ..\Drivers\STM32H7xx_HAL_Driver\Src\stm32h7xx_hal_uart.c 0x00000000   Number         0  stm32h7xx_hal_uart.o ABSOLUTE
    ..\Drivers\STM32H7xx_HAL_Driver\Src\stm32h7xx_hal_uart_ex.c 0x00000000   Number         0  stm32h7xx_hal_uart_ex.o ABSOLUTE
    ..\Drivers\User\Src\led.c                0x00000000   Number         0  led.o ABSOLUTE
    ..\Drivers\User\Src\ospi_w25q64.c        0x00000000   Number         0  ospi_w25q64.o ABSOLUTE
    ..\Drivers\User\Src\usart.c              0x00000000   Number         0  usart.o ABSOLUTE
    ..\FatFs\diskio.c                        0x00000000   Number         0  diskio.o ABSOLUTE
    ..\FatFs\ff.c                            0x00000000   Number         0  ff.o ABSOLUTE
    ..\FatFs\ffunicode.c                     0x00000000   Number         0  ffunicode.o ABSOLUTE
    ..\\Drivers\\User\\Src\\led.c            0x00000000   Number         0  led.o ABSOLUTE
    ..\\Drivers\\User\\Src\\ospi_w25q64.c    0x00000000   Number         0  ospi_w25q64.o ABSOLUTE
    ..\\Drivers\\User\\Src\\usart.c          0x00000000   Number         0  usart.o ABSOLUTE
    ..\\FatFs\\diskio.c                      0x00000000   Number         0  diskio.o ABSOLUTE
    cdrcmple.s                               0x00000000   Number         0  cdrcmple.o ABSOLUTE
    dc.s                                     0x00000000   Number         0  dc.o ABSOLUTE
    handlers.s                               0x00000000   Number         0  handlers.o ABSOLUTE
    init.s                                   0x00000000   Number         0  init.o ABSOLUTE
    startup_stm32h723xx.s                    0x00000000   Number         0  startup_stm32h723xx.o ABSOLUTE
    RESET                                    0x08000000   Section      716  startup_stm32h723xx.o(RESET)
    .ARM.Collect$$$$00000000                 0x080002cc   Section        0  entry.o(.ARM.Collect$$$$00000000)
    .ARM.Collect$$$$00000001                 0x080002cc   Section        4  entry2.o(.ARM.Collect$$$$00000001)
    .ARM.Collect$$$$00000004                 0x080002d0   Section        4  entry5.o(.ARM.Collect$$$$00000004)
    .ARM.Collect$$$$00000008                 0x080002d4   Section        0  entry7b.o(.ARM.Collect$$$$00000008)
    .ARM.Collect$$$$0000000A                 0x080002d4   Section        0  entry8b.o(.ARM.Collect$$$$0000000A)
    .ARM.Collect$$$$0000000B                 0x080002d4   Section        8  entry9a.o(.ARM.Collect$$$$0000000B)
    .ARM.Collect$$$$0000000D                 0x080002dc   Section        0  entry10a.o(.ARM.Collect$$$$0000000D)
    .ARM.Collect$$$$0000000F                 0x080002dc   Section        0  entry11a.o(.ARM.Collect$$$$0000000F)
    .ARM.Collect$$$$00002712                 0x080002dc   Section        4  entry2.o(.ARM.Collect$$$$00002712)
    __lit__00000000                          0x080002dc   Data           4  entry2.o(.ARM.Collect$$$$00002712)
    .text                                    0x080002e0   Section       36  startup_stm32h723xx.o(.text)
    $v0                                      0x080002e0   Number         0  startup_stm32h723xx.o(.text)
    .text                                    0x08000304   Section        0  uldiv.o(.text)
    .text                                    0x08000366   Section        0  memcpya.o(.text)
    .text                                    0x0800038a   Section        0  memseta.o(.text)
    .text                                    0x080003ae   Section        0  llshl.o(.text)
    .text                                    0x080003cc   Section        0  llushr.o(.text)
    .text                                    0x080003ec   Section       36  init.o(.text)
    i.BusFault_Handler                       0x08000410   Section        0  stm32h7xx_it.o(i.BusFault_Handler)
    i.DebugMon_Handler                       0x08000414   Section        0  stm32h7xx_it.o(i.DebugMon_Handler)
    i.Error_Handler                          0x08000416   Section        0  main.o(i.Error_Handler)
    i.FatFs_Check                            0x0800041c   Section        0  main.o(i.FatFs_Check)
    i.FatFs_FileTest                         0x08000508   Section        0  main.o(i.FatFs_FileTest)
    i.FatFs_GetVolume                        0x08000808   Section        0  main.o(i.FatFs_GetVolume)
    i.HAL_Delay                              0x080008c0   Section        0  stm32h7xx_hal.o(i.HAL_Delay)
    i.HAL_GPIO_Init                          0x080008e8   Section        0  stm32h7xx_hal_gpio.o(i.HAL_GPIO_Init)
    i.HAL_GPIO_TogglePin                     0x08000ad8   Section        0  stm32h7xx_hal_gpio.o(i.HAL_GPIO_TogglePin)
    i.HAL_GPIO_WritePin                      0x08000aec   Section        0  stm32h7xx_hal_gpio.o(i.HAL_GPIO_WritePin)
    i.HAL_GetTick                            0x08000af8   Section        0  stm32h7xx_hal.o(i.HAL_GetTick)
    i.HAL_IncTick                            0x08000b04   Section        0  stm32h7xx_hal.o(i.HAL_IncTick)
    i.HAL_Init                               0x08000b1c   Section        0  stm32h7xx_hal.o(i.HAL_Init)
    i.HAL_InitTick                           0x08000b7c   Section        0  stm32h7xx_hal.o(i.HAL_InitTick)
    i.HAL_MspInit                            0x08000bd4   Section        0  stm32h7xx_hal_msp.o(i.HAL_MspInit)
    i.HAL_NVIC_SetPriority                   0x08000bf8   Section        0  stm32h7xx_hal_cortex.o(i.HAL_NVIC_SetPriority)
    i.HAL_NVIC_SetPriorityGrouping           0x08000c74   Section        0  stm32h7xx_hal_cortex.o(i.HAL_NVIC_SetPriorityGrouping)
    i.HAL_OSPIM_Config                       0x08000c9c   Section        0  stm32h7xx_hal_ospi.o(i.HAL_OSPIM_Config)
    i.HAL_OSPI_AutoPolling                   0x08001394   Section        0  stm32h7xx_hal_ospi.o(i.HAL_OSPI_AutoPolling)
    i.HAL_OSPI_Command                       0x08001456   Section        0  stm32h7xx_hal_ospi.o(i.HAL_OSPI_Command)
    i.HAL_OSPI_DeInit                        0x08001540   Section        0  stm32h7xx_hal_ospi.o(i.HAL_OSPI_DeInit)
    i.HAL_OSPI_Init                          0x08001574   Section        0  stm32h7xx_hal_ospi.o(i.HAL_OSPI_Init)
    i.HAL_OSPI_MspDeInit                     0x08001684   Section        0  stm32h7xx_hal_ospi.o(i.HAL_OSPI_MspDeInit)
    i.HAL_OSPI_MspInit                       0x08001688   Section        0  ospi_w25q64.o(i.HAL_OSPI_MspInit)
    i.HAL_OSPI_Receive                       0x08001794   Section        0  stm32h7xx_hal_ospi.o(i.HAL_OSPI_Receive)
    i.HAL_OSPI_SetTimeout                    0x0800186a   Section        0  stm32h7xx_hal_ospi.o(i.HAL_OSPI_SetTimeout)
    i.HAL_OSPI_Transmit                      0x08001872   Section        0  stm32h7xx_hal_ospi.o(i.HAL_OSPI_Transmit)
    i.HAL_PWREx_ConfigSupply                 0x08001910   Section        0  stm32h7xx_hal_pwr_ex.o(i.HAL_PWREx_ConfigSupply)
    i.HAL_RCCEx_GetD3PCLK1Freq               0x08001970   Section        0  stm32h7xx_hal_rcc_ex.o(i.HAL_RCCEx_GetD3PCLK1Freq)
    i.HAL_RCCEx_GetPLL2ClockFreq             0x08001994   Section        0  stm32h7xx_hal_rcc_ex.o(i.HAL_RCCEx_GetPLL2ClockFreq)
    i.HAL_RCCEx_GetPLL3ClockFreq             0x08001bc4   Section        0  stm32h7xx_hal_rcc_ex.o(i.HAL_RCCEx_GetPLL3ClockFreq)
    i.HAL_RCCEx_PeriphCLKConfig              0x08001df4   Section        0  stm32h7xx_hal_rcc_ex.o(i.HAL_RCCEx_PeriphCLKConfig)
    i.HAL_RCC_ClockConfig                    0x08002abc   Section        0  stm32h7xx_hal_rcc.o(i.HAL_RCC_ClockConfig)
    i.HAL_RCC_GetHCLKFreq                    0x08002ddc   Section        0  stm32h7xx_hal_rcc.o(i.HAL_RCC_GetHCLKFreq)
    i.HAL_RCC_GetPCLK1Freq                   0x08002e28   Section        0  stm32h7xx_hal_rcc.o(i.HAL_RCC_GetPCLK1Freq)
    i.HAL_RCC_GetPCLK2Freq                   0x08002e4c   Section        0  stm32h7xx_hal_rcc.o(i.HAL_RCC_GetPCLK2Freq)
    i.HAL_RCC_GetSysClockFreq                0x08002e70   Section        0  stm32h7xx_hal_rcc.o(i.HAL_RCC_GetSysClockFreq)
    i.HAL_RCC_OscConfig                      0x0800309c   Section        0  stm32h7xx_hal_rcc.o(i.HAL_RCC_OscConfig)
    i.HAL_SYSTICK_Config                     0x080037f8   Section        0  stm32h7xx_hal_cortex.o(i.HAL_SYSTICK_Config)
    i.HAL_UARTEx_DisableFifoMode             0x0800382c   Section        0  stm32h7xx_hal_uart_ex.o(i.HAL_UARTEx_DisableFifoMode)
    i.HAL_UARTEx_SetRxFifoThreshold          0x0800387a   Section        0  stm32h7xx_hal_uart_ex.o(i.HAL_UARTEx_SetRxFifoThreshold)
    i.HAL_UARTEx_SetTxFifoThreshold          0x080038d8   Section        0  stm32h7xx_hal_uart_ex.o(i.HAL_UARTEx_SetTxFifoThreshold)
    i.HAL_UART_Init                          0x08003936   Section        0  stm32h7xx_hal_uart.o(i.HAL_UART_Init)
    i.HAL_UART_MspInit                       0x080039b0   Section        0  usart.o(i.HAL_UART_MspInit)
    i.HAL_UART_Transmit                      0x08003a58   Section        0  stm32h7xx_hal_uart.o(i.HAL_UART_Transmit)
    i.HardFault_Handler                      0x08003b1a   Section        0  stm32h7xx_it.o(i.HardFault_Handler)
    i.LED_Init                               0x08003b20   Section        0  led.o(i.LED_Init)
    i.MX_OCTOSPI1_Init                       0x08003b74   Section        0  ospi_w25q64.o(i.MX_OCTOSPI1_Init)
    i.MemManage_Handler                      0x08003c0c   Section        0  stm32h7xx_it.o(i.MemManage_Handler)
    i.NMI_Handler                            0x08003c10   Section        0  stm32h7xx_it.o(i.NMI_Handler)
    i.OSPIM_GetConfig                        0x08003c14   Section        0  stm32h7xx_hal_ospi.o(i.OSPIM_GetConfig)
    OSPIM_GetConfig                          0x08003c15   Thumb Code   224  stm32h7xx_hal_ospi.o(i.OSPIM_GetConfig)
    i.OSPI_ConfigCmd                         0x08003cfc   Section        0  stm32h7xx_hal_ospi.o(i.OSPI_ConfigCmd)
    OSPI_ConfigCmd                           0x08003cfd   Thumb Code   662  stm32h7xx_hal_ospi.o(i.OSPI_ConfigCmd)
    i.OSPI_W25Qxx_AutoPollingMemReady        0x08003f9c   Section        0  ospi_w25q64.o(i.OSPI_W25Qxx_AutoPollingMemReady)
    i.OSPI_W25Qxx_Init                       0x08004020   Section        0  ospi_w25q64.o(i.OSPI_W25Qxx_Init)
    i.OSPI_W25Qxx_ReadBuffer                 0x08004084   Section        0  ospi_w25q64.o(i.OSPI_W25Qxx_ReadBuffer)
    i.OSPI_W25Qxx_ReadID                     0x0800410c   Section        0  ospi_w25q64.o(i.OSPI_W25Qxx_ReadID)
    i.OSPI_W25Qxx_SectorErase                0x08004180   Section        0  ospi_w25q64.o(i.OSPI_W25Qxx_SectorErase)
    i.OSPI_W25Qxx_WriteBuffer                0x080041ec   Section        0  ospi_w25q64.o(i.OSPI_W25Qxx_WriteBuffer)
    i.OSPI_W25Qxx_WriteEnable                0x08004240   Section        0  ospi_w25q64.o(i.OSPI_W25Qxx_WriteEnable)
    i.OSPI_W25Qxx_WritePage                  0x080042f8   Section        0  ospi_w25q64.o(i.OSPI_W25Qxx_WritePage)
    i.OSPI_WaitFlagStateUntilTimeout         0x08004388   Section        0  stm32h7xx_hal_ospi.o(i.OSPI_WaitFlagStateUntilTimeout)
    OSPI_WaitFlagStateUntilTimeout           0x08004389   Thumb Code    76  stm32h7xx_hal_ospi.o(i.OSPI_WaitFlagStateUntilTimeout)
    i.PendSV_Handler                         0x080043d4   Section        0  stm32h7xx_it.o(i.PendSV_Handler)
    i.RCCEx_PLL2_Config                      0x080043d8   Section        0  stm32h7xx_hal_rcc_ex.o(i.RCCEx_PLL2_Config)
    RCCEx_PLL2_Config                        0x080043d9   Thumb Code   350  stm32h7xx_hal_rcc_ex.o(i.RCCEx_PLL2_Config)
    i.RCCEx_PLL3_Config                      0x0800453c   Section        0  stm32h7xx_hal_rcc_ex.o(i.RCCEx_PLL3_Config)
    RCCEx_PLL3_Config                        0x0800453d   Thumb Code   350  stm32h7xx_hal_rcc_ex.o(i.RCCEx_PLL3_Config)
    i.SVC_Handler                            0x080046a0   Section        0  stm32h7xx_it.o(i.SVC_Handler)
    i.SysTick_Handler                        0x080046a2   Section        0  stm32h7xx_it.o(i.SysTick_Handler)
    i.SystemClock_Config                     0x080046ac   Section        0  main.o(i.SystemClock_Config)
    i.SystemInit                             0x08004784   Section        0  system_stm32h7xx.o(i.SystemInit)
    i.UARTEx_SetNbDataToProcess              0x08004864   Section        0  stm32h7xx_hal_uart_ex.o(i.UARTEx_SetNbDataToProcess)
    UARTEx_SetNbDataToProcess                0x08004865   Thumb Code    78  stm32h7xx_hal_uart_ex.o(i.UARTEx_SetNbDataToProcess)
    i.UART_AdvFeatureConfig                  0x080048bc   Section        0  stm32h7xx_hal_uart.o(i.UART_AdvFeatureConfig)
    i.UART_CheckIdleState                    0x080049b4   Section        0  stm32h7xx_hal_uart.o(i.UART_CheckIdleState)
    i.UART_EndRxTransfer                     0x08004aa0   Section        0  stm32h7xx_hal_uart.o(i.UART_EndRxTransfer)
    UART_EndRxTransfer                       0x08004aa1   Thumb Code   104  stm32h7xx_hal_uart.o(i.UART_EndRxTransfer)
    i.UART_SetConfig                         0x08004b0c   Section        0  stm32h7xx_hal_uart.o(i.UART_SetConfig)
    i.UART_WaitOnFlagUntilTimeout            0x08005134   Section        0  stm32h7xx_hal_uart.o(i.UART_WaitOnFlagUntilTimeout)
    i.USART1_Init                            0x080051d8   Section        0  usart.o(i.USART1_Init)
    i.UsageFault_Handler                     0x0800522c   Section        0  stm32h7xx_it.o(i.UsageFault_Handler)
    i.__0printf$5                            0x08005230   Section        0  printf5.o(i.__0printf$5)
    i.__NVIC_GetPriorityGrouping             0x08005250   Section        0  stm32h7xx_hal_cortex.o(i.__NVIC_GetPriorityGrouping)
    __NVIC_GetPriorityGrouping               0x08005251   Thumb Code    10  stm32h7xx_hal_cortex.o(i.__NVIC_GetPriorityGrouping)
    i.__NVIC_SetPriority                     0x08005260   Section        0  stm32h7xx_hal_cortex.o(i.__NVIC_SetPriority)
    __NVIC_SetPriority                       0x08005261   Thumb Code    32  stm32h7xx_hal_cortex.o(i.__NVIC_SetPriority)
    i.__scatterload_copy                     0x08005288   Section       14  handlers.o(i.__scatterload_copy)
    i.__scatterload_null                     0x08005296   Section        2  handlers.o(i.__scatterload_null)
    i.__scatterload_zeroinit                 0x08005298   Section       14  handlers.o(i.__scatterload_zeroinit)
    i._printf_core                           0x080052a8   Section        0  printf5.o(i._printf_core)
    _printf_core                             0x080052a9   Thumb Code   658  printf5.o(i._printf_core)
    i.check_fs                               0x08005568   Section        0  ff.o(i.check_fs)
    check_fs                                 0x08005569   Thumb Code   112  ff.o(i.check_fs)
    i.chk_chr                                0x080055e4   Section        0  ff.o(i.chk_chr)
    chk_chr                                  0x080055e5   Thumb Code    20  ff.o(i.chk_chr)
    i.clst2sect                              0x080055f8   Section        0  ff.o(i.clst2sect)
    clst2sect                                0x080055f9   Thumb Code    26  ff.o(i.clst2sect)
    i.cmp_lfn                                0x08005614   Section        0  ff.o(i.cmp_lfn)
    cmp_lfn                                  0x08005615   Thumb Code   148  ff.o(i.cmp_lfn)
    i.create_chain                           0x080056ac   Section        0  ff.o(i.create_chain)
    create_chain                             0x080056ad   Thumb Code   288  ff.o(i.create_chain)
    i.create_name                            0x080057cc   Section        0  ff.o(i.create_name)
    create_name                              0x080057cd   Thumb Code   614  ff.o(i.create_name)
    i.dbc_1st                                0x08005a4c   Section        0  ff.o(i.dbc_1st)
    dbc_1st                                  0x08005a4d   Thumb Code    12  ff.o(i.dbc_1st)
    i.dbc_2nd                                0x08005a58   Section        0  ff.o(i.dbc_2nd)
    dbc_2nd                                  0x08005a59   Thumb Code    12  ff.o(i.dbc_2nd)
    i.dir_alloc                              0x08005a64   Section        0  ff.o(i.dir_alloc)
    dir_alloc                                0x08005a65   Thumb Code    96  ff.o(i.dir_alloc)
    i.dir_clear                              0x08005ac4   Section        0  ff.o(i.dir_clear)
    dir_clear                                0x08005ac5   Thumb Code    94  ff.o(i.dir_clear)
    i.dir_find                               0x08005b22   Section        0  ff.o(i.dir_find)
    dir_find                                 0x08005b23   Thumb Code   252  ff.o(i.dir_find)
    i.dir_next                               0x08005c1e   Section        0  ff.o(i.dir_next)
    dir_next                                 0x08005c1f   Thumb Code   214  ff.o(i.dir_next)
    i.dir_register                           0x08005cf4   Section        0  ff.o(i.dir_register)
    dir_register                             0x08005cf5   Thumb Code   322  ff.o(i.dir_register)
    i.dir_sdi                                0x08005e36   Section        0  ff.o(i.dir_sdi)
    dir_sdi                                  0x08005e37   Thumb Code   166  ff.o(i.dir_sdi)
    i.disk_initialize                        0x08005edc   Section        0  diskio.o(i.disk_initialize)
    i.disk_ioctl                             0x08005efe   Section        0  diskio.o(i.disk_ioctl)
    i.disk_read                              0x08005f3c   Section        0  diskio.o(i.disk_read)
    i.disk_status                            0x08005f68   Section        0  diskio.o(i.disk_status)
    i.disk_write                             0x08005f98   Section        0  diskio.o(i.disk_write)
    i.f_close                                0x08005fce   Section        0  ff.o(i.f_close)
    i.f_getfree                              0x08005ff0   Section        0  ff.o(i.f_getfree)
    i.f_mkfs                                 0x080060f0   Section        0  ff.o(i.f_mkfs)
    i.f_mount                                0x080067cc   Section        0  ff.o(i.f_mount)
    i.f_open                                 0x08006820   Section        0  ff.o(i.f_open)
    i.f_read                                 0x08006a20   Section        0  ff.o(i.f_read)
    i.f_sync                                 0x08006bee   Section        0  ff.o(i.f_sync)
    i.f_write                                0x08006c8e   Section        0  ff.o(i.f_write)
    i.ff_oem2uni                             0x08006ea4   Section        0  ffunicode.o(i.ff_oem2uni)
    i.ff_uni2oem                             0x08006ed0   Section        0  ffunicode.o(i.ff_uni2oem)
    i.ff_wtoupper                            0x08006f08   Section        0  ffunicode.o(i.ff_wtoupper)
    i.find_volume                            0x08006fac   Section        0  ff.o(i.find_volume)
    find_volume                              0x08006fad   Thumb Code   836  ff.o(i.find_volume)
    i.follow_path                            0x08007304   Section        0  ff.o(i.follow_path)
    follow_path                              0x08007305   Thumb Code   168  ff.o(i.follow_path)
    i.fputc                                  0x080073ac   Section        0  usart.o(i.fputc)
    i.gen_numname                            0x080073c4   Section        0  ff.o(i.gen_numname)
    gen_numname                              0x080073c5   Thumb Code   198  ff.o(i.gen_numname)
    i.get_fat                                0x08007490   Section        0  ff.o(i.get_fat)
    get_fat                                  0x08007491   Thumb Code   306  ff.o(i.get_fat)
    i.get_fattime                            0x080075c2   Section        0  diskio.o(i.get_fattime)
    i.get_ldnumber                           0x080075c6   Section        0  ff.o(i.get_ldnumber)
    get_ldnumber                             0x080075c7   Thumb Code    78  ff.o(i.get_ldnumber)
    i.ld_clust                               0x08007614   Section        0  ff.o(i.ld_clust)
    ld_clust                                 0x08007615   Thumb Code    38  ff.o(i.ld_clust)
    i.ld_dword                               0x0800763a   Section        0  ff.o(i.ld_dword)
    ld_dword                                 0x0800763b   Thumb Code    24  ff.o(i.ld_dword)
    i.ld_word                                0x08007652   Section        0  ff.o(i.ld_word)
    ld_word                                  0x08007653   Thumb Code    12  ff.o(i.ld_word)
    i.main                                   0x08007660   Section        0  main.o(i.main)
    i.mem_cmp                                0x080077bc   Section        0  ff.o(i.mem_cmp)
    mem_cmp                                  0x080077bd   Thumb Code    36  ff.o(i.mem_cmp)
    i.mem_cpy                                0x080077e0   Section        0  ff.o(i.mem_cpy)
    mem_cpy                                  0x080077e1   Thumb Code    26  ff.o(i.mem_cpy)
    i.mem_set                                0x080077fa   Section        0  ff.o(i.mem_set)
    mem_set                                  0x080077fb   Thumb Code    18  ff.o(i.mem_set)
    i.move_window                            0x0800780c   Section        0  ff.o(i.move_window)
    move_window                              0x0800780d   Thumb Code    52  ff.o(i.move_window)
    i.put_fat                                0x08007840   Section        0  ff.o(i.put_fat)
    put_fat                                  0x08007841   Thumb Code   400  ff.o(i.put_fat)
    i.put_lfn                                0x080079d0   Section        0  ff.o(i.put_lfn)
    put_lfn                                  0x080079d1   Thumb Code   124  ff.o(i.put_lfn)
    i.remove_chain                           0x08007a50   Section        0  ff.o(i.remove_chain)
    remove_chain                             0x08007a51   Thumb Code   154  ff.o(i.remove_chain)
    i.st_clust                               0x08007aea   Section        0  ff.o(i.st_clust)
    st_clust                                 0x08007aeb   Thumb Code    36  ff.o(i.st_clust)
    i.st_dword                               0x08007b0e   Section        0  ff.o(i.st_dword)
    st_dword                                 0x08007b0f   Thumb Code    24  ff.o(i.st_dword)
    i.st_word                                0x08007b26   Section        0  ff.o(i.st_word)
    st_word                                  0x08007b27   Thumb Code    12  ff.o(i.st_word)
    i.sum_sfn                                0x08007b32   Section        0  ff.o(i.sum_sfn)
    sum_sfn                                  0x08007b33   Thumb Code    32  ff.o(i.sum_sfn)
    i.sync_fs                                0x08007b54   Section        0  ff.o(i.sync_fs)
    sync_fs                                  0x08007b55   Thumb Code   134  ff.o(i.sync_fs)
    i.sync_window                            0x08007be4   Section        0  ff.o(i.sync_window)
    sync_window                              0x08007be5   Thumb Code    74  ff.o(i.sync_window)
    i.validate                               0x08007c2e   Section        0  ff.o(i.validate)
    validate                                 0x08007c2f   Thumb Code    60  ff.o(i.validate)
    .constdata                               0x08007c6a   Section       24  stm32h7xx_hal_uart.o(.constdata)
    .constdata                               0x08007c82   Section       16  stm32h7xx_hal_uart_ex.o(.constdata)
    numerator                                0x08007c82   Data           8  stm32h7xx_hal_uart_ex.o(.constdata)
    denominator                              0x08007c8a   Data           8  stm32h7xx_hal_uart_ex.o(.constdata)
    .constdata                               0x08007c92   Section       16  system_stm32h7xx.o(.constdata)
    .constdata                               0x08007ca2   Section      170  ff.o(.constdata)
    LfnOfs                                   0x08007ca2   Data          13  ff.o(.constdata)
    ExCvt                                    0x08007caf   Data         128  ff.o(.constdata)
    cst                                      0x08007d30   Data          14  ff.o(.constdata)
    cst32                                    0x08007d3e   Data          14  ff.o(.constdata)
    .constdata                               0x08007d4c   Section      942  ffunicode.o(.constdata)
    uc437                                    0x08007d4c   Data         256  ffunicode.o(.constdata)
    cvt1                                     0x08007e4c   Data         498  ffunicode.o(.constdata)
    cvt2                                     0x0800803e   Data         188  ffunicode.o(.constdata)
    .data                                    0x24000000   Section        1  main.o(.data)
    .data                                    0x24000004   Section        9  stm32h7xx_hal.o(.data)
    .data                                    0x24000010   Section        8  system_stm32h7xx.o(.data)
    .data                                    0x24000018   Section       10  ff.o(.data)
    FatFs                                    0x24000018   Data           8  ff.o(.data)
    Fsid                                     0x24000020   Data           2  ff.o(.data)
    .data                                    0x24000024   Section        4  stdout.o(.data)
    .bss                                     0x24000028   Section     5176  main.o(.bss)
    .bss                                     0x24001460   Section      148  usart.o(.bss)
    .bss                                     0x240014f4   Section       92  ospi_w25q64.o(.bss)
    STACK                                    0x24001550   Section    12288  startup_stm32h723xx.o(STACK)

    Global Symbols

    Symbol Name                              Value     Ov Type        Size  Object(Section)

    BuildAttributes$$THM_ISAv4$E$P$D$K$B$S$7EM$VFPv5_D16$PE$PLD8$A:L22UL41UL21$X:L11$S22US41US21$IEEE1$IW$USESV6$~STKCKD$USESV7$~SHL$OSPACE$ROPI$EBA8$MICROLIB$REQ8$PRES8$EABIv2 0x00000000   Number         0  anon$$obj.o ABSOLUTE
    __ARM_use_no_argv                        0x00000000   Number         0  main.o ABSOLUTE
    _printf_a                                0x00000000   Number         0  stubs.o ABSOLUTE
    _printf_c                                0x00000000   Number         0  stubs.o ABSOLUTE
    _printf_charcount                        0x00000000   Number         0  stubs.o ABSOLUTE
    _printf_d                                0x00000000   Number         0  stubs.o ABSOLUTE
    _printf_e                                0x00000000   Number         0  stubs.o ABSOLUTE
    _printf_f                                0x00000000   Number         0  stubs.o ABSOLUTE
    _printf_flags                            0x00000000   Number         0  stubs.o ABSOLUTE
    _printf_fp_dec                           0x00000000   Number         0  stubs.o ABSOLUTE
    _printf_fp_hex                           0x00000000   Number         0  stubs.o ABSOLUTE
    _printf_g                                0x00000000   Number         0  stubs.o ABSOLUTE
    _printf_i                                0x00000000   Number         0  stubs.o ABSOLUTE
    _printf_int_dec                          0x00000000   Number         0  stubs.o ABSOLUTE
    _printf_l                                0x00000000   Number         0  stubs.o ABSOLUTE
    _printf_lc                               0x00000000   Number         0  stubs.o ABSOLUTE
    _printf_ll                               0x00000000   Number         0  stubs.o ABSOLUTE
    _printf_lld                              0x00000000   Number         0  stubs.o ABSOLUTE
    _printf_lli                              0x00000000   Number         0  stubs.o ABSOLUTE
    _printf_llo                              0x00000000   Number         0  stubs.o ABSOLUTE
    _printf_llu                              0x00000000   Number         0  stubs.o ABSOLUTE
    _printf_llx                              0x00000000   Number         0  stubs.o ABSOLUTE
    _printf_longlong_dec                     0x00000000   Number         0  stubs.o ABSOLUTE
    _printf_longlong_hex                     0x00000000   Number         0  stubs.o ABSOLUTE
    _printf_longlong_oct                     0x00000000   Number         0  stubs.o ABSOLUTE
    _printf_ls                               0x00000000   Number         0  stubs.o ABSOLUTE
    _printf_mbtowc                           0x00000000   Number         0  stubs.o ABSOLUTE
    _printf_n                                0x00000000   Number         0  stubs.o ABSOLUTE
    _printf_o                                0x00000000   Number         0  stubs.o ABSOLUTE
    _printf_p                                0x00000000   Number         0  stubs.o ABSOLUTE
    _printf_percent                          0x00000000   Number         0  stubs.o ABSOLUTE
    _printf_pre_padding                      0x00000000   Number         0  stubs.o ABSOLUTE
    _printf_return_value                     0x00000000   Number         0  stubs.o ABSOLUTE
    _printf_s                                0x00000000   Number         0  stubs.o ABSOLUTE
    _printf_sizespec                         0x00000000   Number         0  stubs.o ABSOLUTE
    _printf_str                              0x00000000   Number         0  stubs.o ABSOLUTE
    _printf_truncate_signed                  0x00000000   Number         0  stubs.o ABSOLUTE
    _printf_truncate_unsigned                0x00000000   Number         0  stubs.o ABSOLUTE
    _printf_u                                0x00000000   Number         0  stubs.o ABSOLUTE
    _printf_wc                               0x00000000   Number         0  stubs.o ABSOLUTE
    _printf_wctomb                           0x00000000   Number         0  stubs.o ABSOLUTE
    _printf_widthprec                        0x00000000   Number         0  stubs.o ABSOLUTE
    _printf_x                                0x00000000   Number         0  stubs.o ABSOLUTE
    __cpp_initialize__aeabi_                  - Undefined Weak Reference
    __cxa_finalize                            - Undefined Weak Reference
    __decompress                              - Undefined Weak Reference
    _clock_init                               - Undefined Weak Reference
    _microlib_exit                            - Undefined Weak Reference
    __Vectors_Size                           0x000002cc   Number         0  startup_stm32h723xx.o ABSOLUTE
    __Vectors                                0x08000000   Data           4  startup_stm32h723xx.o(RESET)
    __Vectors_End                            0x080002cc   Data           0  startup_stm32h723xx.o(RESET)
    __main                                   0x080002cd   Thumb Code     0  entry.o(.ARM.Collect$$$$00000000)
    _main_stk                                0x080002cd   Thumb Code     0  entry2.o(.ARM.Collect$$$$00000001)
    _main_scatterload                        0x080002d1   Thumb Code     0  entry5.o(.ARM.Collect$$$$00000004)
    __main_after_scatterload                 0x080002d5   Thumb Code     0  entry5.o(.ARM.Collect$$$$00000004)
    _main_clock                              0x080002d5   Thumb Code     0  entry7b.o(.ARM.Collect$$$$00000008)
    _main_cpp_init                           0x080002d5   Thumb Code     0  entry8b.o(.ARM.Collect$$$$0000000A)
    _main_init                               0x080002d5   Thumb Code     0  entry9a.o(.ARM.Collect$$$$0000000B)
    __rt_final_cpp                           0x080002dd   Thumb Code     0  entry10a.o(.ARM.Collect$$$$0000000D)
    __rt_final_exit                          0x080002dd   Thumb Code     0  entry11a.o(.ARM.Collect$$$$0000000F)
    Reset_Handler                            0x080002e1   Thumb Code     8  startup_stm32h723xx.o(.text)
    ADC3_IRQHandler                          0x080002fb   Thumb Code     0  startup_stm32h723xx.o(.text)
    ADC_IRQHandler                           0x080002fb   Thumb Code     0  startup_stm32h723xx.o(.text)
    BDMA_Channel0_IRQHandler                 0x080002fb   Thumb Code     0  startup_stm32h723xx.o(.text)
    BDMA_Channel1_IRQHandler                 0x080002fb   Thumb Code     0  startup_stm32h723xx.o(.text)
    BDMA_Channel2_IRQHandler                 0x080002fb   Thumb Code     0  startup_stm32h723xx.o(.text)
    BDMA_Channel3_IRQHandler                 0x080002fb   Thumb Code     0  startup_stm32h723xx.o(.text)
    BDMA_Channel4_IRQHandler                 0x080002fb   Thumb Code     0  startup_stm32h723xx.o(.text)
    BDMA_Channel5_IRQHandler                 0x080002fb   Thumb Code     0  startup_stm32h723xx.o(.text)
    BDMA_Channel6_IRQHandler                 0x080002fb   Thumb Code     0  startup_stm32h723xx.o(.text)
    BDMA_Channel7_IRQHandler                 0x080002fb   Thumb Code     0  startup_stm32h723xx.o(.text)
    CEC_IRQHandler                           0x080002fb   Thumb Code     0  startup_stm32h723xx.o(.text)
    COMP1_IRQHandler                         0x080002fb   Thumb Code     0  startup_stm32h723xx.o(.text)
    CORDIC_IRQHandler                        0x080002fb   Thumb Code     0  startup_stm32h723xx.o(.text)
    CRS_IRQHandler                           0x080002fb   Thumb Code     0  startup_stm32h723xx.o(.text)
    DCMI_PSSI_IRQHandler                     0x080002fb   Thumb Code     0  startup_stm32h723xx.o(.text)
    DFSDM1_FLT0_IRQHandler                   0x080002fb   Thumb Code     0  startup_stm32h723xx.o(.text)
    DFSDM1_FLT1_IRQHandler                   0x080002fb   Thumb Code     0  startup_stm32h723xx.o(.text)
    DFSDM1_FLT2_IRQHandler                   0x080002fb   Thumb Code     0  startup_stm32h723xx.o(.text)
    DFSDM1_FLT3_IRQHandler                   0x080002fb   Thumb Code     0  startup_stm32h723xx.o(.text)
    DMA1_Stream0_IRQHandler                  0x080002fb   Thumb Code     0  startup_stm32h723xx.o(.text)
    DMA1_Stream1_IRQHandler                  0x080002fb   Thumb Code     0  startup_stm32h723xx.o(.text)
    DMA1_Stream2_IRQHandler                  0x080002fb   Thumb Code     0  startup_stm32h723xx.o(.text)
    DMA1_Stream3_IRQHandler                  0x080002fb   Thumb Code     0  startup_stm32h723xx.o(.text)
    DMA1_Stream4_IRQHandler                  0x080002fb   Thumb Code     0  startup_stm32h723xx.o(.text)
    DMA1_Stream5_IRQHandler                  0x080002fb   Thumb Code     0  startup_stm32h723xx.o(.text)
    DMA1_Stream6_IRQHandler                  0x080002fb   Thumb Code     0  startup_stm32h723xx.o(.text)
    DMA1_Stream7_IRQHandler                  0x080002fb   Thumb Code     0  startup_stm32h723xx.o(.text)
    DMA2D_IRQHandler                         0x080002fb   Thumb Code     0  startup_stm32h723xx.o(.text)
    DMA2_Stream0_IRQHandler                  0x080002fb   Thumb Code     0  startup_stm32h723xx.o(.text)
    DMA2_Stream1_IRQHandler                  0x080002fb   Thumb Code     0  startup_stm32h723xx.o(.text)
    DMA2_Stream2_IRQHandler                  0x080002fb   Thumb Code     0  startup_stm32h723xx.o(.text)
    DMA2_Stream3_IRQHandler                  0x080002fb   Thumb Code     0  startup_stm32h723xx.o(.text)
    DMA2_Stream4_IRQHandler                  0x080002fb   Thumb Code     0  startup_stm32h723xx.o(.text)
    DMA2_Stream5_IRQHandler                  0x080002fb   Thumb Code     0  startup_stm32h723xx.o(.text)
    DMA2_Stream6_IRQHandler                  0x080002fb   Thumb Code     0  startup_stm32h723xx.o(.text)
    DMA2_Stream7_IRQHandler                  0x080002fb   Thumb Code     0  startup_stm32h723xx.o(.text)
    DMAMUX1_OVR_IRQHandler                   0x080002fb   Thumb Code     0  startup_stm32h723xx.o(.text)
    DMAMUX2_OVR_IRQHandler                   0x080002fb   Thumb Code     0  startup_stm32h723xx.o(.text)
    DTS_IRQHandler                           0x080002fb   Thumb Code     0  startup_stm32h723xx.o(.text)
    ECC_IRQHandler                           0x080002fb   Thumb Code     0  startup_stm32h723xx.o(.text)
    ETH_IRQHandler                           0x080002fb   Thumb Code     0  startup_stm32h723xx.o(.text)
    ETH_WKUP_IRQHandler                      0x080002fb   Thumb Code     0  startup_stm32h723xx.o(.text)
    EXTI0_IRQHandler                         0x080002fb   Thumb Code     0  startup_stm32h723xx.o(.text)
    EXTI15_10_IRQHandler                     0x080002fb   Thumb Code     0  startup_stm32h723xx.o(.text)
    EXTI1_IRQHandler                         0x080002fb   Thumb Code     0  startup_stm32h723xx.o(.text)
    EXTI2_IRQHandler                         0x080002fb   Thumb Code     0  startup_stm32h723xx.o(.text)
    EXTI3_IRQHandler                         0x080002fb   Thumb Code     0  startup_stm32h723xx.o(.text)
    EXTI4_IRQHandler                         0x080002fb   Thumb Code     0  startup_stm32h723xx.o(.text)
    EXTI9_5_IRQHandler                       0x080002fb   Thumb Code     0  startup_stm32h723xx.o(.text)
    FDCAN1_IT0_IRQHandler                    0x080002fb   Thumb Code     0  startup_stm32h723xx.o(.text)
    FDCAN1_IT1_IRQHandler                    0x080002fb   Thumb Code     0  startup_stm32h723xx.o(.text)
    FDCAN2_IT0_IRQHandler                    0x080002fb   Thumb Code     0  startup_stm32h723xx.o(.text)
    FDCAN2_IT1_IRQHandler                    0x080002fb   Thumb Code     0  startup_stm32h723xx.o(.text)
    FDCAN3_IT0_IRQHandler                    0x080002fb   Thumb Code     0  startup_stm32h723xx.o(.text)
    FDCAN3_IT1_IRQHandler                    0x080002fb   Thumb Code     0  startup_stm32h723xx.o(.text)
    FDCAN_CAL_IRQHandler                     0x080002fb   Thumb Code     0  startup_stm32h723xx.o(.text)
    FLASH_IRQHandler                         0x080002fb   Thumb Code     0  startup_stm32h723xx.o(.text)
    FMAC_IRQHandler                          0x080002fb   Thumb Code     0  startup_stm32h723xx.o(.text)
    FMC_IRQHandler                           0x080002fb   Thumb Code     0  startup_stm32h723xx.o(.text)
    FPU_IRQHandler                           0x080002fb   Thumb Code     0  startup_stm32h723xx.o(.text)
    HSEM1_IRQHandler                         0x080002fb   Thumb Code     0  startup_stm32h723xx.o(.text)
    I2C1_ER_IRQHandler                       0x080002fb   Thumb Code     0  startup_stm32h723xx.o(.text)
    I2C1_EV_IRQHandler                       0x080002fb   Thumb Code     0  startup_stm32h723xx.o(.text)
    I2C2_ER_IRQHandler                       0x080002fb   Thumb Code     0  startup_stm32h723xx.o(.text)
    I2C2_EV_IRQHandler                       0x080002fb   Thumb Code     0  startup_stm32h723xx.o(.text)
    I2C3_ER_IRQHandler                       0x080002fb   Thumb Code     0  startup_stm32h723xx.o(.text)
    I2C3_EV_IRQHandler                       0x080002fb   Thumb Code     0  startup_stm32h723xx.o(.text)
    I2C4_ER_IRQHandler                       0x080002fb   Thumb Code     0  startup_stm32h723xx.o(.text)
    I2C4_EV_IRQHandler                       0x080002fb   Thumb Code     0  startup_stm32h723xx.o(.text)
    I2C5_ER_IRQHandler                       0x080002fb   Thumb Code     0  startup_stm32h723xx.o(.text)
    I2C5_EV_IRQHandler                       0x080002fb   Thumb Code     0  startup_stm32h723xx.o(.text)
    LPTIM1_IRQHandler                        0x080002fb   Thumb Code     0  startup_stm32h723xx.o(.text)
    LPTIM2_IRQHandler                        0x080002fb   Thumb Code     0  startup_stm32h723xx.o(.text)
    LPTIM3_IRQHandler                        0x080002fb   Thumb Code     0  startup_stm32h723xx.o(.text)
    LPTIM4_IRQHandler                        0x080002fb   Thumb Code     0  startup_stm32h723xx.o(.text)
    LPTIM5_IRQHandler                        0x080002fb   Thumb Code     0  startup_stm32h723xx.o(.text)
    LPUART1_IRQHandler                       0x080002fb   Thumb Code     0  startup_stm32h723xx.o(.text)
    LTDC_ER_IRQHandler                       0x080002fb   Thumb Code     0  startup_stm32h723xx.o(.text)
    LTDC_IRQHandler                          0x080002fb   Thumb Code     0  startup_stm32h723xx.o(.text)
    MDIOS_IRQHandler                         0x080002fb   Thumb Code     0  startup_stm32h723xx.o(.text)
    MDIOS_WKUP_IRQHandler                    0x080002fb   Thumb Code     0  startup_stm32h723xx.o(.text)
    MDMA_IRQHandler                          0x080002fb   Thumb Code     0  startup_stm32h723xx.o(.text)
    OCTOSPI1_IRQHandler                      0x080002fb   Thumb Code     0  startup_stm32h723xx.o(.text)
    OCTOSPI2_IRQHandler                      0x080002fb   Thumb Code     0  startup_stm32h723xx.o(.text)
    OTG_HS_EP1_IN_IRQHandler                 0x080002fb   Thumb Code     0  startup_stm32h723xx.o(.text)
    OTG_HS_EP1_OUT_IRQHandler                0x080002fb   Thumb Code     0  startup_stm32h723xx.o(.text)
    OTG_HS_IRQHandler                        0x080002fb   Thumb Code     0  startup_stm32h723xx.o(.text)
    OTG_HS_WKUP_IRQHandler                   0x080002fb   Thumb Code     0  startup_stm32h723xx.o(.text)
    PVD_AVD_IRQHandler                       0x080002fb   Thumb Code     0  startup_stm32h723xx.o(.text)
    RCC_IRQHandler                           0x080002fb   Thumb Code     0  startup_stm32h723xx.o(.text)
    RNG_IRQHandler                           0x080002fb   Thumb Code     0  startup_stm32h723xx.o(.text)
    RTC_Alarm_IRQHandler                     0x080002fb   Thumb Code     0  startup_stm32h723xx.o(.text)
    RTC_WKUP_IRQHandler                      0x080002fb   Thumb Code     0  startup_stm32h723xx.o(.text)
    SAI1_IRQHandler                          0x080002fb   Thumb Code     0  startup_stm32h723xx.o(.text)
    SAI4_IRQHandler                          0x080002fb   Thumb Code     0  startup_stm32h723xx.o(.text)
    SDMMC1_IRQHandler                        0x080002fb   Thumb Code     0  startup_stm32h723xx.o(.text)
    SDMMC2_IRQHandler                        0x080002fb   Thumb Code     0  startup_stm32h723xx.o(.text)
    SPDIF_RX_IRQHandler                      0x080002fb   Thumb Code     0  startup_stm32h723xx.o(.text)
    SPI1_IRQHandler                          0x080002fb   Thumb Code     0  startup_stm32h723xx.o(.text)
    SPI2_IRQHandler                          0x080002fb   Thumb Code     0  startup_stm32h723xx.o(.text)
    SPI3_IRQHandler                          0x080002fb   Thumb Code     0  startup_stm32h723xx.o(.text)
    SPI4_IRQHandler                          0x080002fb   Thumb Code     0  startup_stm32h723xx.o(.text)
    SPI5_IRQHandler                          0x080002fb   Thumb Code     0  startup_stm32h723xx.o(.text)
    SPI6_IRQHandler                          0x080002fb   Thumb Code     0  startup_stm32h723xx.o(.text)
    SWPMI1_IRQHandler                        0x080002fb   Thumb Code     0  startup_stm32h723xx.o(.text)
    TAMP_STAMP_IRQHandler                    0x080002fb   Thumb Code     0  startup_stm32h723xx.o(.text)
    TIM15_IRQHandler                         0x080002fb   Thumb Code     0  startup_stm32h723xx.o(.text)
    TIM16_IRQHandler                         0x080002fb   Thumb Code     0  startup_stm32h723xx.o(.text)
    TIM17_IRQHandler                         0x080002fb   Thumb Code     0  startup_stm32h723xx.o(.text)
    TIM1_BRK_IRQHandler                      0x080002fb   Thumb Code     0  startup_stm32h723xx.o(.text)
    TIM1_CC_IRQHandler                       0x080002fb   Thumb Code     0  startup_stm32h723xx.o(.text)
    TIM1_TRG_COM_IRQHandler                  0x080002fb   Thumb Code     0  startup_stm32h723xx.o(.text)
    TIM1_UP_IRQHandler                       0x080002fb   Thumb Code     0  startup_stm32h723xx.o(.text)
    TIM23_IRQHandler                         0x080002fb   Thumb Code     0  startup_stm32h723xx.o(.text)
    TIM24_IRQHandler                         0x080002fb   Thumb Code     0  startup_stm32h723xx.o(.text)
    TIM2_IRQHandler                          0x080002fb   Thumb Code     0  startup_stm32h723xx.o(.text)
    TIM3_IRQHandler                          0x080002fb   Thumb Code     0  startup_stm32h723xx.o(.text)
    TIM4_IRQHandler                          0x080002fb   Thumb Code     0  startup_stm32h723xx.o(.text)
    TIM5_IRQHandler                          0x080002fb   Thumb Code     0  startup_stm32h723xx.o(.text)
    TIM6_DAC_IRQHandler                      0x080002fb   Thumb Code     0  startup_stm32h723xx.o(.text)
    TIM7_IRQHandler                          0x080002fb   Thumb Code     0  startup_stm32h723xx.o(.text)
    TIM8_BRK_TIM12_IRQHandler                0x080002fb   Thumb Code     0  startup_stm32h723xx.o(.text)
    TIM8_CC_IRQHandler                       0x080002fb   Thumb Code     0  startup_stm32h723xx.o(.text)
    TIM8_TRG_COM_TIM14_IRQHandler            0x080002fb   Thumb Code     0  startup_stm32h723xx.o(.text)
    TIM8_UP_TIM13_IRQHandler                 0x080002fb   Thumb Code     0  startup_stm32h723xx.o(.text)
    UART4_IRQHandler                         0x080002fb   Thumb Code     0  startup_stm32h723xx.o(.text)
    UART5_IRQHandler                         0x080002fb   Thumb Code     0  startup_stm32h723xx.o(.text)
    UART7_IRQHandler                         0x080002fb   Thumb Code     0  startup_stm32h723xx.o(.text)
    UART8_IRQHandler                         0x080002fb   Thumb Code     0  startup_stm32h723xx.o(.text)
    UART9_IRQHandler                         0x080002fb   Thumb Code     0  startup_stm32h723xx.o(.text)
    USART10_IRQHandler                       0x080002fb   Thumb Code     0  startup_stm32h723xx.o(.text)
    USART1_IRQHandler                        0x080002fb   Thumb Code     0  startup_stm32h723xx.o(.text)
    USART2_IRQHandler                        0x080002fb   Thumb Code     0  startup_stm32h723xx.o(.text)
    USART3_IRQHandler                        0x080002fb   Thumb Code     0  startup_stm32h723xx.o(.text)
    USART6_IRQHandler                        0x080002fb   Thumb Code     0  startup_stm32h723xx.o(.text)
    WAKEUP_PIN_IRQHandler                    0x080002fb   Thumb Code     0  startup_stm32h723xx.o(.text)
    WWDG_IRQHandler                          0x080002fb   Thumb Code     0  startup_stm32h723xx.o(.text)
    __aeabi_uldivmod                         0x08000305   Thumb Code    98  uldiv.o(.text)
    __aeabi_memcpy                           0x08000367   Thumb Code    36  memcpya.o(.text)
    __aeabi_memcpy4                          0x08000367   Thumb Code     0  memcpya.o(.text)
    __aeabi_memcpy8                          0x08000367   Thumb Code     0  memcpya.o(.text)
    __aeabi_memset                           0x0800038b   Thumb Code    14  memseta.o(.text)
    __aeabi_memset4                          0x0800038b   Thumb Code     0  memseta.o(.text)
    __aeabi_memset8                          0x0800038b   Thumb Code     0  memseta.o(.text)
    __aeabi_memclr                           0x08000399   Thumb Code     4  memseta.o(.text)
    __aeabi_memclr4                          0x08000399   Thumb Code     0  memseta.o(.text)
    __aeabi_memclr8                          0x08000399   Thumb Code     0  memseta.o(.text)
    _memset$wrapper                          0x0800039d   Thumb Code    18  memseta.o(.text)
    __aeabi_llsl                             0x080003af   Thumb Code    30  llshl.o(.text)
    _ll_shift_l                              0x080003af   Thumb Code     0  llshl.o(.text)
    __aeabi_llsr                             0x080003cd   Thumb Code    32  llushr.o(.text)
    _ll_ushift_r                             0x080003cd   Thumb Code     0  llushr.o(.text)
    __scatterload                            0x080003ed   Thumb Code    28  init.o(.text)
    __scatterload_rt2                        0x080003ed   Thumb Code     0  init.o(.text)
    BusFault_Handler                         0x08000411   Thumb Code     4  stm32h7xx_it.o(i.BusFault_Handler)
    DebugMon_Handler                         0x08000415   Thumb Code     2  stm32h7xx_it.o(i.DebugMon_Handler)
    Error_Handler                            0x08000417   Thumb Code     6  main.o(i.Error_Handler)
    FatFs_Check                              0x0800041d   Thumb Code    88  main.o(i.FatFs_Check)
    FatFs_FileTest                           0x08000509   Thumb Code   270  main.o(i.FatFs_FileTest)
    FatFs_GetVolume                          0x08000809   Thumb Code    76  main.o(i.FatFs_GetVolume)
    HAL_Delay                                0x080008c1   Thumb Code    36  stm32h7xx_hal.o(i.HAL_Delay)
    HAL_GPIO_Init                            0x080008e9   Thumb Code   446  stm32h7xx_hal_gpio.o(i.HAL_GPIO_Init)
    HAL_GPIO_TogglePin                       0x08000ad9   Thumb Code    20  stm32h7xx_hal_gpio.o(i.HAL_GPIO_TogglePin)
    HAL_GPIO_WritePin                        0x08000aed   Thumb Code    12  stm32h7xx_hal_gpio.o(i.HAL_GPIO_WritePin)
    HAL_GetTick                              0x08000af9   Thumb Code     6  stm32h7xx_hal.o(i.HAL_GetTick)
    HAL_IncTick                              0x08000b05   Thumb Code    16  stm32h7xx_hal.o(i.HAL_IncTick)
    HAL_Init                                 0x08000b1d   Thumb Code    80  stm32h7xx_hal.o(i.HAL_Init)
    HAL_InitTick                             0x08000b7d   Thumb Code    74  stm32h7xx_hal.o(i.HAL_InitTick)
    HAL_MspInit                              0x08000bd5   Thumb Code    32  stm32h7xx_hal_msp.o(i.HAL_MspInit)
    HAL_NVIC_SetPriority                     0x08000bf9   Thumb Code   122  stm32h7xx_hal_cortex.o(i.HAL_NVIC_SetPriority)
    HAL_NVIC_SetPriorityGrouping             0x08000c75   Thumb Code    32  stm32h7xx_hal_cortex.o(i.HAL_NVIC_SetPriorityGrouping)
    HAL_OSPIM_Config                         0x08000c9d   Thumb Code  1772  stm32h7xx_hal_ospi.o(i.HAL_OSPIM_Config)
    HAL_OSPI_AutoPolling                     0x08001395   Thumb Code   194  stm32h7xx_hal_ospi.o(i.HAL_OSPI_AutoPolling)
    HAL_OSPI_Command                         0x08001457   Thumb Code   234  stm32h7xx_hal_ospi.o(i.HAL_OSPI_Command)
    HAL_OSPI_DeInit                          0x08001541   Thumb Code    50  stm32h7xx_hal_ospi.o(i.HAL_OSPI_DeInit)
    HAL_OSPI_Init                            0x08001575   Thumb Code   268  stm32h7xx_hal_ospi.o(i.HAL_OSPI_Init)
    HAL_OSPI_MspDeInit                       0x08001685   Thumb Code     2  stm32h7xx_hal_ospi.o(i.HAL_OSPI_MspDeInit)
    HAL_OSPI_MspInit                         0x08001689   Thumb Code   252  ospi_w25q64.o(i.HAL_OSPI_MspInit)
    HAL_OSPI_Receive                         0x08001795   Thumb Code   214  stm32h7xx_hal_ospi.o(i.HAL_OSPI_Receive)
    HAL_OSPI_SetTimeout                      0x0800186b   Thumb Code     8  stm32h7xx_hal_ospi.o(i.HAL_OSPI_SetTimeout)
    HAL_OSPI_Transmit                        0x08001873   Thumb Code   156  stm32h7xx_hal_ospi.o(i.HAL_OSPI_Transmit)
    HAL_PWREx_ConfigSupply                   0x08001911   Thumb Code    90  stm32h7xx_hal_pwr_ex.o(i.HAL_PWREx_ConfigSupply)
    HAL_RCCEx_GetD3PCLK1Freq                 0x08001971   Thumb Code    26  stm32h7xx_hal_rcc_ex.o(i.HAL_RCCEx_GetD3PCLK1Freq)
    HAL_RCCEx_GetPLL2ClockFreq               0x08001995   Thumb Code   536  stm32h7xx_hal_rcc_ex.o(i.HAL_RCCEx_GetPLL2ClockFreq)
    HAL_RCCEx_GetPLL3ClockFreq               0x08001bc5   Thumb Code   536  stm32h7xx_hal_rcc_ex.o(i.HAL_RCCEx_GetPLL3ClockFreq)
    HAL_RCCEx_PeriphCLKConfig                0x08001df5   Thumb Code  3272  stm32h7xx_hal_rcc_ex.o(i.HAL_RCCEx_PeriphCLKConfig)
    HAL_RCC_ClockConfig                      0x08002abd   Thumb Code   774  stm32h7xx_hal_rcc.o(i.HAL_RCC_ClockConfig)
    HAL_RCC_GetHCLKFreq                      0x08002ddd   Thumb Code    60  stm32h7xx_hal_rcc.o(i.HAL_RCC_GetHCLKFreq)
    HAL_RCC_GetPCLK1Freq                     0x08002e29   Thumb Code    26  stm32h7xx_hal_rcc.o(i.HAL_RCC_GetPCLK1Freq)
    HAL_RCC_GetPCLK2Freq                     0x08002e4d   Thumb Code    26  stm32h7xx_hal_rcc.o(i.HAL_RCC_GetPCLK2Freq)
    HAL_RCC_GetSysClockFreq                  0x08002e71   Thumb Code   524  stm32h7xx_hal_rcc.o(i.HAL_RCC_GetSysClockFreq)
    HAL_RCC_OscConfig                        0x0800309d   Thumb Code  1874  stm32h7xx_hal_rcc.o(i.HAL_RCC_OscConfig)
    HAL_SYSTICK_Config                       0x080037f9   Thumb Code    52  stm32h7xx_hal_cortex.o(i.HAL_SYSTICK_Config)
    HAL_UARTEx_DisableFifoMode               0x0800382d   Thumb Code    78  stm32h7xx_hal_uart_ex.o(i.HAL_UARTEx_DisableFifoMode)
    HAL_UARTEx_SetRxFifoThreshold            0x0800387b   Thumb Code    94  stm32h7xx_hal_uart_ex.o(i.HAL_UARTEx_SetRxFifoThreshold)
    HAL_UARTEx_SetTxFifoThreshold            0x080038d9   Thumb Code    94  stm32h7xx_hal_uart_ex.o(i.HAL_UARTEx_SetTxFifoThreshold)
    HAL_UART_Init                            0x08003937   Thumb Code   120  stm32h7xx_hal_uart.o(i.HAL_UART_Init)
    HAL_UART_MspInit                         0x080039b1   Thumb Code   156  usart.o(i.HAL_UART_MspInit)
    HAL_UART_Transmit                        0x08003a59   Thumb Code   194  stm32h7xx_hal_uart.o(i.HAL_UART_Transmit)
    HardFault_Handler                        0x08003b1b   Thumb Code     4  stm32h7xx_it.o(i.HardFault_Handler)
    LED_Init                                 0x08003b21   Thumb Code    76  led.o(i.LED_Init)
    MX_OCTOSPI1_Init                         0x08003b75   Thumb Code   142  ospi_w25q64.o(i.MX_OCTOSPI1_Init)
    MemManage_Handler                        0x08003c0d   Thumb Code     4  stm32h7xx_it.o(i.MemManage_Handler)
    NMI_Handler                              0x08003c11   Thumb Code     4  stm32h7xx_it.o(i.NMI_Handler)
    OSPI_W25Qxx_AutoPollingMemReady          0x08003f9d   Thumb Code   126  ospi_w25q64.o(i.OSPI_W25Qxx_AutoPollingMemReady)
    OSPI_W25Qxx_Init                         0x08004021   Thumb Code    44  ospi_w25q64.o(i.OSPI_W25Qxx_Init)
    OSPI_W25Qxx_ReadBuffer                   0x08004085   Thumb Code   132  ospi_w25q64.o(i.OSPI_W25Qxx_ReadBuffer)
    OSPI_W25Qxx_ReadID                       0x0800410d   Thumb Code   110  ospi_w25q64.o(i.OSPI_W25Qxx_ReadID)
    OSPI_W25Qxx_SectorErase                  0x08004181   Thumb Code   104  ospi_w25q64.o(i.OSPI_W25Qxx_SectorErase)
    OSPI_W25Qxx_WriteBuffer                  0x080041ed   Thumb Code    82  ospi_w25q64.o(i.OSPI_W25Qxx_WriteBuffer)
    OSPI_W25Qxx_WriteEnable                  0x08004241   Thumb Code   178  ospi_w25q64.o(i.OSPI_W25Qxx_WriteEnable)
    OSPI_W25Qxx_WritePage                    0x080042f9   Thumb Code   138  ospi_w25q64.o(i.OSPI_W25Qxx_WritePage)
    PendSV_Handler                           0x080043d5   Thumb Code     2  stm32h7xx_it.o(i.PendSV_Handler)
    SVC_Handler                              0x080046a1   Thumb Code     2  stm32h7xx_it.o(i.SVC_Handler)
    SysTick_Handler                          0x080046a3   Thumb Code     8  stm32h7xx_it.o(i.SysTick_Handler)
    SystemClock_Config                       0x080046ad   Thumb Code   210  main.o(i.SystemClock_Config)
    SystemInit                               0x08004785   Thumb Code   192  system_stm32h7xx.o(i.SystemInit)
    UART_AdvFeatureConfig                    0x080048bd   Thumb Code   248  stm32h7xx_hal_uart.o(i.UART_AdvFeatureConfig)
    UART_CheckIdleState                      0x080049b5   Thumb Code   234  stm32h7xx_hal_uart.o(i.UART_CheckIdleState)
    UART_SetConfig                           0x08004b0d   Thumb Code  1558  stm32h7xx_hal_uart.o(i.UART_SetConfig)
    UART_WaitOnFlagUntilTimeout              0x08005135   Thumb Code   162  stm32h7xx_hal_uart.o(i.UART_WaitOnFlagUntilTimeout)
    USART1_Init                              0x080051d9   Thumb Code    74  usart.o(i.USART1_Init)
    UsageFault_Handler                       0x0800522d   Thumb Code     4  stm32h7xx_it.o(i.UsageFault_Handler)
    __0printf$5                              0x08005231   Thumb Code    22  printf5.o(i.__0printf$5)
    __1printf$5                              0x08005231   Thumb Code     0  printf5.o(i.__0printf$5)
    __2printf                                0x08005231   Thumb Code     0  printf5.o(i.__0printf$5)
    __scatterload_copy                       0x08005289   Thumb Code    14  handlers.o(i.__scatterload_copy)
    __scatterload_null                       0x08005297   Thumb Code     2  handlers.o(i.__scatterload_null)
    __scatterload_zeroinit                   0x08005299   Thumb Code    14  handlers.o(i.__scatterload_zeroinit)
    disk_initialize                          0x08005edd   Thumb Code    34  diskio.o(i.disk_initialize)
    disk_ioctl                               0x08005eff   Thumb Code    62  diskio.o(i.disk_ioctl)
    disk_read                                0x08005f3d   Thumb Code    44  diskio.o(i.disk_read)
    disk_status                              0x08005f69   Thumb Code    44  diskio.o(i.disk_status)
    disk_write                               0x08005f99   Thumb Code    54  diskio.o(i.disk_write)
    f_close                                  0x08005fcf   Thumb Code    34  ff.o(i.f_close)
    f_getfree                                0x08005ff1   Thumb Code   254  ff.o(i.f_getfree)
    f_mkfs                                   0x080060f1   Thumb Code  1702  ff.o(i.f_mkfs)
    f_mount                                  0x080067cd   Thumb Code    80  ff.o(i.f_mount)
    f_open                                   0x08006821   Thumb Code   512  ff.o(i.f_open)
    f_read                                   0x08006a21   Thumb Code   462  ff.o(i.f_read)
    f_sync                                   0x08006bef   Thumb Code   160  ff.o(i.f_sync)
    f_write                                  0x08006c8f   Thumb Code   532  ff.o(i.f_write)
    ff_oem2uni                               0x08006ea5   Thumb Code    38  ffunicode.o(i.ff_oem2uni)
    ff_uni2oem                               0x08006ed1   Thumb Code    52  ffunicode.o(i.ff_uni2oem)
    ff_wtoupper                              0x08006f09   Thumb Code   156  ffunicode.o(i.ff_wtoupper)
    fputc                                    0x080073ad   Thumb Code    20  usart.o(i.fputc)
    get_fattime                              0x080075c3   Thumb Code     4  diskio.o(i.get_fattime)
    main                                     0x08007661   Thumb Code   336  main.o(i.main)
    UARTPrescTable                           0x08007c6a   Data          24  stm32h7xx_hal_uart.o(.constdata)
    D1CorePrescTable                         0x08007c92   Data          16  system_stm32h7xx.o(.constdata)
    Region$$Table$$Base                      0x080080fc   Number         0  anon$$obj.o(Region$$Table)
    Region$$Table$$Limit                     0x0800811c   Number         0  anon$$obj.o(Region$$Table)
    MyFile_Res                               0x24000000   Data           1  main.o(.data)
    uwTick                                   0x24000004   Data           4  stm32h7xx_hal.o(.data)
    uwTickPrio                               0x24000008   Data           4  stm32h7xx_hal.o(.data)
    uwTickFreq                               0x2400000c   Data           1  stm32h7xx_hal.o(.data)
    SystemCoreClock                          0x24000010   Data           4  system_stm32h7xx.o(.data)
    SystemD2Clock                            0x24000014   Data           4  system_stm32h7xx.o(.data)
    __stdout                                 0x24000024   Data           4  stdout.o(.data)
    sFLASH_FatFs                             0x24000028   Data        4152  main.o(.bss)
    sFLASH_ReadBuffer                        0x24001060   Data        1024  main.o(.bss)
    huart1                                   0x24001460   Data         148  usart.o(.bss)
    hospi1                                   0x240014f4   Data          92  ospi_w25q64.o(.bss)
    __initial_sp                             0x24004550   Data           0  startup_stm32h723xx.o(STACK)



==============================================================================

Memory Map of the image

  Image Entry point : 0x080002cd

  Load Region LR_IROM1 (Base: 0x08000000, Size: 0x00008144, Max: 0x00100000, ABSOLUTE)

    Execution Region ER_IROM1 (Exec base: 0x08000000, Load base: 0x08000000, Size: 0x0000811c, Max: 0x00100000, ABSOLUTE)

    Exec Addr    Load Addr    Size         Type   Attr      Idx    E Section Name        Object

    0x08000000   0x08000000   0x000002cc   Data   RO            3    RESET               startup_stm32h723xx.o
    0x080002cc   0x080002cc   0x00000000   Code   RO         4277  * .ARM.Collect$$$$00000000  mc_w.l(entry.o)
    0x080002cc   0x080002cc   0x00000004   Code   RO         4549    .ARM.Collect$$$$00000001  mc_w.l(entry2.o)
    0x080002d0   0x080002d0   0x00000004   Code   RO         4552    .ARM.Collect$$$$00000004  mc_w.l(entry5.o)
    0x080002d4   0x080002d4   0x00000000   Code   RO         4554    .ARM.Collect$$$$00000008  mc_w.l(entry7b.o)
    0x080002d4   0x080002d4   0x00000000   Code   RO         4556    .ARM.Collect$$$$0000000A  mc_w.l(entry8b.o)
    0x080002d4   0x080002d4   0x00000008   Code   RO         4557    .ARM.Collect$$$$0000000B  mc_w.l(entry9a.o)
    0x080002dc   0x080002dc   0x00000000   Code   RO         4559    .ARM.Collect$$$$0000000D  mc_w.l(entry10a.o)
    0x080002dc   0x080002dc   0x00000000   Code   RO         4561    .ARM.Collect$$$$0000000F  mc_w.l(entry11a.o)
    0x080002dc   0x080002dc   0x00000004   Code   RO         4550    .ARM.Collect$$$$00002712  mc_w.l(entry2.o)
    0x080002e0   0x080002e0   0x00000024   Code   RO            4    .text               startup_stm32h723xx.o
    0x08000304   0x08000304   0x00000062   Code   RO         4280    .text               mc_w.l(uldiv.o)
    0x08000366   0x08000366   0x00000024   Code   RO         4282    .text               mc_w.l(memcpya.o)
    0x0800038a   0x0800038a   0x00000024   Code   RO         4284    .text               mc_w.l(memseta.o)
    0x080003ae   0x080003ae   0x0000001e   Code   RO         4566    .text               mc_w.l(llshl.o)
    0x080003cc   0x080003cc   0x00000020   Code   RO         4568    .text               mc_w.l(llushr.o)
    0x080003ec   0x080003ec   0x00000024   Code   RO         4581    .text               mc_w.l(init.o)
    0x08000410   0x08000410   0x00000004   Code   RO          202    i.BusFault_Handler  stm32h7xx_it.o
    0x08000414   0x08000414   0x00000002   Code   RO          203    i.DebugMon_Handler  stm32h7xx_it.o
    0x08000416   0x08000416   0x00000006   Code   RO           13    i.Error_Handler     main.o
    0x0800041c   0x0800041c   0x000000ec   Code   RO           14    i.FatFs_Check       main.o
    0x08000508   0x08000508   0x00000300   Code   RO           15    i.FatFs_FileTest    main.o
    0x08000808   0x08000808   0x000000b8   Code   RO           16    i.FatFs_GetVolume   main.o
    0x080008c0   0x080008c0   0x00000028   Code   RO         2055    i.HAL_Delay         stm32h7xx_hal.o
    0x080008e8   0x080008e8   0x000001f0   Code   RO         1206    i.HAL_GPIO_Init     stm32h7xx_hal_gpio.o
    0x08000ad8   0x08000ad8   0x00000014   Code   RO         1209    i.HAL_GPIO_TogglePin  stm32h7xx_hal_gpio.o
    0x08000aec   0x08000aec   0x0000000c   Code   RO         1210    i.HAL_GPIO_WritePin  stm32h7xx_hal_gpio.o
    0x08000af8   0x08000af8   0x0000000c   Code   RO         2071    i.HAL_GetTick       stm32h7xx_hal.o
    0x08000b04   0x08000b04   0x00000018   Code   RO         2077    i.HAL_IncTick       stm32h7xx_hal.o
    0x08000b1c   0x08000b1c   0x00000060   Code   RO         2078    i.HAL_Init          stm32h7xx_hal.o
    0x08000b7c   0x08000b7c   0x00000058   Code   RO         2079    i.HAL_InitTick      stm32h7xx_hal.o
    0x08000bd4   0x08000bd4   0x00000024   Code   RO          281    i.HAL_MspInit       stm32h7xx_hal_msp.o
    0x08000bf8   0x08000bf8   0x0000007a   Code   RO          499    i.HAL_NVIC_SetPriority  stm32h7xx_hal_cortex.o
    0x08000c72   0x08000c72   0x00000002   PAD
    0x08000c74   0x08000c74   0x00000028   Code   RO          500    i.HAL_NVIC_SetPriorityGrouping  stm32h7xx_hal_cortex.o
    0x08000c9c   0x08000c9c   0x000006f8   Code   RO         2994    i.HAL_OSPIM_Config  stm32h7xx_hal_ospi.o
    0x08001394   0x08001394   0x000000c2   Code   RO         2998    i.HAL_OSPI_AutoPolling  stm32h7xx_hal_ospi.o
    0x08001456   0x08001456   0x000000ea   Code   RO         3001    i.HAL_OSPI_Command  stm32h7xx_hal_ospi.o
    0x08001540   0x08001540   0x00000032   Code   RO         3003    i.HAL_OSPI_DeInit   stm32h7xx_hal_ospi.o
    0x08001572   0x08001572   0x00000002   PAD
    0x08001574   0x08001574   0x00000110   Code   RO         3012    i.HAL_OSPI_Init     stm32h7xx_hal_ospi.o
    0x08001684   0x08001684   0x00000002   Code   RO         3014    i.HAL_OSPI_MspDeInit  stm32h7xx_hal_ospi.o
    0x08001686   0x08001686   0x00000002   PAD
    0x08001688   0x08001688   0x0000010c   Code   RO          372    i.HAL_OSPI_MspInit  ospi_w25q64.o
    0x08001794   0x08001794   0x000000d6   Code   RO         3016    i.HAL_OSPI_Receive  stm32h7xx_hal_ospi.o
    0x0800186a   0x0800186a   0x00000008   Code   RO         3022    i.HAL_OSPI_SetTimeout  stm32h7xx_hal_ospi.o
    0x08001872   0x08001872   0x0000009c   Code   RO         3025    i.HAL_OSPI_Transmit  stm32h7xx_hal_ospi.o
    0x0800190e   0x0800190e   0x00000002   PAD
    0x08001910   0x08001910   0x00000060   Code   RO         1807    i.HAL_PWREx_ConfigSupply  stm32h7xx_hal_pwr_ex.o
    0x08001970   0x08001970   0x00000024   Code   RO          749    i.HAL_RCCEx_GetD3PCLK1Freq  stm32h7xx_hal_rcc_ex.o
    0x08001994   0x08001994   0x00000230   Code   RO          751    i.HAL_RCCEx_GetPLL2ClockFreq  stm32h7xx_hal_rcc_ex.o
    0x08001bc4   0x08001bc4   0x00000230   Code   RO          752    i.HAL_RCCEx_GetPLL3ClockFreq  stm32h7xx_hal_rcc_ex.o
    0x08001df4   0x08001df4   0x00000cc8   Code   RO          758    i.HAL_RCCEx_PeriphCLKConfig  stm32h7xx_hal_rcc_ex.o
    0x08002abc   0x08002abc   0x00000320   Code   RO          634    i.HAL_RCC_ClockConfig  stm32h7xx_hal_rcc.o
    0x08002ddc   0x08002ddc   0x0000004c   Code   RO          639    i.HAL_RCC_GetHCLKFreq  stm32h7xx_hal_rcc.o
    0x08002e28   0x08002e28   0x00000024   Code   RO          641    i.HAL_RCC_GetPCLK1Freq  stm32h7xx_hal_rcc.o
    0x08002e4c   0x08002e4c   0x00000024   Code   RO          642    i.HAL_RCC_GetPCLK2Freq  stm32h7xx_hal_rcc.o
    0x08002e70   0x08002e70   0x0000022c   Code   RO          643    i.HAL_RCC_GetSysClockFreq  stm32h7xx_hal_rcc.o
    0x0800309c   0x0800309c   0x0000075c   Code   RO          646    i.HAL_RCC_OscConfig  stm32h7xx_hal_rcc.o
    0x080037f8   0x080037f8   0x00000034   Code   RO          504    i.HAL_SYSTICK_Config  stm32h7xx_hal_cortex.o
    0x0800382c   0x0800382c   0x0000004e   Code   RO         3719    i.HAL_UARTEx_DisableFifoMode  stm32h7xx_hal_uart_ex.o
    0x0800387a   0x0800387a   0x0000005e   Code   RO         3728    i.HAL_UARTEx_SetRxFifoThreshold  stm32h7xx_hal_uart_ex.o
    0x080038d8   0x080038d8   0x0000005e   Code   RO         3729    i.HAL_UARTEx_SetTxFifoThreshold  stm32h7xx_hal_uart_ex.o
    0x08003936   0x08003936   0x00000078   Code   RO         3323    i.HAL_UART_Init     stm32h7xx_hal_uart.o
    0x080039ae   0x080039ae   0x00000002   PAD
    0x080039b0   0x080039b0   0x000000a8   Code   RO          329    i.HAL_UART_MspInit  usart.o
    0x08003a58   0x08003a58   0x000000c2   Code   RO         3332    i.HAL_UART_Transmit  stm32h7xx_hal_uart.o
    0x08003b1a   0x08003b1a   0x00000004   Code   RO          204    i.HardFault_Handler  stm32h7xx_it.o
    0x08003b1e   0x08003b1e   0x00000002   PAD
    0x08003b20   0x08003b20   0x00000054   Code   RO          305    i.LED_Init          led.o
    0x08003b74   0x08003b74   0x00000098   Code   RO          373    i.MX_OCTOSPI1_Init  ospi_w25q64.o
    0x08003c0c   0x08003c0c   0x00000004   Code   RO          205    i.MemManage_Handler  stm32h7xx_it.o
    0x08003c10   0x08003c10   0x00000004   Code   RO          206    i.NMI_Handler       stm32h7xx_it.o
    0x08003c14   0x08003c14   0x000000e8   Code   RO         3030    i.OSPIM_GetConfig   stm32h7xx_hal_ospi.o
    0x08003cfc   0x08003cfc   0x000002a0   Code   RO         3031    i.OSPI_ConfigCmd    stm32h7xx_hal_ospi.o
    0x08003f9c   0x08003f9c   0x00000084   Code   RO          374    i.OSPI_W25Qxx_AutoPollingMemReady  ospi_w25q64.o
    0x08004020   0x08004020   0x00000064   Code   RO          378    i.OSPI_W25Qxx_Init  ospi_w25q64.o
    0x08004084   0x08004084   0x00000088   Code   RO          380    i.OSPI_W25Qxx_ReadBuffer  ospi_w25q64.o
    0x0800410c   0x0800410c   0x00000074   Code   RO          381    i.OSPI_W25Qxx_ReadID  ospi_w25q64.o
    0x08004180   0x08004180   0x0000006c   Code   RO          382    i.OSPI_W25Qxx_SectorErase  ospi_w25q64.o
    0x080041ec   0x080041ec   0x00000052   Code   RO          383    i.OSPI_W25Qxx_WriteBuffer  ospi_w25q64.o
    0x0800423e   0x0800423e   0x00000002   PAD
    0x08004240   0x08004240   0x000000b8   Code   RO          384    i.OSPI_W25Qxx_WriteEnable  ospi_w25q64.o
    0x080042f8   0x080042f8   0x00000090   Code   RO          385    i.OSPI_W25Qxx_WritePage  ospi_w25q64.o
    0x08004388   0x08004388   0x0000004c   Code   RO         3035    i.OSPI_WaitFlagStateUntilTimeout  stm32h7xx_hal_ospi.o
    0x080043d4   0x080043d4   0x00000002   Code   RO          207    i.PendSV_Handler    stm32h7xx_it.o
    0x080043d6   0x080043d6   0x00000002   PAD
    0x080043d8   0x080043d8   0x00000164   Code   RO          761    i.RCCEx_PLL2_Config  stm32h7xx_hal_rcc_ex.o
    0x0800453c   0x0800453c   0x00000164   Code   RO          762    i.RCCEx_PLL3_Config  stm32h7xx_hal_rcc_ex.o
    0x080046a0   0x080046a0   0x00000002   Code   RO          208    i.SVC_Handler       stm32h7xx_it.o
    0x080046a2   0x080046a2   0x00000008   Code   RO          209    i.SysTick_Handler   stm32h7xx_it.o
    0x080046aa   0x080046aa   0x00000002   PAD
    0x080046ac   0x080046ac   0x000000d8   Code   RO           17    i.SystemClock_Config  main.o
    0x08004784   0x08004784   0x000000e0   Code   RO         3843    i.SystemInit        system_stm32h7xx.o
    0x08004864   0x08004864   0x00000058   Code   RO         3733    i.UARTEx_SetNbDataToProcess  stm32h7xx_hal_uart_ex.o
    0x080048bc   0x080048bc   0x000000f8   Code   RO         3337    i.UART_AdvFeatureConfig  stm32h7xx_hal_uart.o
    0x080049b4   0x080049b4   0x000000ea   Code   RO         3338    i.UART_CheckIdleState  stm32h7xx_hal_uart.o
    0x08004a9e   0x08004a9e   0x00000002   PAD
    0x08004aa0   0x08004aa0   0x0000006c   Code   RO         3349    i.UART_EndRxTransfer  stm32h7xx_hal_uart.o
    0x08004b0c   0x08004b0c   0x00000628   Code   RO         3356    i.UART_SetConfig    stm32h7xx_hal_uart.o
    0x08005134   0x08005134   0x000000a2   Code   RO         3363    i.UART_WaitOnFlagUntilTimeout  stm32h7xx_hal_uart.o
    0x080051d6   0x080051d6   0x00000002   PAD
    0x080051d8   0x080051d8   0x00000054   Code   RO          330    i.USART1_Init       usart.o
    0x0800522c   0x0800522c   0x00000004   Code   RO          210    i.UsageFault_Handler  stm32h7xx_it.o
    0x08005230   0x08005230   0x00000020   Code   RO         4421    i.__0printf$5       mc_w.l(printf5.o)
    0x08005250   0x08005250   0x00000010   Code   RO          506    i.__NVIC_GetPriorityGrouping  stm32h7xx_hal_cortex.o
    0x08005260   0x08005260   0x00000028   Code   RO          507    i.__NVIC_SetPriority  stm32h7xx_hal_cortex.o
    0x08005288   0x08005288   0x0000000e   Code   RO         4589    i.__scatterload_copy  mc_w.l(handlers.o)
    0x08005296   0x08005296   0x00000002   Code   RO         4590    i.__scatterload_null  mc_w.l(handlers.o)
    0x08005298   0x08005298   0x0000000e   Code   RO         4591    i.__scatterload_zeroinit  mc_w.l(handlers.o)
    0x080052a6   0x080052a6   0x00000002   PAD
    0x080052a8   0x080052a8   0x000002c0   Code   RO         4428    i._printf_core      mc_w.l(printf5.o)
    0x08005568   0x08005568   0x0000007c   Code   RO         3937    i.check_fs          ff.o
    0x080055e4   0x080055e4   0x00000014   Code   RO         3938    i.chk_chr           ff.o
    0x080055f8   0x080055f8   0x0000001a   Code   RO         3939    i.clst2sect         ff.o
    0x08005612   0x08005612   0x00000002   PAD
    0x08005614   0x08005614   0x00000098   Code   RO         3940    i.cmp_lfn           ff.o
    0x080056ac   0x080056ac   0x00000120   Code   RO         3941    i.create_chain      ff.o
    0x080057cc   0x080057cc   0x00000280   Code   RO         3942    i.create_name       ff.o
    0x08005a4c   0x08005a4c   0x0000000c   Code   RO         3943    i.dbc_1st           ff.o
    0x08005a58   0x08005a58   0x0000000c   Code   RO         3944    i.dbc_2nd           ff.o
    0x08005a64   0x08005a64   0x00000060   Code   RO         3945    i.dir_alloc         ff.o
    0x08005ac4   0x08005ac4   0x0000005e   Code   RO         3946    i.dir_clear         ff.o
    0x08005b22   0x08005b22   0x000000fc   Code   RO         3947    i.dir_find          ff.o
    0x08005c1e   0x08005c1e   0x000000d6   Code   RO         3948    i.dir_next          ff.o
    0x08005cf4   0x08005cf4   0x00000142   Code   RO         3950    i.dir_register      ff.o
    0x08005e36   0x08005e36   0x000000a6   Code   RO         3952    i.dir_sdi           ff.o
    0x08005edc   0x08005edc   0x00000022   Code   RO         3879    i.disk_initialize   diskio.o
    0x08005efe   0x08005efe   0x0000003e   Code   RO         3880    i.disk_ioctl        diskio.o
    0x08005f3c   0x08005f3c   0x0000002c   Code   RO         3881    i.disk_read         diskio.o
    0x08005f68   0x08005f68   0x00000030   Code   RO         3882    i.disk_status       diskio.o
    0x08005f98   0x08005f98   0x00000036   Code   RO         3883    i.disk_write        diskio.o
    0x08005fce   0x08005fce   0x00000022   Code   RO         3953    i.f_close           ff.o
    0x08005ff0   0x08005ff0   0x000000fe   Code   RO         3955    i.f_getfree         ff.o
    0x080060ee   0x080060ee   0x00000002   PAD
    0x080060f0   0x080060f0   0x000006dc   Code   RO         3958    i.f_mkfs            ff.o
    0x080067cc   0x080067cc   0x00000054   Code   RO         3959    i.f_mount           ff.o
    0x08006820   0x08006820   0x00000200   Code   RO         3960    i.f_open            ff.o
    0x08006a20   0x08006a20   0x000001ce   Code   RO         3962    i.f_read            ff.o
    0x08006bee   0x08006bee   0x000000a0   Code   RO         3966    i.f_sync            ff.o
    0x08006c8e   0x08006c8e   0x00000214   Code   RO         3969    i.f_write           ff.o
    0x08006ea2   0x08006ea2   0x00000002   PAD
    0x08006ea4   0x08006ea4   0x0000002c   Code   RO         4251    i.ff_oem2uni        ffunicode.o
    0x08006ed0   0x08006ed0   0x00000038   Code   RO         4252    i.ff_uni2oem        ffunicode.o
    0x08006f08   0x08006f08   0x000000a4   Code   RO         4253    i.ff_wtoupper       ffunicode.o
    0x08006fac   0x08006fac   0x00000358   Code   RO         3970    i.find_volume       ff.o
    0x08007304   0x08007304   0x000000a8   Code   RO         3971    i.follow_path       ff.o
    0x080073ac   0x080073ac   0x00000018   Code   RO          331    i.fputc             usart.o
    0x080073c4   0x080073c4   0x000000cc   Code   RO         3972    i.gen_numname       ff.o
    0x08007490   0x08007490   0x00000132   Code   RO         3973    i.get_fat           ff.o
    0x080075c2   0x080075c2   0x00000004   Code   RO         3884    i.get_fattime       diskio.o
    0x080075c6   0x080075c6   0x0000004e   Code   RO         3975    i.get_ldnumber      ff.o
    0x08007614   0x08007614   0x00000026   Code   RO         3976    i.ld_clust          ff.o
    0x0800763a   0x0800763a   0x00000018   Code   RO         3977    i.ld_dword          ff.o
    0x08007652   0x08007652   0x0000000c   Code   RO         3978    i.ld_word           ff.o
    0x0800765e   0x0800765e   0x00000002   PAD
    0x08007660   0x08007660   0x0000015c   Code   RO           18    i.main              main.o
    0x080077bc   0x080077bc   0x00000024   Code   RO         3979    i.mem_cmp           ff.o
    0x080077e0   0x080077e0   0x0000001a   Code   RO         3980    i.mem_cpy           ff.o
    0x080077fa   0x080077fa   0x00000012   Code   RO         3981    i.mem_set           ff.o
    0x0800780c   0x0800780c   0x00000034   Code   RO         3982    i.move_window       ff.o
    0x08007840   0x08007840   0x00000190   Code   RO         3984    i.put_fat           ff.o
    0x080079d0   0x080079d0   0x00000080   Code   RO         3985    i.put_lfn           ff.o
    0x08007a50   0x08007a50   0x0000009a   Code   RO         3986    i.remove_chain      ff.o
    0x08007aea   0x08007aea   0x00000024   Code   RO         3987    i.st_clust          ff.o
    0x08007b0e   0x08007b0e   0x00000018   Code   RO         3988    i.st_dword          ff.o
    0x08007b26   0x08007b26   0x0000000c   Code   RO         3989    i.st_word           ff.o
    0x08007b32   0x08007b32   0x00000020   Code   RO         3990    i.sum_sfn           ff.o
    0x08007b52   0x08007b52   0x00000002   PAD
    0x08007b54   0x08007b54   0x00000090   Code   RO         3991    i.sync_fs           ff.o
    0x08007be4   0x08007be4   0x0000004a   Code   RO         3992    i.sync_window       ff.o
    0x08007c2e   0x08007c2e   0x0000003c   Code   RO         3993    i.validate          ff.o
    0x08007c6a   0x08007c6a   0x00000018   Data   RO         3364    .constdata          stm32h7xx_hal_uart.o
    0x08007c82   0x08007c82   0x00000010   Data   RO         3735    .constdata          stm32h7xx_hal_uart_ex.o
    0x08007c92   0x08007c92   0x00000010   Data   RO         3844    .constdata          system_stm32h7xx.o
    0x08007ca2   0x08007ca2   0x000000aa   Data   RO         3994    .constdata          ff.o
    0x08007d4c   0x08007d4c   0x000003ae   Data   RO         4254    .constdata          ffunicode.o
    0x080080fa   0x080080fa   0x00000002   PAD
    0x080080fc   0x080080fc   0x00000020   Data   RO         4587    Region$$Table       anon$$obj.o


    Execution Region RW_IRAM1 (Exec base: 0x20000000, Load base: 0x0800811c, Size: 0x00000000, Max: 0x00020000, ABSOLUTE)

    **** No section assigned to this execution region ****


    Execution Region RW_IRAM2 (Exec base: 0x24000000, Load base: 0x0800811c, Size: 0x00004550, Max: 0x00050000, ABSOLUTE)

    Exec Addr    Load Addr    Size         Type   Attr      Idx    E Section Name        Object

    0x24000000   0x0800811c   0x00000001   Data   RW           20    .data               main.o
    0x24000001   0x0800811d   0x00000003   PAD
    0x24000004   0x08008120   0x00000009   Data   RW         2102    .data               stm32h7xx_hal.o
    0x2400000d   0x08008129   0x00000003   PAD
    0x24000010   0x0800812c   0x00000008   Data   RW         3845    .data               system_stm32h7xx.o
    0x24000018   0x08008134   0x0000000a   Data   RW         3995    .data               ff.o
    0x24000022   0x0800813e   0x00000002   PAD
    0x24000024   0x08008140   0x00000004   Data   RW         4563    .data               mc_w.l(stdout.o)
    0x24000028        -       0x00001438   Zero   RW           19    .bss                main.o
    0x24001460        -       0x00000094   Zero   RW          332    .bss                usart.o
    0x240014f4        -       0x0000005c   Zero   RW          386    .bss                ospi_w25q64.o
    0x24001550        -       0x00003000   Zero   RW            1    STACK               startup_stm32h723xx.o


==============================================================================

Image component sizes


      Code (inc. data)   RO Data    RW Data    ZI Data      Debug   Object Name

       246          4          0          0          0       6304   diskio.o
      9094        168        170         10          0      60626   ff.o
       264         28        942          0          0       3456   ffunicode.o
        84          8          0          0          0       1291   led.o
      1758        772          0          1       5176    1192300   main.o
      1422        114          0          0         92      10408   ospi_w25q64.o
        36          8        716          0      12288        972   startup_stm32h723xx.o
       260         48          0          9          0      24865   stm32h7xx_hal.o
       270         22          0          0          0      40242   stm32h7xx_hal_cortex.o
       528         50          0          0          0       3473   stm32h7xx_hal_gpio.o
        36          4          0          0          0       1234   stm32h7xx_hal_msp.o
      3894         48          0          0          0      13909   stm32h7xx_hal_ospi.o
        96          6          0          0          0        925   stm32h7xx_hal_pwr_ex.o
      3388        110          0          0          0       7992   stm32h7xx_hal_rcc.o
      5140        112          0          0          0       8389   stm32h7xx_hal_rcc_ex.o
      2642        132         24          0          0      28162   stm32h7xx_hal_uart.o
       354         10         16          0          0       4533   stm32h7xx_hal_uart_ex.o
        34          0          0          0          0       5570   stm32h7xx_it.o
       224         32         16          8          0       1842   system_stm32h7xx.o
       276         26          0          0        148       4454   usart.o

    ----------------------------------------------------------------------
     30078       1702       1918         36      17704    1420947   Object Totals
         0          0         32          0          0          0   (incl. Generated)
        32          0          2          8          0          0   (incl. Padding)

    ----------------------------------------------------------------------

      Code (inc. data)   RO Data    RW Data    ZI Data      Debug   Library Member Name

         0          0          0          0          0          0   entry.o
         0          0          0          0          0          0   entry10a.o
         0          0          0          0          0          0   entry11a.o
         8          4          0          0          0          0   entry2.o
         4          0          0          0          0          0   entry5.o
         0          0          0          0          0          0   entry7b.o
         0          0          0          0          0          0   entry8b.o
         8          4          0          0          0          0   entry9a.o
        30          0          0          0          0          0   handlers.o
        36          8          0          0          0         68   init.o
        30          0          0          0          0         68   llshl.o
        32          0          0          0          0         68   llushr.o
        36          0          0          0          0         68   memcpya.o
        36          0          0          0          0        108   memseta.o
       736         56          0          0          0        184   printf5.o
         0          0          0          4          0          0   stdout.o
        98          0          0          0          0         92   uldiv.o

    ----------------------------------------------------------------------
      1056         72          0          4          0        656   Library Totals
         2          0          0          0          0          0   (incl. Padding)

    ----------------------------------------------------------------------

      Code (inc. data)   RO Data    RW Data    ZI Data      Debug   Library Name

      1054         72          0          4          0        656   mc_w.l

    ----------------------------------------------------------------------
      1056         72          0          4          0        656   Library Totals

    ----------------------------------------------------------------------

==============================================================================


      Code (inc. data)   RO Data    RW Data    ZI Data      Debug   

     31134       1774       1918         40      17704    1409047   Grand Totals
     31134       1774       1918         40      17704    1409047   ELF Image Totals
     31134       1774       1918         40          0          0   ROM Totals

==============================================================================

    Total RO  Size (Code + RO Data)                33052 (  32.28kB)
    Total RW  Size (RW Data + ZI Data)             17744 (  17.33kB)
    Total ROM Size (Code + RO Data + RW Data)      33092 (  32.32kB)

==============================================================================

