<html>
<body>
<pre>
<h1>礦ision Build Log</h1>
<h2>Tool Versions:</h2>
IDE-Version: 礦ision V5.27.0.0
Copyright (C) 2018 ARM Ltd and ARM Germany GmbH. All rights reserved.
License Information: SHUAIWEN CUI, NTU, LIC=JL28G-VX9JX-QDQKD-8FN6R-M33TC-5YMJT
 
Tool Versions:
Toolchain:       MDK-ARM Plus  Version: 5.27.0.0
Toolchain Path:  D:\Keil5\ARM\ARMCC\Bin
C Compiler:      Armcc.exe V5.06 update 6 (build 750)
Assembler:       Armasm.exe V5.06 update 6 (build 750)
Linker/Locator:  ArmLink.exe V5.06 update 6 (build 750)
Library Manager: ArmAr.exe V5.06 update 6 (build 750)
Hex Converter:   FromElf.exe V5.06 update 6 (build 750)
CPU DLL:         SARMCM3.DLL V5.27.0.0
Dialog DLL:      DCM.DLL V1.17.2.0
Target DLL:      STLink\ST-LINKIII-KEIL_SWO.dll V3.0.5.0
Dialog DLL:      TCM.DLL V1.36.1.0
 
<h2>Project:</h2>
E:\OneDrive - Nanyang Technological University\1_Skillset\01-EDGE-A-EMBEDDED_SYSTEM\HARDWARE\正点原子-STM32H743IIT\STM32H743\【正点原子】阿波罗STM32H743开发板资料 资料盘(A盘)\4，程序源码\2，标准例程-HAL库版本\实验42 FATFS实验\USER\FATFS.uvprojx
Project File Date:  03/17/2024

<h2>Output:</h2>
*** Using Compiler 'V5.06 update 6 (build 750)', folder: 'D:\Keil5\ARM\ARMCC\Bin'
Build target 'FATFS'
compiling stm32h7xx_hal_msp.c...
compiling stm32h7xx_it.c...
compiling main.c...
compiling sys.c...
compiling stm32h7xx_hal_rcc.c...
compiling stm32h7xx_hal_uart_ex.c...
compiling system_stm32h7xx.c...
compiling stm32h7xx_hal.c...
assembling startup_stm32h743xx.s...
compiling stm32h7xx_hal_dma_ex.c...
compiling usart.c...
compiling stm32h7xx_hal_pwr_ex.c...
compiling stm32h7xx_hal_mdma.c...
compiling stm32h7xx_hal_cortex.c...
compiling stm32h7xx_hal_rcc_ex.c...
compiling stm32h7xx_hal_uart.c...
compiling stm32h7xx_hal_dcmi.c...
compiling stm32h7xx_ll_delayblock.c...
compiling stm32h7xx_hal_dma.c...
compiling stm32h7xx_ll_fmc.c...
compiling stm32h7xx_hal_ltdc.c...
compiling key.c...
compiling delay.c...
compiling stm32h7xx_hal_sram.c...
compiling stm32h7xx_hal_nand.c...
compiling led.c...
compiling stm32h7xx_hal_usart.c...
compiling stm32h7xx_hal_gpio.c...
compiling stm32h7xx_hal_tim_ex.c...
compiling stm32h7xx_hal_sd.c...
compiling stm32h7xx_hal_sdram.c...
compiling stm32h7xx_hal_sd_ex.c...
compiling stm32h7xx_hal_spi_ex.c...
compiling mpu.c...
compiling sdram.c...
compiling stm32h7xx_ll_sdmmc.c...
compiling stm32h7xx_hal_tim.c...
compiling stm32h7xx_hal_pwr.c...
compiling ltdc.c...
compiling stm32h7xx_hal_qspi.c...
compiling stm32h7xx_hal_spi.c...
compiling lcd.c...
compiling myiic.c...
compiling pcf8574.c...
compiling 24cxx.c...
compiling ftl.c...
compiling sdmmc_sdcard.c...
compiling nandtester.c...
compiling qspi.c...
compiling nand.c...
compiling w25qxx.c...
compiling ffunicode.c...
compiling malloc.c...
compiling exfuns.c...
compiling diskio.c...
compiling fattester.c...
compiling ffsystem.c...
compiling ff.c...
compiling usmart_str.c...
compiling usmart.c...
compiling usmart_config.c...
linking...
Program Size: Code=68250 RO-data=195346 RW-data=608 ZI-data=34521744  
FromELF: creating hex file...
"..\OBJ\Template.axf" - 0 Error(s), 0 Warning(s).

<h2>Software Packages used:</h2>

Package Vendor: Keil
                https://www.keil.com/pack/Keil.STM32H7xx_DFP.3.1.1.pack
                Keil.STM32H7xx_DFP.3.1.1
                STMicroelectronics STM32H7 Series Device Support and Examples

<h2>Collection of Component include folders:</h2>
  .\RTE\_FATFS
  D:\Keil5\ARM\PACK\Keil\STM32H7xx_DFP\3.1.1\Drivers\CMSIS\Device\ST\STM32H7xx\Include

<h2>Collection of Component Files used:</h2>
Build Time Elapsed:  00:00:03
</pre>
</body>
</html>
