Component: ARM Compiler 5.06 update 6 (build 750) Tool: armlink [4d35ed]

==============================================================================

Section Cross References

    startup_stm32h723xx.o(RESET) refers to startup_stm32h723xx.o(STACK) for __initial_sp
    startup_stm32h723xx.o(RESET) refers to startup_stm32h723xx.o(.text) for Reset_Handler
    startup_stm32h723xx.o(RESET) refers to stm32h7xx_it.o(i.NMI_Handler) for NMI_Handler
    startup_stm32h723xx.o(RESET) refers to stm32h7xx_it.o(i.HardFault_Handler) for HardFault_Handler
    startup_stm32h723xx.o(RESET) refers to stm32h7xx_it.o(i.MemManage_Handler) for MemManage_Handler
    startup_stm32h723xx.o(RESET) refers to stm32h7xx_it.o(i.BusFault_Handler) for BusFault_Handler
    startup_stm32h723xx.o(RESET) refers to stm32h7xx_it.o(i.UsageFault_Handler) for UsageFault_Handler
    startup_stm32h723xx.o(RESET) refers to stm32h7xx_it.o(i.SVC_Handler) for SVC_Handler
    startup_stm32h723xx.o(RESET) refers to stm32h7xx_it.o(i.DebugMon_Handler) for DebugMon_Handler
    startup_stm32h723xx.o(RESET) refers to stm32h7xx_it.o(i.PendSV_Handler) for PendSV_Handler
    startup_stm32h723xx.o(RESET) refers to stm32h7xx_it.o(i.SysTick_Handler) for SysTick_Handler
    startup_stm32h723xx.o(RESET) refers to stm32h7xx_it.o(i.OTG_HS_IRQHandler) for OTG_HS_IRQHandler
    startup_stm32h723xx.o(.text) refers to system_stm32h7xx.o(i.SystemInit) for SystemInit
    startup_stm32h723xx.o(.text) refers to entry.o(.ARM.Collect$$$$00000000) for __main
    main.o(i.SystemClock_Config) refers to memseta.o(.text) for __aeabi_memclr4
    main.o(i.SystemClock_Config) refers to stm32h7xx_hal_pwr_ex.o(i.HAL_PWREx_ConfigSupply) for HAL_PWREx_ConfigSupply
    main.o(i.SystemClock_Config) refers to stm32h7xx_hal_rcc.o(i.HAL_RCC_OscConfig) for HAL_RCC_OscConfig
    main.o(i.SystemClock_Config) refers to stm32h7xx_hal_rcc.o(i.HAL_RCC_ClockConfig) for HAL_RCC_ClockConfig
    main.o(i.main) refers to stm32h7xx_hal.o(i.HAL_Init) for HAL_Init
    main.o(i.main) refers to main.o(i.SystemClock_Config) for SystemClock_Config
    main.o(i.main) refers to led.o(i.LED_Init) for LED_Init
    main.o(i.main) refers to usb_device.o(i.MX_USB_DEVICE_Init) for MX_USB_DEVICE_Init
    main.o(i.main) refers to usbd_cdc_if.o(i.USB_printf) for USB_printf
    main.o(i.main) refers to stm32h7xx_hal_gpio.o(i.HAL_GPIO_TogglePin) for HAL_GPIO_TogglePin
    main.o(i.main) refers to stm32h7xx_hal.o(i.HAL_Delay) for HAL_Delay
    main.o(i.main) refers to main.o(.data) for .data
    stm32h7xx_it.o(i.OTG_HS_IRQHandler) refers to stm32h7xx_hal_pcd.o(i.HAL_PCD_IRQHandler) for HAL_PCD_IRQHandler
    stm32h7xx_it.o(i.OTG_HS_IRQHandler) refers to usbd_conf.o(.bss) for hpcd_USB_OTG_HS
    stm32h7xx_it.o(i.SysTick_Handler) refers to stm32h7xx_hal.o(i.HAL_IncTick) for HAL_IncTick
    led.o(i.LED_Init) refers to memseta.o(.text) for __aeabi_memclr4
    led.o(i.LED_Init) refers to stm32h7xx_hal_gpio.o(i.HAL_GPIO_WritePin) for HAL_GPIO_WritePin
    led.o(i.LED_Init) refers to stm32h7xx_hal_gpio.o(i.HAL_GPIO_Init) for HAL_GPIO_Init
    usb_device.o(i.MX_USB_DEVICE_Init) refers to usbd_core.o(i.USBD_Init) for USBD_Init
    usb_device.o(i.MX_USB_DEVICE_Init) refers to main.o(i.Error_Handler) for Error_Handler
    usb_device.o(i.MX_USB_DEVICE_Init) refers to usbd_core.o(i.USBD_RegisterClass) for USBD_RegisterClass
    usb_device.o(i.MX_USB_DEVICE_Init) refers to usbd_cdc.o(i.USBD_CDC_RegisterInterface) for USBD_CDC_RegisterInterface
    usb_device.o(i.MX_USB_DEVICE_Init) refers to usbd_core.o(i.USBD_Start) for USBD_Start
    usb_device.o(i.MX_USB_DEVICE_Init) refers to stm32h7xx_hal_pwr_ex.o(i.HAL_PWREx_EnableUSBVoltageDetector) for HAL_PWREx_EnableUSBVoltageDetector
    usb_device.o(i.MX_USB_DEVICE_Init) refers to usbd_desc.o(.data) for HS_Desc
    usb_device.o(i.MX_USB_DEVICE_Init) refers to usb_device.o(.bss) for hUsbDeviceHS
    usb_device.o(i.MX_USB_DEVICE_Init) refers to usbd_cdc.o(.data) for USBD_CDC
    usb_device.o(i.MX_USB_DEVICE_Init) refers to usbd_cdc_if.o(.data) for USBD_Interface_fops_HS
    usbd_desc.o(i.Get_SerialNum) refers to usbd_desc.o(i.IntToUnicode) for IntToUnicode
    usbd_desc.o(i.Get_SerialNum) refers to usbd_desc.o(.data) for USBD_StringSerial
    usbd_desc.o(i.USBD_HS_ConfigStrDescriptor) refers to usbd_ctlreq.o(i.USBD_GetString) for USBD_GetString
    usbd_desc.o(i.USBD_HS_ConfigStrDescriptor) refers to usbd_desc.o(.bss) for USBD_StrDesc
    usbd_desc.o(i.USBD_HS_DeviceDescriptor) refers to usbd_desc.o(.data) for USBD_HS_DeviceDesc
    usbd_desc.o(i.USBD_HS_InterfaceStrDescriptor) refers to usbd_ctlreq.o(i.USBD_GetString) for USBD_GetString
    usbd_desc.o(i.USBD_HS_InterfaceStrDescriptor) refers to usbd_desc.o(.bss) for USBD_StrDesc
    usbd_desc.o(i.USBD_HS_LangIDStrDescriptor) refers to usbd_desc.o(.data) for USBD_LangIDDesc
    usbd_desc.o(i.USBD_HS_ManufacturerStrDescriptor) refers to usbd_ctlreq.o(i.USBD_GetString) for USBD_GetString
[...]
    i.HAL_SYSTICK_Config                     0x0800360c   Section        0  stm32h7xx_hal_cortex.o(i.HAL_SYSTICK_Config)
    i.HardFault_Handler                      0x08003640   Section        0  stm32h7xx_it.o(i.HardFault_Handler)
    i.IntToUnicode                           0x08003644   Section        0  usbd_desc.o(i.IntToUnicode)
    IntToUnicode                             0x08003645   Thumb Code    62  usbd_desc.o(i.IntToUnicode)
    i.LED_Init                               0x08003684   Section        0  led.o(i.LED_Init)
    i.MX_USB_DEVICE_Init                     0x080036d8   Section        0  usb_device.o(i.MX_USB_DEVICE_Init)
    i.MemManage_Handler                      0x08003728   Section        0  stm32h7xx_it.o(i.MemManage_Handler)
    i.NMI_Handler                            0x0800372c   Section        0  stm32h7xx_it.o(i.NMI_Handler)
    i.OTG_HS_IRQHandler                      0x08003730   Section        0  stm32h7xx_it.o(i.OTG_HS_IRQHandler)
    i.PCD_EP_OutSetupPacket_int              0x08003740   Section        0  stm32h7xx_hal_pcd.o(i.PCD_EP_OutSetupPacket_int)
    PCD_EP_OutSetupPacket_int                0x08003741   Thumb Code    94  stm32h7xx_hal_pcd.o(i.PCD_EP_OutSetupPacket_int)
    i.PCD_EP_OutXfrComplete_int              0x080037a4   Section        0  stm32h7xx_hal_pcd.o(i.PCD_EP_OutXfrComplete_int)
    PCD_EP_OutXfrComplete_int                0x080037a5   Thumb Code   314  stm32h7xx_hal_pcd.o(i.PCD_EP_OutXfrComplete_int)
    i.PCD_WriteEmptyTxFifo                   0x080038e8   Section        0  stm32h7xx_hal_pcd.o(i.PCD_WriteEmptyTxFifo)
    PCD_WriteEmptyTxFifo                     0x080038e9   Thumb Code   182  stm32h7xx_hal_pcd.o(i.PCD_WriteEmptyTxFifo)
    i.PendSV_Handler                         0x0800399e   Section        0  stm32h7xx_it.o(i.PendSV_Handler)
    i.RCCEx_PLL2_Config                      0x080039a0   Section        0  stm32h7xx_hal_rcc_ex.o(i.RCCEx_PLL2_Config)
    RCCEx_PLL2_Config                        0x080039a1   Thumb Code   350  stm32h7xx_hal_rcc_ex.o(i.RCCEx_PLL2_Config)
    i.RCCEx_PLL3_Config                      0x08003b04   Section        0  stm32h7xx_hal_rcc_ex.o(i.RCCEx_PLL3_Config)
    RCCEx_PLL3_Config                        0x08003b05   Thumb Code   350  stm32h7xx_hal_rcc_ex.o(i.RCCEx_PLL3_Config)
    i.SVC_Handler                            0x08003c68   Section        0  stm32h7xx_it.o(i.SVC_Handler)
    i.SWAPBYTE                               0x08003c6a   Section        0  usbd_ctlreq.o(i.SWAPBYTE)
    SWAPBYTE                                 0x08003c6b   Thumb Code    18  usbd_ctlreq.o(i.SWAPBYTE)
    i.SysTick_Handler                        0x08003c7c   Section        0  stm32h7xx_it.o(i.SysTick_Handler)
    i.SystemClock_Config                     0x08003c84   Section        0  main.o(i.SystemClock_Config)
    i.SystemInit                             0x08003d20   Section        0  system_stm32h7xx.o(i.SystemInit)
    i.USBD_CDC_DataIn                        0x08003e00   Section        0  usbd_cdc.o(i.USBD_CDC_DataIn)
    USBD_CDC_DataIn                          0x08003e01   Thumb Code   196  usbd_cdc.o(i.USBD_CDC_DataIn)
    i.USBD_CDC_DataOut                       0x08003ec4   Section        0  usbd_cdc.o(i.USBD_CDC_DataOut)
    USBD_CDC_DataOut                         0x08003ec5   Thumb Code    72  usbd_cdc.o(i.USBD_CDC_DataOut)
    i.USBD_CDC_DeInit                        0x08003f0c   Section        0  usbd_cdc.o(i.USBD_CDC_DeInit)
    USBD_CDC_DeInit                          0x08003f0d   Thumb Code   200  usbd_cdc.o(i.USBD_CDC_DeInit)
    i.USBD_CDC_EP0_RxReady                   0x08003fe0   Section        0  usbd_cdc.o(i.USBD_CDC_EP0_RxReady)
    USBD_CDC_EP0_RxReady                     0x08003fe1   Thumb Code    80  usbd_cdc.o(i.USBD_CDC_EP0_RxReady)
    i.USBD_CDC_GetDeviceQualifierDescriptor  0x08004030   Section        0  usbd_cdc.o(i.USBD_CDC_GetDeviceQualifierDescriptor)
    i.USBD_CDC_GetFSCfgDesc                  0x08004040   Section        0  usbd_cdc.o(i.USBD_CDC_GetFSCfgDesc)
    USBD_CDC_GetFSCfgDesc                    0x08004041   Thumb Code    64  usbd_cdc.o(i.USBD_CDC_GetFSCfgDesc)
    i.USBD_CDC_GetHSCfgDesc                  0x08004084   Section        0  usbd_cdc.o(i.USBD_CDC_GetHSCfgDesc)
    USBD_CDC_GetHSCfgDesc                    0x08004085   Thumb Code    68  usbd_cdc.o(i.USBD_CDC_GetHSCfgDesc)
    i.USBD_CDC_GetOtherSpeedCfgDesc          0x080040cc   Section        0  usbd_cdc.o(i.USBD_CDC_GetOtherSpeedCfgDesc)
    USBD_CDC_GetOtherSpeedCfgDesc            0x080040cd   Thumb Code    64  usbd_cdc.o(i.USBD_CDC_GetOtherSpeedCfgDesc)
    i.USBD_CDC_Init                          0x08004110   Section        0  usbd_cdc.o(i.USBD_CDC_Init)
    USBD_CDC_Init                            0x08004111   Thumb Code   404  usbd_cdc.o(i.USBD_CDC_Init)
    i.USBD_CDC_ReceivePacket                 0x080042b0   Section        0  usbd_cdc.o(i.USBD_CDC_ReceivePacket)
    i.USBD_CDC_RegisterInterface             0x08004300   Section        0  usbd_cdc.o(i.USBD_CDC_RegisterInterface)
    i.USBD_CDC_SetRxBuffer                   0x08004318   Section        0  usbd_cdc.o(i.USBD_CDC_SetRxBuffer)
    i.USBD_CDC_SetTxBuffer                   0x08004336   Section        0  usbd_cdc.o(i.USBD_CDC_SetTxBuffer)
    i.USBD_CDC_Setup                         0x0800435a   Section        0  usbd_cdc.o(i.USBD_CDC_Setup)
    USBD_CDC_Setup                           0x0800435b   Thumb Code   320  usbd_cdc.o(i.USBD_CDC_Setup)
    i.USBD_CDC_TransmitPacket                0x0800449c   Section        0  usbd_cdc.o(i.USBD_CDC_TransmitPacket)
    i.USBD_ClrClassConfig                    0x080044f8   Section        0  usbd_core.o(i.USBD_ClrClassConfig)
    i.USBD_ClrFeature                        0x08004514   Section        0  usbd_ctlreq.o(i.USBD_ClrFeature)
    USBD_ClrFeature                          0x08004515   Thumb Code    62  usbd_ctlreq.o(i.USBD_ClrFeature)
    i.USBD_CoreFindEP                        0x08004552   Section        0  usbd_core.o(i.USBD_CoreFindEP)
    i.USBD_CoreFindIF                        0x08004558   Section        0  usbd_core.o(i.USBD_CoreFindIF)
    i.USBD_CtlContinueRx                     0x0800455e   Section        0  usbd_ioreq.o(i.USBD_CtlContinueRx)
    i.USBD_CtlContinueSendData               0x08004576   Section        0  usbd_ioreq.o(i.USBD_CtlContinueSendData)
    i.USBD_CtlError                          0x0800458e   Section        0  usbd_ctlreq.o(i.USBD_CtlError)
    i.USBD_CtlPrepareRx                      0x080045a6   Section        0  usbd_ioreq.o(i.USBD_CtlPrepareRx)
    i.USBD_CtlReceiveStatus                  0x080045ce   Section        0  usbd_ioreq.o(i.USBD_CtlReceiveStatus)
    i.USBD_CtlSendData                       0x080045e8   Section        0  usbd_ioreq.o(i.USBD_CtlSendData)
    i.USBD_CtlSendStatus                     0x0800460a   Section        0  usbd_ioreq.o(i.USBD_CtlSendStatus)
    i.USBD_GetConfig                         0x08004624   Section        0  usbd_ctlreq.o(i.USBD_GetConfig)
    USBD_GetConfig                           0x08004625   Thumb Code    86  usbd_ctlreq.o(i.USBD_GetConfig)
    i.USBD_GetDescriptor                     0x0800467a   Section        0  usbd_ctlreq.o(i.USBD_GetDescriptor)
    USBD_GetDescriptor                       0x0800467b   Thumb Code   508  usbd_ctlreq.o(i.USBD_GetDescriptor)
    i.USBD_GetEpDesc                         0x08004876   Section        0  usbd_core.o(i.USBD_GetEpDesc)
    i.USBD_GetLen                            0x080048c6   Section        0  usbd_ctlreq.o(i.USBD_GetLen)
    USBD_GetLen                              0x080048c7   Thumb Code    22  usbd_ctlreq.o(i.USBD_GetLen)
    i.USBD_GetNextDesc                       0x080048dc   Section        0  usbd_core.o(i.USBD_GetNextDesc)
    i.USBD_GetStatus                         0x080048f0   Section        0  usbd_ctlreq.o(i.USBD_GetStatus)
    USBD_GetStatus                           0x080048f1   Thumb Code    90  usbd_ctlreq.o(i.USBD_GetStatus)
    i.USBD_GetString                         0x0800494a   Section        0  usbd_ctlreq.o(i.USBD_GetString)
    i.USBD_Get_USB_Status                    0x0800499e   Section        0  usbd_conf.o(i.USBD_Get_USB_Status)
    i.USBD_HS_ConfigStrDescriptor            0x080049cc   Section        0  usbd_desc.o(i.USBD_HS_ConfigStrDescriptor)
    i.USBD_HS_DeviceDescriptor               0x08004a00   Section        0  usbd_desc.o(i.USBD_HS_DeviceDescriptor)
    i.USBD_HS_InterfaceStrDescriptor         0x08004a10   Section        0  usbd_desc.o(i.USBD_HS_InterfaceStrDescriptor)
    i.USBD_HS_LangIDStrDescriptor            0x08004a48   Section        0  usbd_desc.o(i.USBD_HS_LangIDStrDescriptor)
    i.USBD_HS_ManufacturerStrDescriptor      0x08004a58   Section        0  usbd_desc.o(i.USBD_HS_ManufacturerStrDescriptor)
    i.USBD_HS_ProductStrDescriptor           0x08004a84   Section        0  usbd_desc.o(i.USBD_HS_ProductStrDescriptor)
    i.USBD_HS_SerialStrDescriptor            0x08004ac4   Section        0  usbd_desc.o(i.USBD_HS_SerialStrDescriptor)
    i.USBD_Init                              0x08004adc   Section        0  usbd_core.o(i.USBD_Init)
    i.USBD_LL_ClearStallEP                   0x08004b16   Section        0  usbd_conf.o(i.USBD_LL_ClearStallEP)
    i.USBD_LL_CloseEP                        0x08004b3c   Section        0  usbd_conf.o(i.USBD_LL_CloseEP)
    i.USBD_LL_DataInStage                    0x08004b62   Section        0  usbd_core.o(i.USBD_LL_DataInStage)
    i.USBD_LL_DataOutStage                   0x08004c6a   Section        0  usbd_core.o(i.USBD_LL_DataOutStage)
    i.USBD_LL_DevConnected                   0x08004d6c   Section        0  usbd_core.o(i.USBD_LL_DevConnected)
    i.USBD_LL_DevDisconnected                0x08004d72   Section        0  usbd_core.o(i.USBD_LL_DevDisconnected)
    i.USBD_LL_GetRxDataSize                  0x08004d98   Section        0  usbd_conf.o(i.USBD_LL_GetRxDataSize)
    i.USBD_LL_Init                           0x08004dac   Section        0  usbd_conf.o(i.USBD_LL_Init)
    i.USBD_LL_IsStallEP                      0x08004e1c   Section        0  usbd_conf.o(i.USBD_LL_IsStallEP)
    i.USBD_LL_IsoINIncomplete                0x08004e54   Section        0  usbd_core.o(i.USBD_LL_IsoINIncomplete)
    i.USBD_LL_IsoOUTIncomplete               0x08004e9c   Section        0  usbd_core.o(i.USBD_LL_IsoOUTIncomplete)
    i.USBD_LL_OpenEP                         0x08004ee4   Section        0  usbd_conf.o(i.USBD_LL_OpenEP)
    i.USBD_LL_PrepareReceive                 0x08004f14   Section        0  usbd_conf.o(i.USBD_LL_PrepareReceive)
    i.USBD_LL_Reset                          0x08004f44   Section        0  usbd_core.o(i.USBD_LL_Reset)
    i.USBD_LL_Resume                         0x08004fb0   Section        0  usbd_core.o(i.USBD_LL_Resume)
    i.USBD_LL_SOF                            0x08004fc6   Section        0  usbd_core.o(i.USBD_LL_SOF)
    i.USBD_LL_SetSpeed                       0x08004fee   Section        0  usbd_core.o(i.USBD_LL_SetSpeed)
    i.USBD_LL_SetUSBAddress                  0x08004ff6   Section        0  usbd_conf.o(i.USBD_LL_SetUSBAddress)
    i.USBD_LL_SetupStage                     0x0800501c   Section        0  usbd_core.o(i.USBD_LL_SetupStage)
    i.USBD_LL_StallEP                        0x08005092   Section        0  usbd_conf.o(i.USBD_LL_StallEP)
    i.USBD_LL_Start                          0x080050b8   Section        0  usbd_conf.o(i.USBD_LL_Start)
    i.USBD_LL_Suspend                        0x080050d6   Section        0  usbd_core.o(i.USBD_LL_Suspend)
    i.USBD_LL_Transmit                       0x080050f2   Section        0  usbd_conf.o(i.USBD_LL_Transmit)
    i.USBD_ParseSetupRequest                 0x08005122   Section        0  usbd_ctlreq.o(i.USBD_ParseSetupRequest)
    i.USBD_RegisterClass                     0x08005158   Section        0  usbd_core.o(i.USBD_RegisterClass)
    i.USBD_RunTestMode                       0x080051a0   Section        0  usbd_core.o(i.USBD_RunTestMode)
    i.USBD_SetAddress                        0x080051a6   Section        0  usbd_ctlreq.o(i.USBD_SetAddress)
    USBD_SetAddress                          0x080051a7   Thumb Code    90  usbd_ctlreq.o(i.USBD_SetAddress)
    i.USBD_SetClassConfig                    0x08005200   Section        0  usbd_core.o(i.USBD_SetClassConfig)
    i.USBD_SetConfig                         0x08005220   Section        0  usbd_ctlreq.o(i.USBD_SetConfig)
    USBD_SetConfig                           0x08005221   Thumb Code   254  usbd_ctlreq.o(i.USBD_SetConfig)
    i.USBD_SetFeature                        0x08005324   Section        0  usbd_ctlreq.o(i.USBD_SetFeature)
    USBD_SetFeature                          0x08005325   Thumb Code    56  usbd_ctlreq.o(i.USBD_SetFeature)
    i.USBD_Start                             0x0800535c   Section        0  usbd_core.o(i.USBD_Start)
    i.USBD_StdDevReq                         0x08005368   Section        0  usbd_ctlreq.o(i.USBD_StdDevReq)
    i.USBD_StdEPReq                          0x08005416   Section        0  usbd_ctlreq.o(i.USBD_StdEPReq)
    i.USBD_StdItfReq                         0x08005696   Section        0  usbd_ctlreq.o(i.USBD_StdItfReq)
    i.USBD_static_free                       0x08005744   Section        0  usbd_conf.o(i.USBD_static_free)
    i.USBD_static_malloc                     0x08005748   Section        0  usbd_conf.o(i.USBD_static_malloc)
    i.USB_ActivateEndpoint                   0x08005754   Section        0  stm32h7xx_ll_usb.o(i.USB_ActivateEndpoint)
    i.USB_ActivateSetup                      0x08005824   Section        0  stm32h7xx_ll_usb.o(i.USB_ActivateSetup)
    i.USB_CoreInit                           0x0800584c   Section        0  stm32h7xx_ll_usb.o(i.USB_CoreInit)
    i.USB_CoreReset                          0x080058e4   Section        0  stm32h7xx_ll_usb.o(i.USB_CoreReset)
    USB_CoreReset                            0x080058e5   Thumb Code    84  stm32h7xx_ll_usb.o(i.USB_CoreReset)
    i.USB_DeactivateEndpoint                 0x0800593c   Section        0  stm32h7xx_ll_usb.o(i.USB_DeactivateEndpoint)
    i.USB_DevConnect                         0x08005a88   Section        0  stm32h7xx_ll_usb.o(i.USB_DevConnect)
    i.USB_DevDisconnect                      0x08005aac   Section        0  stm32h7xx_ll_usb.o(i.USB_DevDisconnect)
    i.USB_DevInit                            0x08005ad0   Section        0  stm32h7xx_ll_usb.o(i.USB_DevInit)
    i.USB_DisableGlobalInt                   0x08005ca8   Section        0  stm32h7xx_ll_usb.o(i.USB_DisableGlobalInt)
    i.USB_EP0_OutStart                       0x08005cb8   Section        0  stm32h7xx_ll_usb.o(i.USB_EP0_OutStart)
    i.USB_EPClearStall                       0x08005d28   Section        0  stm32h7xx_ll_usb.o(i.USB_EPClearStall)
    i.USB_EPSetStall                         0x08005db6   Section        0  stm32h7xx_ll_usb.o(i.USB_EPSetStall)
    i.USB_EPStartXfer                        0x08005e50   Section        0  stm32h7xx_ll_usb.o(i.USB_EPStartXfer)
    i.USB_EPStopXfer                         0x08006204   Section        0  stm32h7xx_ll_usb.o(i.USB_EPStopXfer)
    i.USB_EnableGlobalInt                    0x080062f0   Section        0  stm32h7xx_ll_usb.o(i.USB_EnableGlobalInt)
    i.USB_FlushRxFifo                        0x08006300   Section        0  stm32h7xx_ll_usb.o(i.USB_FlushRxFifo)
    i.USB_FlushTxFifo                        0x08006354   Section        0  stm32h7xx_ll_usb.o(i.USB_FlushTxFifo)
    i.USB_GetDevSpeed                        0x080063ac   Section        0  stm32h7xx_ll_usb.o(i.USB_GetDevSpeed)
    i.USB_GetMode                            0x080063d2   Section        0  stm32h7xx_ll_usb.o(i.USB_GetMode)
    i.USB_ReadDevAllInEpInterrupt            0x080063dc   Section        0  stm32h7xx_ll_usb.o(i.USB_ReadDevAllInEpInterrupt)
    i.USB_ReadDevAllOutEpInterrupt           0x080063f0   Section        0  stm32h7xx_ll_usb.o(i.USB_ReadDevAllOutEpInterrupt)
    i.USB_ReadDevInEPInterrupt               0x08006404   Section        0  stm32h7xx_ll_usb.o(i.USB_ReadDevInEPInterrupt)
    i.USB_ReadDevOutEPInterrupt              0x08006436   Section        0  stm32h7xx_ll_usb.o(i.USB_ReadDevOutEPInterrupt)
    i.USB_ReadInterrupts                     0x08006450   Section        0  stm32h7xx_ll_usb.o(i.USB_ReadInterrupts)
    i.USB_ReadPacket                         0x0800645a   Section        0  stm32h7xx_ll_usb.o(i.USB_ReadPacket)
    i.USB_SetCurrentMode                     0x080064ba   Section        0  stm32h7xx_ll_usb.o(i.USB_SetCurrentMode)
    i.USB_SetDevAddress                      0x08006522   Section        0  stm32h7xx_ll_usb.o(i.USB_SetDevAddress)
    i.USB_SetDevSpeed                        0x0800654c   Section        0  stm32h7xx_ll_usb.o(i.USB_SetDevSpeed)
    i.USB_SetTurnaroundTime                  0x08006560   Section        0  stm32h7xx_ll_usb.o(i.USB_SetTurnaroundTime)
    i.USB_WritePacket                        0x08006648   Section        0  stm32h7xx_ll_usb.o(i.USB_WritePacket)
    i.USB_printf                             0x0800668c   Section        0  usbd_cdc_if.o(i.USB_printf)
    i.UsageFault_Handler                     0x080066f0   Section        0  stm32h7xx_it.o(i.UsageFault_Handler)
    i.__0vsnprintf                           0x080066f4   Section        0  printfa.o(i.__0vsnprintf)
    i.__NVIC_GetPriorityGrouping             0x08006720   Section        0  stm32h7xx_hal_cortex.o(i.__NVIC_GetPriorityGrouping)
    __NVIC_GetPriorityGrouping               0x08006721   Thumb Code    10  stm32h7xx_hal_cortex.o(i.__NVIC_GetPriorityGrouping)
    i.__NVIC_SetPriority                     0x08006730   Section        0  stm32h7xx_hal_cortex.o(i.__NVIC_SetPriority)
    __NVIC_SetPriority                       0x08006731   Thumb Code    32  stm32h7xx_hal_cortex.o(i.__NVIC_SetPriority)
    i.__scatterload_copy                     0x08006758   Section       14  handlers.o(i.__scatterload_copy)
    i.__scatterload_null                     0x08006766   Section        2  handlers.o(i.__scatterload_null)
    i.__scatterload_zeroinit                 0x08006768   Section       14  handlers.o(i.__scatterload_zeroinit)
    i._fp_digits                             0x08006778   Section        0  printfa.o(i._fp_digits)
    _fp_digits                               0x08006779   Thumb Code   366  printfa.o(i._fp_digits)
    i._printf_core                           0x080068fc   Section        0  printfa.o(i._printf_core)
    _printf_core                             0x080068fd   Thumb Code  1744  printfa.o(i._printf_core)
    i._printf_post_padding                   0x08006fd8   Section        0  printfa.o(i._printf_post_padding)
    _printf_post_padding                     0x08006fd9   Thumb Code    36  printfa.o(i._printf_post_padding)
    i._printf_pre_padding                    0x08006ffc   Section        0  printfa.o(i._printf_pre_padding)
    _printf_pre_padding                      0x08006ffd   Thumb Code    46  printfa.o(i._printf_pre_padding)
    i._snputc                                0x0800702a   Section        0  printfa.o(i._snputc)
    _snputc                                  0x0800702b   Thumb Code    22  printfa.o(i._snputc)
    i.main                                   0x08007040   Section        0  main.o(i.main)
    .constdata                               0x0800713c   Section       16  system_stm32h7xx.o(.constdata)
    .data                                    0x24000000   Section     1522  main.o(.data)
    .data                                    0x240005f4   Section       78  usbd_desc.o(.data)
    .data                                    0x24000644   Section       20  usbd_cdc_if.o(.data)
    .data                                    0x24000658   Section        9  stm32h7xx_hal.o(.data)
    .data                                    0x24000664   Section        8  system_stm32h7xx.o(.data)
    .data                                    0x2400066c   Section        1  usbd_ctlreq.o(.data)
    cfgidx                                   0x2400066c   Data           1  usbd_ctlreq.o(.data)
    .data                                    0x24000670   Section      138  usbd_cdc.o(.data)
    USBD_CDC_DeviceQualifierDesc             0x24000670   Data          10  usbd_cdc.o(.data)
    USBD_CDC_CfgDesc                         0x240006b4   Data          67  usbd_cdc.o(.data)
    CDCInEpAdd                               0x240006f7   Data           1  usbd_cdc.o(.data)
    CDCOutEpAdd                              0x240006f8   Data           1  usbd_cdc.o(.data)
    CDCCmdEpAdd                              0x240006f9   Data           1  usbd_cdc.o(.data)
    .bss                                     0x240006fc   Section      732  usb_device.o(.bss)
    .bss                                     0x240009d8   Section      512  usbd_desc.o(.bss)
    .bss                                     0x24000bd8   Section     4096  usbd_cdc_if.o(.bss)
    .bss                                     0x24001bd8   Section     1836  usbd_conf.o(.bss)
    mem                                      0x240020e4   Data         544  usbd_conf.o(.bss)
    STACK                                    0x24002308   Section    12288  startup_stm32h723xx.o(STACK)

    Global Symbols

    Symbol Name                              Value     Ov Type        Size  Object(Section)

    BuildAttributes$$THM_ISAv4$E$P$D$K$B$S$7EM$VFPv5_D16$PE$PLD8$A:L22UL41UL21$X:L11$S22US41US21$IEEE1$IW$USESV6$~STKCKD$USESV7$~SHL$OSPACE$ROPI$EBA8$MICROLIB$REQ8$PRES8$EABIv2 0x00000000   Number         0  anon$$obj.o ABSOLUTE
    __ARM_use_no_argv                        0x00000000   Number         0  main.o ABSOLUTE
    __cpp_initialize__aeabi_                  - Undefined Weak Reference
    __cxa_finalize                            - Undefined Weak Reference
    _clock_init                               - Undefined Weak Reference
    _microlib_exit                            - Undefined Weak Reference
    __Vectors_Size                           0x000002cc   Number         0  startup_stm32h723xx.o ABSOLUTE
    __Vectors                                0x08000000   Data           4  startup_stm32h723xx.o(RESET)
    __Vectors_End                            0x080002cc   Data           0  startup_stm32h723xx.o(RESET)
    __main                                   0x080002cd   Thumb Code     0  entry.o(.ARM.Collect$$$$00000000)
    _main_stk                                0x080002cd   Thumb Code     0  entry2.o(.ARM.Collect$$$$00000001)
    _main_scatterload                        0x080002d1   Thumb Code     0  entry5.o(.ARM.Collect$$$$00000004)
    __main_after_scatterload                 0x080002d5   Thumb Code     0  entry5.o(.ARM.Collect$$$$00000004)
    _main_clock                              0x080002d5   Thumb Code     0  entry7b.o(.ARM.Collect$$$$00000008)
    _main_cpp_init                           0x080002d5   Thumb Code     0  entry8b.o(.ARM.Collect$$$$0000000A)
    _main_init                               0x080002d5   Thumb Code     0  entry9a.o(.ARM.Collect$$$$0000000B)
    __rt_final_cpp                           0x080002dd   Thumb Code     0  entry10a.o(.ARM.Collect$$$$0000000D)
    __rt_final_exit                          0x080002dd   Thumb Code     0  entry11a.o(.ARM.Collect$$$$0000000F)
    Reset_Handler                            0x080002e1   Thumb Code     8  startup_stm32h723xx.o(.text)
    ADC3_IRQHandler                          0x080002fb   Thumb Code     0  startup_stm32h723xx.o(.text)
    ADC_IRQHandler                           0x080002fb   Thumb Code     0  startup_stm32h723xx.o(.text)
    BDMA_Channel0_IRQHandler                 0x080002fb   Thumb Code     0  startup_stm32h723xx.o(.text)
    BDMA_Channel1_IRQHandler                 0x080002fb   Thumb Code     0  startup_stm32h723xx.o(.text)
    BDMA_Channel2_IRQHandler                 0x080002fb   Thumb Code     0  startup_stm32h723xx.o(.text)
    BDMA_Channel3_IRQHandler                 0x080002fb   Thumb Code     0  startup_stm32h723xx.o(.text)
    BDMA_Channel4_IRQHandler                 0x080002fb   Thumb Code     0  startup_stm32h723xx.o(.text)
    BDMA_Channel5_IRQHandler                 0x080002fb   Thumb Code     0  startup_stm32h723xx.o(.text)
    BDMA_Channel6_IRQHandler                 0x080002fb   Thumb Code     0  startup_stm32h723xx.o(.text)
    BDMA_Channel7_IRQHandler                 0x080002fb   Thumb Code     0  startup_stm32h723xx.o(.text)
    CEC_IRQHandler                           0x080002fb   Thumb Code     0  startup_stm32h723xx.o(.text)
    COMP1_IRQHandler                         0x080002fb   Thumb Code     0  startup_stm32h723xx.o(.text)
    CORDIC_IRQHandler                        0x080002fb   Thumb Code     0  startup_stm32h723xx.o(.text)
    CRS_IRQHandler                           0x080002fb   Thumb Code     0  startup_stm32h723xx.o(.text)
    DCMI_PSSI_IRQHandler                     0x080002fb   Thumb Code     0  startup_stm32h723xx.o(.text)
    DFSDM1_FLT0_IRQHandler                   0x080002fb   Thumb Code     0  startup_stm32h723xx.o(.text)
    DFSDM1_FLT1_IRQHandler                   0x080002fb   Thumb Code     0  startup_stm32h723xx.o(.text)
    DFSDM1_FLT2_IRQHandler                   0x080002fb   Thumb Code     0  startup_stm32h723xx.o(.text)
    DFSDM1_FLT3_IRQHandler                   0x080002fb   Thumb Code     0  startup_stm32h723xx.o(.text)
    DMA1_Stream0_IRQHandler                  0x080002fb   Thumb Code     0  startup_stm32h723xx.o(.text)
    DMA1_Stream1_IRQHandler                  0x080002fb   Thumb Code     0  startup_stm32h723xx.o(.text)
    DMA1_Stream2_IRQHandler                  0x080002fb   Thumb Code     0  startup_stm32h723xx.o(.text)
    DMA1_Stream3_IRQHandler                  0x080002fb   Thumb Code     0  startup_stm32h723xx.o(.text)
    DMA1_Stream4_IRQHandler                  0x080002fb   Thumb Code     0  startup_stm32h723xx.o(.text)
    DMA1_Stream5_IRQHandler                  0x080002fb   Thumb Code     0  startup_stm32h723xx.o(.text)
    DMA1_Stream6_IRQHandler                  0x080002fb   Thumb Code     0  startup_stm32h723xx.o(.text)
    DMA1_Stream7_IRQHandler                  0x080002fb   Thumb Code     0  startup_stm32h723xx.o(.text)
    DMA2D_IRQHandler                         0x080002fb   Thumb Code     0  startup_stm32h723xx.o(.text)
    DMA2_Stream0_IRQHandler                  0x080002fb   Thumb Code     0  startup_stm32h723xx.o(.text)
    DMA2_Stream1_IRQHandler                  0x080002fb   Thumb Code     0  startup_stm32h723xx.o(.text)
    DMA2_Stream2_IRQHandler                  0x080002fb   Thumb Code     0  startup_stm32h723xx.o(.text)
    DMA2_Stream3_IRQHandler                  0x080002fb   Thumb Code     0  startup_stm32h723xx.o(.text)
    DMA2_Stream4_IRQHandler                  0x080002fb   Thumb Code     0  startup_stm32h723xx.o(.text)
    DMA2_Stream5_IRQHandler                  0x080002fb   Thumb Code     0  startup_stm32h723xx.o(.text)
    DMA2_Stream6_IRQHandler                  0x080002fb   Thumb Code     0  startup_stm32h723xx.o(.text)
    DMA2_Stream7_IRQHandler                  0x080002fb   Thumb Code     0  startup_stm32h723xx.o(.text)
    DMAMUX1_OVR_IRQHandler                   0x080002fb   Thumb Code     0  startup_stm32h723xx.o(.text)
    DMAMUX2_OVR_IRQHandler                   0x080002fb   Thumb Code     0  startup_stm32h723xx.o(.text)
    DTS_IRQHandler                           0x080002fb   Thumb Code     0  startup_stm32h723xx.o(.text)
    ECC_IRQHandler                           0x080002fb   Thumb Code     0  startup_stm32h723xx.o(.text)
    ETH_IRQHandler                           0x080002fb   Thumb Code     0  startup_stm32h723xx.o(.text)
    ETH_WKUP_IRQHandler                      0x080002fb   Thumb Code     0  startup_stm32h723xx.o(.text)
    EXTI0_IRQHandler                         0x080002fb   Thumb Code     0  startup_stm32h723xx.o(.text)
    EXTI15_10_IRQHandler                     0x080002fb   Thumb Code     0  startup_stm32h723xx.o(.text)
    EXTI1_IRQHandler                         0x080002fb   Thumb Code     0  startup_stm32h723xx.o(.text)
    EXTI2_IRQHandler                         0x080002fb   Thumb Code     0  startup_stm32h723xx.o(.text)
    EXTI3_IRQHandler                         0x080002fb   Thumb Code     0  startup_stm32h723xx.o(.text)
    EXTI4_IRQHandler                         0x080002fb   Thumb Code     0  startup_stm32h723xx.o(.text)
    EXTI9_5_IRQHandler                       0x080002fb   Thumb Code     0  startup_stm32h723xx.o(.text)
    FDCAN1_IT0_IRQHandler                    0x080002fb   Thumb Code     0  startup_stm32h723xx.o(.text)
    FDCAN1_IT1_IRQHandler                    0x080002fb   Thumb Code     0  startup_stm32h723xx.o(.text)
    FDCAN2_IT0_IRQHandler                    0x080002fb   Thumb Code     0  startup_stm32h723xx.o(.text)
    FDCAN2_IT1_IRQHandler                    0x080002fb   Thumb Code     0  startup_stm32h723xx.o(.text)
    FDCAN3_IT0_IRQHandler                    0x080002fb   Thumb Code     0  startup_stm32h723xx.o(.text)
    FDCAN3_IT1_IRQHandler                    0x080002fb   Thumb Code     0  startup_stm32h723xx.o(.text)
    FDCAN_CAL_IRQHandler                     0x080002fb   Thumb Code     0  startup_stm32h723xx.o(.text)
    FLASH_IRQHandler                         0x080002fb   Thumb Code     0  startup_stm32h723xx.o(.text)
    FMAC_IRQHandler                          0x080002fb   Thumb Code     0  startup_stm32h723xx.o(.text)
    FMC_IRQHandler                           0x080002fb   Thumb Code     0  startup_stm32h723xx.o(.text)
    FPU_IRQHandler                           0x080002fb   Thumb Code     0  startup_stm32h723xx.o(.text)
    HSEM1_IRQHandler                         0x080002fb   Thumb Code     0  startup_stm32h723xx.o(.text)
    I2C1_ER_IRQHandler                       0x080002fb   Thumb Code     0  startup_stm32h723xx.o(.text)
    I2C1_EV_IRQHandler                       0x080002fb   Thumb Code     0  startup_stm32h723xx.o(.text)
    I2C2_ER_IRQHandler                       0x080002fb   Thumb Code     0  startup_stm32h723xx.o(.text)
    I2C2_EV_IRQHandler                       0x080002fb   Thumb Code     0  startup_stm32h723xx.o(.text)
    I2C3_ER_IRQHandler                       0x080002fb   Thumb Code     0  startup_stm32h723xx.o(.text)
    I2C3_EV_IRQHandler                       0x080002fb   Thumb Code     0  startup_stm32h723xx.o(.text)
    I2C4_ER_IRQHandler                       0x080002fb   Thumb Code     0  startup_stm32h723xx.o(.text)
    I2C4_EV_IRQHandler                       0x080002fb   Thumb Code     0  startup_stm32h723xx.o(.text)
    I2C5_ER_IRQHandler                       0x080002fb   Thumb Code     0  startup_stm32h723xx.o(.text)
    I2C5_EV_IRQHandler                       0x080002fb   Thumb Code     0  startup_stm32h723xx.o(.text)
    LPTIM1_IRQHandler                        0x080002fb   Thumb Code     0  startup_stm32h723xx.o(.text)
    LPTIM2_IRQHandler                        0x080002fb   Thumb Code     0  startup_stm32h723xx.o(.text)
    LPTIM3_IRQHandler                        0x080002fb   Thumb Code     0  startup_stm32h723xx.o(.text)
    LPTIM4_IRQHandler                        0x080002fb   Thumb Code     0  startup_stm32h723xx.o(.text)
    LPTIM5_IRQHandler                        0x080002fb   Thumb Code     0  startup_stm32h723xx.o(.text)
    LPUART1_IRQHandler                       0x080002fb   Thumb Code     0  startup_stm32h723xx.o(.text)
    LTDC_ER_IRQHandler                       0x080002fb   Thumb Code     0  startup_stm32h723xx.o(.text)
    LTDC_IRQHandler                          0x080002fb   Thumb Code     0  startup_stm32h723xx.o(.text)
    MDIOS_IRQHandler                         0x080002fb   Thumb Code     0  startup_stm32h723xx.o(.text)
    MDIOS_WKUP_IRQHandler                    0x080002fb   Thumb Code     0  startup_stm32h723xx.o(.text)
    MDMA_IRQHandler                          0x080002fb   Thumb Code     0  startup_stm32h723xx.o(.text)
    OCTOSPI1_IRQHandler                      0x080002fb   Thumb Code     0  startup_stm32h723xx.o(.text)
    OCTOSPI2_IRQHandler                      0x080002fb   Thumb Code     0  startup_stm32h723xx.o(.text)
    OTG_HS_EP1_IN_IRQHandler                 0x080002fb   Thumb Code     0  startup_stm32h723xx.o(.text)
    OTG_HS_EP1_OUT_IRQHandler                0x080002fb   Thumb Code     0  startup_stm32h723xx.o(.text)
    OTG_HS_WKUP_IRQHandler                   0x080002fb   Thumb Code     0  startup_stm32h723xx.o(.text)
    PVD_AVD_IRQHandler                       0x080002fb   Thumb Code     0  startup_stm32h723xx.o(.text)
    RCC_IRQHandler                           0x080002fb   Thumb Code     0  startup_stm32h723xx.o(.text)
    RNG_IRQHandler                           0x080002fb   Thumb Code     0  startup_stm32h723xx.o(.text)
    RTC_Alarm_IRQHandler                     0x080002fb   Thumb Code     0  startup_stm32h723xx.o(.text)
    RTC_WKUP_IRQHandler                      0x080002fb   Thumb Code     0  startup_stm32h723xx.o(.text)
    SAI1_IRQHandler                          0x080002fb   Thumb Code     0  startup_stm32h723xx.o(.text)
    SAI4_IRQHandler                          0x080002fb   Thumb Code     0  startup_stm32h723xx.o(.text)
    SDMMC1_IRQHandler                        0x080002fb   Thumb Code     0  startup_stm32h723xx.o(.text)
    SDMMC2_IRQHandler                        0x080002fb   Thumb Code     0  startup_stm32h723xx.o(.text)
    SPDIF_RX_IRQHandler                      0x080002fb   Thumb Code     0  startup_stm32h723xx.o(.text)
    SPI1_IRQHandler                          0x080002fb   Thumb Code     0  startup_stm32h723xx.o(.text)
    SPI2_IRQHandler                          0x080002fb   Thumb Code     0  startup_stm32h723xx.o(.text)
    SPI3_IRQHandler                          0x080002fb   Thumb Code     0  startup_stm32h723xx.o(.text)
    SPI4_IRQHandler                          0x080002fb   Thumb Code     0  startup_stm32h723xx.o(.text)
    SPI5_IRQHandler                          0x080002fb   Thumb Code     0  startup_stm32h723xx.o(.text)
    SPI6_IRQHandler                          0x080002fb   Thumb Code     0  startup_stm32h723xx.o(.text)
    SWPMI1_IRQHandler                        0x080002fb   Thumb Code     0  startup_stm32h723xx.o(.text)
    TAMP_STAMP_IRQHandler                    0x080002fb   Thumb Code     0  startup_stm32h723xx.o(.text)
    TIM15_IRQHandler                         0x080002fb   Thumb Code     0  startup_stm32h723xx.o(.text)
    TIM16_IRQHandler                         0x080002fb   Thumb Code     0  startup_stm32h723xx.o(.text)
    TIM17_IRQHandler                         0x080002fb   Thumb Code     0  startup_stm32h723xx.o(.text)
    TIM1_BRK_IRQHandler                      0x080002fb   Thumb Code     0  startup_stm32h723xx.o(.text)
    TIM1_CC_IRQHandler                       0x080002fb   Thumb Code     0  startup_stm32h723xx.o(.text)
    TIM1_TRG_COM_IRQHandler                  0x080002fb   Thumb Code     0  startup_stm32h723xx.o(.text)
    TIM1_UP_IRQHandler                       0x080002fb   Thumb Code     0  startup_stm32h723xx.o(.text)
    TIM23_IRQHandler                         0x080002fb   Thumb Code     0  startup_stm32h723xx.o(.text)
    TIM24_IRQHandler                         0x080002fb   Thumb Code     0  startup_stm32h723xx.o(.text)
    TIM2_IRQHandler                          0x080002fb   Thumb Code     0  startup_stm32h723xx.o(.text)
    TIM3_IRQHandler                          0x080002fb   Thumb Code     0  startup_stm32h723xx.o(.text)
    TIM4_IRQHandler                          0x080002fb   Thumb Code     0  startup_stm32h723xx.o(.text)
    TIM5_IRQHandler                          0x080002fb   Thumb Code     0  startup_stm32h723xx.o(.text)
    TIM6_DAC_IRQHandler                      0x080002fb   Thumb Code     0  startup_stm32h723xx.o(.text)
    TIM7_IRQHandler                          0x080002fb   Thumb Code     0  startup_stm32h723xx.o(.text)
    TIM8_BRK_TIM12_IRQHandler                0x080002fb   Thumb Code     0  startup_stm32h723xx.o(.text)
    TIM8_CC_IRQHandler                       0x080002fb   Thumb Code     0  startup_stm32h723xx.o(.text)
    TIM8_TRG_COM_TIM14_IRQHandler            0x080002fb   Thumb Code     0  startup_stm32h723xx.o(.text)
    TIM8_UP_TIM13_IRQHandler                 0x080002fb   Thumb Code     0  startup_stm32h723xx.o(.text)
    UART4_IRQHandler                         0x080002fb   Thumb Code     0  startup_stm32h723xx.o(.text)
    UART5_IRQHandler                         0x080002fb   Thumb Code     0  startup_stm32h723xx.o(.text)
    UART7_IRQHandler                         0x080002fb   Thumb Code     0  startup_stm32h723xx.o(.text)
    UART8_IRQHandler                         0x080002fb   Thumb Code     0  startup_stm32h723xx.o(.text)
    UART9_IRQHandler                         0x080002fb   Thumb Code     0  startup_stm32h723xx.o(.text)
    USART10_IRQHandler                       0x080002fb   Thumb Code     0  startup_stm32h723xx.o(.text)
    USART1_IRQHandler                        0x080002fb   Thumb Code     0  startup_stm32h723xx.o(.text)
    USART2_IRQHandler                        0x080002fb   Thumb Code     0  startup_stm32h723xx.o(.text)
    USART3_IRQHandler                        0x080002fb   Thumb Code     0  startup_stm32h723xx.o(.text)
    USART6_IRQHandler                        0x080002fb   Thumb Code     0  startup_stm32h723xx.o(.text)
    WAKEUP_PIN_IRQHandler                    0x080002fb   Thumb Code     0  startup_stm32h723xx.o(.text)
    WWDG_IRQHandler                          0x080002fb   Thumb Code     0  startup_stm32h723xx.o(.text)
    __aeabi_memcpy                           0x08000305   Thumb Code    36  memcpya.o(.text)
    __aeabi_memcpy4                          0x08000305   Thumb Code     0  memcpya.o(.text)
    __aeabi_memcpy8                          0x08000305   Thumb Code     0  memcpya.o(.text)
    __aeabi_memset                           0x08000329   Thumb Code    14  memseta.o(.text)
    __aeabi_memset4                          0x08000329   Thumb Code     0  memseta.o(.text)
    __aeabi_memset8                          0x08000329   Thumb Code     0  memseta.o(.text)
    __aeabi_memclr                           0x08000337   Thumb Code     4  memseta.o(.text)
    __aeabi_memclr4                          0x08000337   Thumb Code     0  memseta.o(.text)
    __aeabi_memclr8                          0x08000337   Thumb Code     0  memseta.o(.text)
    _memset$wrapper                          0x0800033b   Thumb Code    18  memseta.o(.text)
    __aeabi_uidiv                            0x0800034d   Thumb Code     0  uidiv.o(.text)
    __aeabi_uidivmod                         0x0800034d   Thumb Code    44  uidiv.o(.text)
    __aeabi_uldivmod                         0x08000379   Thumb Code    98  uldiv.o(.text)
    __I$use$fp                               0x080003db   Thumb Code     0  iusefp.o(.text)
    __aeabi_dadd                             0x080003db   Thumb Code   322  dadd.o(.text)
    __aeabi_dsub                             0x0800051d   Thumb Code     6  dadd.o(.text)
    __aeabi_drsub                            0x08000523   Thumb Code     6  dadd.o(.text)
    __aeabi_dmul                             0x08000529   Thumb Code   228  dmul.o(.text)
    __aeabi_ddiv                             0x0800060d   Thumb Code   222  ddiv.o(.text)
    __aeabi_d2ulz                            0x080006eb   Thumb Code    48  dfixul.o(.text)
    __aeabi_cdrcmple                         0x0800071d   Thumb Code    48  cdrcmple.o(.text)
    __scatterload                            0x0800074d   Thumb Code    28  init.o(.text)
    __scatterload_rt2                        0x0800074d   Thumb Code     0  init.o(.text)
    __aeabi_llsl                             0x08000771   Thumb Code    30  llshl.o(.text)
    _ll_shift_l                              0x08000771   Thumb Code     0  llshl.o(.text)
    __aeabi_llsr                             0x0800078f   Thumb Code    32  llushr.o(.text)
    _ll_ushift_r                             0x0800078f   Thumb Code     0  llushr.o(.text)
    __aeabi_lasr                             0x080007af   Thumb Code    36  llsshr.o(.text)
    _ll_sshift_r                             0x080007af   Thumb Code     0  llsshr.o(.text)
    _double_round                            0x080007d3   Thumb Code    30  depilogue.o(.text)
    _double_epilogue                         0x080007f1   Thumb Code   156  depilogue.o(.text)
    __decompress                             0x0800088d   Thumb Code     0  __dczerorl2.o(.text)
    __decompress1                            0x0800088d   Thumb Code    86  __dczerorl2.o(.text)
    BusFault_Handler                         0x080008e3   Thumb Code     4  stm32h7xx_it.o(i.BusFault_Handler)
    CDC_Transmit_HS                          0x0800097d   Thumb Code    50  usbd_cdc_if.o(i.CDC_Transmit_HS)
    DebugMon_Handler                         0x080009b5   Thumb Code     2  stm32h7xx_it.o(i.DebugMon_Handler)
    Error_Handler                            0x080009b7   Thumb Code     4  main.o(i.Error_Handler)
    HAL_Delay                                0x080009f1   Thumb Code    36  stm32h7xx_hal.o(i.HAL_Delay)
    HAL_GPIO_Init                            0x08000a19   Thumb Code   446  stm32h7xx_hal_gpio.o(i.HAL_GPIO_Init)
    HAL_GPIO_TogglePin                       0x08000c09   Thumb Code    20  stm32h7xx_hal_gpio.o(i.HAL_GPIO_TogglePin)
    HAL_GPIO_WritePin                        0x08000c1d   Thumb Code    12  stm32h7xx_hal_gpio.o(i.HAL_GPIO_WritePin)
    HAL_GetTick                              0x08000c29   Thumb Code     6  stm32h7xx_hal.o(i.HAL_GetTick)
    HAL_IncTick                              0x08000c35   Thumb Code    16  stm32h7xx_hal.o(i.HAL_IncTick)
    HAL_Init                                 0x08000c4d   Thumb Code    80  stm32h7xx_hal.o(i.HAL_Init)
    HAL_InitTick                             0x08000cad   Thumb Code    74  stm32h7xx_hal.o(i.HAL_InitTick)
    HAL_MspInit                              0x08000d05   Thumb Code    32  stm32h7xx_hal_msp.o(i.HAL_MspInit)
    HAL_NVIC_EnableIRQ                       0x08000d29   Thumb Code    40  stm32h7xx_hal_cortex.o(i.HAL_NVIC_EnableIRQ)
    HAL_NVIC_SetPriority                     0x08000d51   Thumb Code   122  stm32h7xx_hal_cortex.o(i.HAL_NVIC_SetPriority)
    HAL_NVIC_SetPriorityGrouping             0x08000dcd   Thumb Code    32  stm32h7xx_hal_cortex.o(i.HAL_NVIC_SetPriorityGrouping)
    HAL_PCDEx_ActivateLPM                    0x08000df5   Thumb Code    36  stm32h7xx_hal_pcd_ex.o(i.HAL_PCDEx_ActivateLPM)
    HAL_PCDEx_LPM_Callback                   0x08000e1d   Thumb Code     2  stm32h7xx_hal_pcd_ex.o(i.HAL_PCDEx_LPM_Callback)
    HAL_PCDEx_SetRxFiFo                      0x08000e1f   Thumb Code    10  stm32h7xx_hal_pcd_ex.o(i.HAL_PCDEx_SetRxFiFo)
    HAL_PCDEx_SetTxFiFo                      0x08000e29   Thumb Code    78  stm32h7xx_hal_pcd_ex.o(i.HAL_PCDEx_SetTxFiFo)
    HAL_PCD_ConnectCallback                  0x08000e77   Thumb Code    14  usbd_conf.o(i.HAL_PCD_ConnectCallback)
    HAL_PCD_DataInStageCallback              0x08000e85   Thumb Code    32  usbd_conf.o(i.HAL_PCD_DataInStageCallback)
    HAL_PCD_DataOutStageCallback             0x08000ea5   Thumb Code    32  usbd_conf.o(i.HAL_PCD_DataOutStageCallback)
    HAL_PCD_DisconnectCallback               0x08000ec5   Thumb Code    14  usbd_conf.o(i.HAL_PCD_DisconnectCallback)
    HAL_PCD_EP_Abort                         0x08000ed3   Thumb Code    66  stm32h7xx_hal_pcd.o(i.HAL_PCD_EP_Abort)
    HAL_PCD_EP_Close                         0x08000f15   Thumb Code   106  stm32h7xx_hal_pcd.o(i.HAL_PCD_EP_Close)
    HAL_PCD_EP_ClrStall                      0x08000f7f   Thumb Code   124  stm32h7xx_hal_pcd.o(i.HAL_PCD_EP_ClrStall)
    HAL_PCD_EP_GetRxCount                    0x08000ffb   Thumb Code    22  stm32h7xx_hal_pcd.o(i.HAL_PCD_EP_GetRxCount)
    HAL_PCD_EP_Open                          0x08001011   Thumb Code   140  stm32h7xx_hal_pcd.o(i.HAL_PCD_EP_Open)
    HAL_PCD_EP_Receive                       0x0800109d   Thumb Code    70  stm32h7xx_hal_pcd.o(i.HAL_PCD_EP_Receive)
    HAL_PCD_EP_SetStall                      0x080010e3   Thumb Code   138  stm32h7xx_hal_pcd.o(i.HAL_PCD_EP_SetStall)
    HAL_PCD_EP_Transmit                      0x0800116d   Thumb Code    72  stm32h7xx_hal_pcd.o(i.HAL_PCD_EP_Transmit)
    HAL_PCD_IRQHandler                       0x080011b5   Thumb Code  1806  stm32h7xx_hal_pcd.o(i.HAL_PCD_IRQHandler)
    HAL_PCD_ISOINIncompleteCallback          0x080018c3   Thumb Code    18  usbd_conf.o(i.HAL_PCD_ISOINIncompleteCallback)
    HAL_PCD_ISOOUTIncompleteCallback         0x080018d5   Thumb Code    18  usbd_conf.o(i.HAL_PCD_ISOOUTIncompleteCallback)
    HAL_PCD_Init                             0x080018e7   Thumb Code   370  stm32h7xx_hal_pcd.o(i.HAL_PCD_Init)
    HAL_PCD_MspInit                          0x08001a59   Thumb Code   102  usbd_conf.o(i.HAL_PCD_MspInit)
    HAL_PCD_ResetCallback                    0x08001ac9   Thumb Code    48  usbd_conf.o(i.HAL_PCD_ResetCallback)
    HAL_PCD_ResumeCallback                   0x08001af9   Thumb Code    14  usbd_conf.o(i.HAL_PCD_ResumeCallback)
    HAL_PCD_SOFCallback                      0x08001b07   Thumb Code    14  usbd_conf.o(i.HAL_PCD_SOFCallback)
    HAL_PCD_SetAddress                       0x08001b15   Thumb Code    54  stm32h7xx_hal_pcd.o(i.HAL_PCD_SetAddress)
    HAL_PCD_SetupStageCallback               0x08001b4b   Thumb Code    18  usbd_conf.o(i.HAL_PCD_SetupStageCallback)
    HAL_PCD_Start                            0x08001b5d   Thumb Code    76  stm32h7xx_hal_pcd.o(i.HAL_PCD_Start)
    HAL_PCD_SuspendCallback                  0x08001ba9   Thumb Code    46  usbd_conf.o(i.HAL_PCD_SuspendCallback)
    HAL_PWREx_ConfigSupply                   0x08001bdd   Thumb Code    90  stm32h7xx_hal_pwr_ex.o(i.HAL_PWREx_ConfigSupply)
    HAL_PWREx_EnableUSBVoltageDetector       0x08001c3d   Thumb Code    14  stm32h7xx_hal_pwr_ex.o(i.HAL_PWREx_EnableUSBVoltageDetector)
    HAL_RCCEx_PeriphCLKConfig                0x08001c51   Thumb Code  3272  stm32h7xx_hal_rcc_ex.o(i.HAL_RCCEx_PeriphCLKConfig)
    HAL_RCC_ClockConfig                      0x08002919   Thumb Code   774  stm32h7xx_hal_rcc.o(i.HAL_RCC_ClockConfig)
    HAL_RCC_GetHCLKFreq                      0x08002c39   Thumb Code    60  stm32h7xx_hal_rcc.o(i.HAL_RCC_GetHCLKFreq)
    HAL_RCC_GetSysClockFreq                  0x08002c85   Thumb Code   524  stm32h7xx_hal_rcc.o(i.HAL_RCC_GetSysClockFreq)
    HAL_RCC_OscConfig                        0x08002eb1   Thumb Code  1874  stm32h7xx_hal_rcc.o(i.HAL_RCC_OscConfig)
    HAL_SYSTICK_Config                       0x0800360d   Thumb Code    52  stm32h7xx_hal_cortex.o(i.HAL_SYSTICK_Config)
    HardFault_Handler                        0x08003641   Thumb Code     4  stm32h7xx_it.o(i.HardFault_Handler)
    LED_Init                                 0x08003685   Thumb Code    76  led.o(i.LED_Init)
    MX_USB_DEVICE_Init                       0x080036d9   Thumb Code    64  usb_device.o(i.MX_USB_DEVICE_Init)
    MemManage_Handler                        0x08003729   Thumb Code     4  stm32h7xx_it.o(i.MemManage_Handler)
    NMI_Handler                              0x0800372d   Thumb Code     4  stm32h7xx_it.o(i.NMI_Handler)
    OTG_HS_IRQHandler                        0x08003731   Thumb Code    10  stm32h7xx_it.o(i.OTG_HS_IRQHandler)
    PendSV_Handler                           0x0800399f   Thumb Code     2  stm32h7xx_it.o(i.PendSV_Handler)
    SVC_Handler                              0x08003c69   Thumb Code     2  stm32h7xx_it.o(i.SVC_Handler)
    SysTick_Handler                          0x08003c7d   Thumb Code     8  stm32h7xx_it.o(i.SysTick_Handler)
    SystemClock_Config                       0x08003c85   Thumb Code   150  main.o(i.SystemClock_Config)
    SystemInit                               0x08003d21   Thumb Code   192  system_stm32h7xx.o(i.SystemInit)
    USBD_CDC_GetDeviceQualifierDescriptor    0x08004031   Thumb Code    10  usbd_cdc.o(i.USBD_CDC_GetDeviceQualifierDescriptor)
    USBD_CDC_ReceivePacket                   0x080042b1   Thumb Code    74  usbd_cdc.o(i.USBD_CDC_ReceivePacket)
    USBD_CDC_RegisterInterface               0x08004301   Thumb Code    24  usbd_cdc.o(i.USBD_CDC_RegisterInterface)
    USBD_CDC_SetRxBuffer                     0x08004319   Thumb Code    30  usbd_cdc.o(i.USBD_CDC_SetRxBuffer)
    USBD_CDC_SetTxBuffer                     0x08004337   Thumb Code    36  usbd_cdc.o(i.USBD_CDC_SetTxBuffer)
    USBD_CDC_TransmitPacket                  0x0800449d   Thumb Code    86  usbd_cdc.o(i.USBD_CDC_TransmitPacket)
    USBD_ClrClassConfig                      0x080044f9   Thumb Code    28  usbd_core.o(i.USBD_ClrClassConfig)
    USBD_CoreFindEP                          0x08004553   Thumb Code     6  usbd_core.o(i.USBD_CoreFindEP)
    USBD_CoreFindIF                          0x08004559   Thumb Code     6  usbd_core.o(i.USBD_CoreFindIF)
    USBD_CtlContinueRx                       0x0800455f   Thumb Code    24  usbd_ioreq.o(i.USBD_CtlContinueRx)
    USBD_CtlContinueSendData                 0x08004577   Thumb Code    24  usbd_ioreq.o(i.USBD_CtlContinueSendData)
    USBD_CtlError                            0x0800458f   Thumb Code    24  usbd_ctlreq.o(i.USBD_CtlError)
    USBD_CtlPrepareRx                        0x080045a7   Thumb Code    40  usbd_ioreq.o(i.USBD_CtlPrepareRx)
    USBD_CtlReceiveStatus                    0x080045cf   Thumb Code    26  usbd_ioreq.o(i.USBD_CtlReceiveStatus)
    USBD_CtlSendData                         0x080045e9   Thumb Code    34  usbd_ioreq.o(i.USBD_CtlSendData)
    USBD_CtlSendStatus                       0x0800460b   Thumb Code    26  usbd_ioreq.o(i.USBD_CtlSendStatus)
    USBD_GetEpDesc                           0x08004877   Thumb Code    80  usbd_core.o(i.USBD_GetEpDesc)
    USBD_GetNextDesc                         0x080048dd   Thumb Code    20  usbd_core.o(i.USBD_GetNextDesc)
    USBD_GetString                           0x0800494b   Thumb Code    84  usbd_ctlreq.o(i.USBD_GetString)
    USBD_Get_USB_Status                      0x0800499f   Thumb Code    44  usbd_conf.o(i.USBD_Get_USB_Status)
    USBD_HS_ConfigStrDescriptor              0x080049cd   Thumb Code    34  usbd_desc.o(i.USBD_HS_ConfigStrDescriptor)
    USBD_HS_DeviceDescriptor                 0x08004a01   Thumb Code    10  usbd_desc.o(i.USBD_HS_DeviceDescriptor)
    USBD_HS_InterfaceStrDescriptor           0x08004a11   Thumb Code    34  usbd_desc.o(i.USBD_HS_InterfaceStrDescriptor)
    USBD_HS_LangIDStrDescriptor              0x08004a49   Thumb Code    10  usbd_desc.o(i.USBD_HS_LangIDStrDescriptor)
    USBD_HS_ManufacturerStrDescriptor        0x08004a59   Thumb Code    20  usbd_desc.o(i.USBD_HS_ManufacturerStrDescriptor)
    USBD_HS_ProductStrDescriptor             0x08004a85   Thumb Code    34  usbd_desc.o(i.USBD_HS_ProductStrDescriptor)
    USBD_HS_SerialStrDescriptor              0x08004ac5   Thumb Code    18  usbd_desc.o(i.USBD_HS_SerialStrDescriptor)
    USBD_Init                                0x08004add   Thumb Code    58  usbd_core.o(i.USBD_Init)
    USBD_LL_ClearStallEP                     0x08004b17   Thumb Code    38  usbd_conf.o(i.USBD_LL_ClearStallEP)
    USBD_LL_CloseEP                          0x08004b3d   Thumb Code    38  usbd_conf.o(i.USBD_LL_CloseEP)
    USBD_LL_DataInStage                      0x08004b63   Thumb Code   264  usbd_core.o(i.USBD_LL_DataInStage)
    USBD_LL_DataOutStage                     0x08004c6b   Thumb Code   258  usbd_core.o(i.USBD_LL_DataOutStage)
    USBD_LL_DevConnected                     0x08004d6d   Thumb Code     6  usbd_core.o(i.USBD_LL_DevConnected)
    USBD_LL_DevDisconnected                  0x08004d73   Thumb Code    38  usbd_core.o(i.USBD_LL_DevDisconnected)
    USBD_LL_GetRxDataSize                    0x08004d99   Thumb Code    18  usbd_conf.o(i.USBD_LL_GetRxDataSize)
    USBD_LL_Init                             0x08004dad   Thumb Code   104  usbd_conf.o(i.USBD_LL_Init)
    USBD_LL_IsStallEP                        0x08004e1d   Thumb Code    56  usbd_conf.o(i.USBD_LL_IsStallEP)
    USBD_LL_IsoINIncomplete                  0x08004e55   Thumb Code    72  usbd_core.o(i.USBD_LL_IsoINIncomplete)
    USBD_LL_IsoOUTIncomplete                 0x08004e9d   Thumb Code    72  usbd_core.o(i.USBD_LL_IsoOUTIncomplete)
    USBD_LL_OpenEP                           0x08004ee5   Thumb Code    48  usbd_conf.o(i.USBD_LL_OpenEP)
    USBD_LL_PrepareReceive                   0x08004f15   Thumb Code    48  usbd_conf.o(i.USBD_LL_PrepareReceive)
    USBD_LL_Reset                            0x08004f45   Thumb Code   108  usbd_core.o(i.USBD_LL_Reset)
    USBD_LL_Resume                           0x08004fb1   Thumb Code    22  usbd_core.o(i.USBD_LL_Resume)
    USBD_LL_SOF                              0x08004fc7   Thumb Code    40  usbd_core.o(i.USBD_LL_SOF)
    USBD_LL_SetSpeed                         0x08004fef   Thumb Code     8  usbd_core.o(i.USBD_LL_SetSpeed)
    USBD_LL_SetUSBAddress                    0x08004ff7   Thumb Code    38  usbd_conf.o(i.USBD_LL_SetUSBAddress)
    USBD_LL_SetupStage                       0x0800501d   Thumb Code   118  usbd_core.o(i.USBD_LL_SetupStage)
    USBD_LL_StallEP                          0x08005093   Thumb Code    38  usbd_conf.o(i.USBD_LL_StallEP)
    USBD_LL_Start                            0x080050b9   Thumb Code    30  usbd_conf.o(i.USBD_LL_Start)
    USBD_LL_Suspend                          0x080050d7   Thumb Code    28  usbd_core.o(i.USBD_LL_Suspend)
    USBD_LL_Transmit                         0x080050f3   Thumb Code    48  usbd_conf.o(i.USBD_LL_Transmit)
    USBD_ParseSetupRequest                   0x08005123   Thumb Code    54  usbd_ctlreq.o(i.USBD_ParseSetupRequest)
    USBD_RegisterClass                       0x08005159   Thumb Code    72  usbd_core.o(i.USBD_RegisterClass)
    USBD_RunTestMode                         0x080051a1   Thumb Code     6  usbd_core.o(i.USBD_RunTestMode)
    USBD_SetClassConfig                      0x08005201   Thumb Code    32  usbd_core.o(i.USBD_SetClassConfig)
    USBD_Start                               0x0800535d   Thumb Code    12  usbd_core.o(i.USBD_Start)
    USBD_StdDevReq                           0x08005369   Thumb Code   174  usbd_ctlreq.o(i.USBD_StdDevReq)
    USBD_StdEPReq                            0x08005417   Thumb Code   640  usbd_ctlreq.o(i.USBD_StdEPReq)
    USBD_StdItfReq                           0x08005697   Thumb Code   174  usbd_ctlreq.o(i.USBD_StdItfReq)
    USBD_static_free                         0x08005745   Thumb Code     2  usbd_conf.o(i.USBD_static_free)
    USBD_static_malloc                       0x08005749   Thumb Code     6  usbd_conf.o(i.USBD_static_malloc)
    USB_ActivateEndpoint                     0x08005755   Thumb Code   202  stm32h7xx_ll_usb.o(i.USB_ActivateEndpoint)
    USB_ActivateSetup                        0x08005825   Thumb Code    40  stm32h7xx_ll_usb.o(i.USB_ActivateSetup)
    USB_CoreInit                             0x0800584d   Thumb Code   142  stm32h7xx_ll_usb.o(i.USB_CoreInit)
    USB_DeactivateEndpoint                   0x0800593d   Thumb Code   318  stm32h7xx_ll_usb.o(i.USB_DeactivateEndpoint)
    USB_DevConnect                           0x08005a89   Thumb Code    36  stm32h7xx_ll_usb.o(i.USB_DevConnect)
    USB_DevDisconnect                        0x08005aad   Thumb Code    36  stm32h7xx_ll_usb.o(i.USB_DevDisconnect)
    USB_DevInit                              0x08005ad1   Thumb Code   464  stm32h7xx_ll_usb.o(i.USB_DevInit)
    USB_DisableGlobalInt                     0x08005ca9   Thumb Code    14  stm32h7xx_ll_usb.o(i.USB_DisableGlobalInt)
    USB_EP0_OutStart                         0x08005cb9   Thumb Code   106  stm32h7xx_ll_usb.o(i.USB_EP0_OutStart)
    USB_EPClearStall                         0x08005d29   Thumb Code   142  stm32h7xx_ll_usb.o(i.USB_EPClearStall)
    USB_EPSetStall                           0x08005db7   Thumb Code   154  stm32h7xx_ll_usb.o(i.USB_EPSetStall)
    USB_EPStartXfer                          0x08005e51   Thumb Code   944  stm32h7xx_ll_usb.o(i.USB_EPStartXfer)
    USB_EPStopXfer                           0x08006205   Thumb Code   236  stm32h7xx_ll_usb.o(i.USB_EPStopXfer)
    USB_EnableGlobalInt                      0x080062f1   Thumb Code    14  stm32h7xx_ll_usb.o(i.USB_EnableGlobalInt)
    USB_FlushRxFifo                          0x08006301   Thumb Code    80  stm32h7xx_ll_usb.o(i.USB_FlushRxFifo)
    USB_FlushTxFifo                          0x08006355   Thumb Code    84  stm32h7xx_ll_usb.o(i.USB_FlushTxFifo)
    USB_GetDevSpeed                          0x080063ad   Thumb Code    38  stm32h7xx_ll_usb.o(i.USB_GetDevSpeed)
    USB_GetMode                              0x080063d3   Thumb Code    10  stm32h7xx_ll_usb.o(i.USB_GetMode)
    USB_ReadDevAllInEpInterrupt              0x080063dd   Thumb Code    20  stm32h7xx_ll_usb.o(i.USB_ReadDevAllInEpInterrupt)
    USB_ReadDevAllOutEpInterrupt             0x080063f1   Thumb Code    20  stm32h7xx_ll_usb.o(i.USB_ReadDevAllOutEpInterrupt)
    USB_ReadDevInEPInterrupt                 0x08006405   Thumb Code    50  stm32h7xx_ll_usb.o(i.USB_ReadDevInEPInterrupt)
    USB_ReadDevOutEPInterrupt                0x08006437   Thumb Code    26  stm32h7xx_ll_usb.o(i.USB_ReadDevOutEPInterrupt)
    USB_ReadInterrupts                       0x08006451   Thumb Code    10  stm32h7xx_ll_usb.o(i.USB_ReadInterrupts)
    USB_ReadPacket                           0x0800645b   Thumb Code    96  stm32h7xx_ll_usb.o(i.USB_ReadPacket)
    USB_SetCurrentMode                       0x080064bb   Thumb Code   104  stm32h7xx_ll_usb.o(i.USB_SetCurrentMode)
    USB_SetDevAddress                        0x08006523   Thumb Code    42  stm32h7xx_ll_usb.o(i.USB_SetDevAddress)
    USB_SetDevSpeed                          0x0800654d   Thumb Code    18  stm32h7xx_ll_usb.o(i.USB_SetDevSpeed)
    USB_SetTurnaroundTime                    0x08006561   Thumb Code   192  stm32h7xx_ll_usb.o(i.USB_SetTurnaroundTime)
    USB_WritePacket                          0x08006649   Thumb Code    68  stm32h7xx_ll_usb.o(i.USB_WritePacket)
    USB_printf                               0x0800668d   Thumb Code    92  usbd_cdc_if.o(i.USB_printf)
    UsageFault_Handler                       0x080066f1   Thumb Code     4  stm32h7xx_it.o(i.UsageFault_Handler)
    __0vsnprintf                             0x080066f5   Thumb Code    40  printfa.o(i.__0vsnprintf)
    __1vsnprintf                             0x080066f5   Thumb Code     0  printfa.o(i.__0vsnprintf)
    __2vsnprintf                             0x080066f5   Thumb Code     0  printfa.o(i.__0vsnprintf)
    __c89vsnprintf                           0x080066f5   Thumb Code     0  printfa.o(i.__0vsnprintf)
    vsnprintf                                0x080066f5   Thumb Code     0  printfa.o(i.__0vsnprintf)
    __scatterload_copy                       0x08006759   Thumb Code    14  handlers.o(i.__scatterload_copy)
    __scatterload_null                       0x08006767   Thumb Code     2  handlers.o(i.__scatterload_null)
    __scatterload_zeroinit                   0x08006769   Thumb Code    14  handlers.o(i.__scatterload_zeroinit)
    main                                     0x08007041   Thumb Code   180  main.o(i.main)
    D1CorePrescTable                         0x0800713c   Data          16  system_stm32h7xx.o(.constdata)
    Region$$Table$$Base                      0x0800714c   Number         0  anon$$obj.o(Region$$Table)
    Region$$Table$$Limit                     0x0800716c   Number         0  anon$$obj.o(Region$$Table)
    a                                        0x24000000   Data        1522  main.o(.data)
    HS_Desc                                  0x240005f4   Data          28  usbd_desc.o(.data)
    USBD_HS_DeviceDesc                       0x24000610   Data          18  usbd_desc.o(.data)
    USBD_LangIDDesc                          0x24000624   Data           4  usbd_desc.o(.data)
    USBD_StringSerial                        0x24000628   Data          26  usbd_desc.o(.data)
    USBD_Interface_fops_HS                   0x24000644   Data          20  usbd_cdc_if.o(.data)
    uwTick                                   0x24000658   Data           4  stm32h7xx_hal.o(.data)
    uwTickPrio                               0x2400065c   Data           4  stm32h7xx_hal.o(.data)
    uwTickFreq                               0x24000660   Data           1  stm32h7xx_hal.o(.data)
    SystemCoreClock                          0x24000664   Data           4  system_stm32h7xx.o(.data)
    SystemD2Clock                            0x24000668   Data           4  system_stm32h7xx.o(.data)
    USBD_CDC                                 0x2400067c   Data          56  usbd_cdc.o(.data)
    hUsbDeviceHS                             0x240006fc   Data         732  usb_device.o(.bss)
    USBD_StrDesc                             0x240009d8   Data         512  usbd_desc.o(.bss)
    UserRxBufferHS                           0x24000bd8   Data        2048  usbd_cdc_if.o(.bss)
    UserTxBufferHS                           0x240013d8   Data        2048  usbd_cdc_if.o(.bss)
    hpcd_USB_OTG_HS                          0x24001bd8   Data        1292  usbd_conf.o(.bss)
    __initial_sp                             0x24005308   Data           0  startup_stm32h723xx.o(STACK)



==============================================================================

Memory Map of the image

  Image Entry point : 0x080002cd

  Load Region LR_IROM1 (Base: 0x08000000, Size: 0x00007868, Max: 0x00100000, ABSOLUTE, COMPRESSED[0x00007298])

    Execution Region ER_IROM1 (Exec base: 0x08000000, Load base: 0x08000000, Size: 0x0000716c, Max: 0x00100000, ABSOLUTE)

    Exec Addr    Load Addr    Size         Type   Attr      Idx    E Section Name        Object

    0x08000000   0x08000000   0x000002cc   Data   RO            3    RESET               startup_stm32h723xx.o
    0x080002cc   0x080002cc   0x00000000   Code   RO         4385  * .ARM.Collect$$$$00000000  mc_w.l(entry.o)
    0x080002cc   0x080002cc   0x00000004   Code   RO         4422    .ARM.Collect$$$$00000001  mc_w.l(entry2.o)
    0x080002d0   0x080002d0   0x00000004   Code   RO         4425    .ARM.Collect$$$$00000004  mc_w.l(entry5.o)
    0x080002d4   0x080002d4   0x00000000   Code   RO         4427    .ARM.Collect$$$$00000008  mc_w.l(entry7b.o)
    0x080002d4   0x080002d4   0x00000000   Code   RO         4429    .ARM.Collect$$$$0000000A  mc_w.l(entry8b.o)
    0x080002d4   0x080002d4   0x00000008   Code   RO         4430    .ARM.Collect$$$$0000000B  mc_w.l(entry9a.o)
    0x080002dc   0x080002dc   0x00000000   Code   RO         4432    .ARM.Collect$$$$0000000D  mc_w.l(entry10a.o)
    0x080002dc   0x080002dc   0x00000000   Code   RO         4434    .ARM.Collect$$$$0000000F  mc_w.l(entry11a.o)
    0x080002dc   0x080002dc   0x00000004   Code   RO         4423    .ARM.Collect$$$$00002712  mc_w.l(entry2.o)
    0x080002e0   0x080002e0   0x00000024   Code   RO            4    .text               startup_stm32h723xx.o
    0x08000304   0x08000304   0x00000024   Code   RO         4388    .text               mc_w.l(memcpya.o)
    0x08000328   0x08000328   0x00000024   Code   RO         4390    .text               mc_w.l(memseta.o)
    0x0800034c   0x0800034c   0x0000002c   Code   RO         4439    .text               mc_w.l(uidiv.o)
    0x08000378   0x08000378   0x00000062   Code   RO         4441    .text               mc_w.l(uldiv.o)
    0x080003da   0x080003da   0x00000000   Code   RO         4443    .text               mc_w.l(iusefp.o)
    0x080003da   0x080003da   0x0000014e   Code   RO         4444    .text               mf_w.l(dadd.o)
    0x08000528   0x08000528   0x000000e4   Code   RO         4446    .text               mf_w.l(dmul.o)
    0x0800060c   0x0800060c   0x000000de   Code   RO         4448    .text               mf_w.l(ddiv.o)
    0x080006ea   0x080006ea   0x00000030   Code   RO         4450    .text               mf_w.l(dfixul.o)
    0x0800071a   0x0800071a   0x00000002   PAD
    0x0800071c   0x0800071c   0x00000030   Code   RO         4452    .text               mf_w.l(cdrcmple.o)
    0x0800074c   0x0800074c   0x00000024   Code   RO         4454    .text               mc_w.l(init.o)
    0x08000770   0x08000770   0x0000001e   Code   RO         4457    .text               mc_w.l(llshl.o)
    0x0800078e   0x0800078e   0x00000020   Code   RO         4459    .text               mc_w.l(llushr.o)
    0x080007ae   0x080007ae   0x00000024   Code   RO         4461    .text               mc_w.l(llsshr.o)
    0x080007d2   0x080007d2   0x000000ba   Code   RO         4464    .text               mf_w.l(depilogue.o)
    0x0800088c   0x0800088c   0x00000056   Code   RO         4474    .text               mc_w.l(__dczerorl2.o)
    0x080008e2   0x080008e2   0x00000004   Code   RO          202    i.BusFault_Handler  stm32h7xx_it.o
    0x080008e6   0x080008e6   0x00000044   Code   RO          461    i.CDC_Control_HS    usbd_cdc_if.o
    0x0800092a   0x0800092a   0x00000004   Code   RO          462    i.CDC_DeInit_HS     usbd_cdc_if.o
    0x0800092e   0x0800092e   0x00000002   PAD
    0x08000930   0x08000930   0x00000024   Code   RO          463    i.CDC_Init_HS       usbd_cdc_if.o
    0x08000954   0x08000954   0x0000001c   Code   RO          464    i.CDC_Receive_HS    usbd_cdc_if.o
    0x08000970   0x08000970   0x0000000c   Code   RO          465    i.CDC_TransmitCplt_HS  usbd_cdc_if.o
    0x0800097c   0x0800097c   0x00000038   Code   RO          466    i.CDC_Transmit_HS   usbd_cdc_if.o
    0x080009b4   0x080009b4   0x00000002   Code   RO          203    i.DebugMon_Handler  stm32h7xx_it.o
    0x080009b6   0x080009b6   0x00000004   Code   RO           13    i.Error_Handler     main.o
    0x080009ba   0x080009ba   0x00000002   PAD
    0x080009bc   0x080009bc   0x00000034   Code   RO          371    i.Get_SerialNum     usbd_desc.o
    0x080009f0   0x080009f0   0x00000028   Code   RO         2930    i.HAL_Delay         stm32h7xx_hal.o
    0x08000a18   0x08000a18   0x000001f0   Code   RO         1935    i.HAL_GPIO_Init     stm32h7xx_hal_gpio.o
    0x08000c08   0x08000c08   0x00000014   Code   RO         1938    i.HAL_GPIO_TogglePin  stm32h7xx_hal_gpio.o
    0x08000c1c   0x08000c1c   0x0000000c   Code   RO         1939    i.HAL_GPIO_WritePin  stm32h7xx_hal_gpio.o
    0x08000c28   0x08000c28   0x0000000c   Code   RO         2946    i.HAL_GetTick       stm32h7xx_hal.o
    0x08000c34   0x08000c34   0x00000018   Code   RO         2952    i.HAL_IncTick       stm32h7xx_hal.o
    0x08000c4c   0x08000c4c   0x00000060   Code   RO         2953    i.HAL_Init          stm32h7xx_hal.o
    0x08000cac   0x08000cac   0x00000058   Code   RO         2954    i.HAL_InitTick      stm32h7xx_hal.o
    0x08000d04   0x08000d04   0x00000024   Code   RO          288    i.HAL_MspInit       stm32h7xx_hal_msp.o
    0x08000d28   0x08000d28   0x00000028   Code   RO         2783    i.HAL_NVIC_EnableIRQ  stm32h7xx_hal_cortex.o
    0x08000d50   0x08000d50   0x0000007a   Code   RO         2789    i.HAL_NVIC_SetPriority  stm32h7xx_hal_cortex.o
    0x08000dca   0x08000dca   0x00000002   PAD
    0x08000dcc   0x08000dcc   0x00000028   Code   RO         2790    i.HAL_NVIC_SetPriorityGrouping  stm32h7xx_hal_cortex.o
    0x08000df4   0x08000df4   0x00000028   Code   RO          980    i.HAL_PCDEx_ActivateLPM  stm32h7xx_hal_pcd_ex.o
    0x08000e1c   0x08000e1c   0x00000002   Code   RO          985    i.HAL_PCDEx_LPM_Callback  stm32h7xx_hal_pcd_ex.o
    0x08000e1e   0x08000e1e   0x0000000a   Code   RO          986    i.HAL_PCDEx_SetRxFiFo  stm32h7xx_hal_pcd_ex.o
    0x08000e28   0x08000e28   0x0000004e   Code   RO          987    i.HAL_PCDEx_SetTxFiFo  stm32h7xx_hal_pcd_ex.o
    0x08000e76   0x08000e76   0x0000000e   Code   RO          531    i.HAL_PCD_ConnectCallback  usbd_conf.o
    0x08000e84   0x08000e84   0x00000020   Code   RO          532    i.HAL_PCD_DataInStageCallback  usbd_conf.o
    0x08000ea4   0x08000ea4   0x00000020   Code   RO          533    i.HAL_PCD_DataOutStageCallback  usbd_conf.o
    0x08000ec4   0x08000ec4   0x0000000e   Code   RO          534    i.HAL_PCD_DisconnectCallback  usbd_conf.o
    0x08000ed2   0x08000ed2   0x00000042   Code   RO          751    i.HAL_PCD_EP_Abort  stm32h7xx_hal_pcd.o
    0x08000f14   0x08000f14   0x0000006a   Code   RO          752    i.HAL_PCD_EP_Close  stm32h7xx_hal_pcd.o
    0x08000f7e   0x08000f7e   0x0000007c   Code   RO          753    i.HAL_PCD_EP_ClrStall  stm32h7xx_hal_pcd.o
    0x08000ffa   0x08000ffa   0x00000016   Code   RO          755    i.HAL_PCD_EP_GetRxCount  stm32h7xx_hal_pcd.o
    0x08001010   0x08001010   0x0000008c   Code   RO          756    i.HAL_PCD_EP_Open   stm32h7xx_hal_pcd.o
    0x0800109c   0x0800109c   0x00000046   Code   RO          757    i.HAL_PCD_EP_Receive  stm32h7xx_hal_pcd.o
    0x080010e2   0x080010e2   0x0000008a   Code   RO          758    i.HAL_PCD_EP_SetStall  stm32h7xx_hal_pcd.o
    0x0800116c   0x0800116c   0x00000048   Code   RO          759    i.HAL_PCD_EP_Transmit  stm32h7xx_hal_pcd.o
    0x080011b4   0x080011b4   0x0000070e   Code   RO          761    i.HAL_PCD_IRQHandler  stm32h7xx_hal_pcd.o
    0x080018c2   0x080018c2   0x00000012   Code   RO          535    i.HAL_PCD_ISOINIncompleteCallback  usbd_conf.o
    0x080018d4   0x080018d4   0x00000012   Code   RO          536    i.HAL_PCD_ISOOUTIncompleteCallback  usbd_conf.o
    0x080018e6   0x080018e6   0x00000172   Code   RO          764    i.HAL_PCD_Init      stm32h7xx_hal_pcd.o
    0x08001a58   0x08001a58   0x00000070   Code   RO          538    i.HAL_PCD_MspInit   usbd_conf.o
    0x08001ac8   0x08001ac8   0x00000030   Code   RO          539    i.HAL_PCD_ResetCallback  usbd_conf.o
    0x08001af8   0x08001af8   0x0000000e   Code   RO          540    i.HAL_PCD_ResumeCallback  usbd_conf.o
    0x08001b06   0x08001b06   0x0000000e   Code   RO          541    i.HAL_PCD_SOFCallback  usbd_conf.o
    0x08001b14   0x08001b14   0x00000036   Code   RO          770    i.HAL_PCD_SetAddress  stm32h7xx_hal_pcd.o
    0x08001b4a   0x08001b4a   0x00000012   Code   RO          542    i.HAL_PCD_SetupStageCallback  usbd_conf.o
    0x08001b5c   0x08001b5c   0x0000004c   Code   RO          773    i.HAL_PCD_Start     stm32h7xx_hal_pcd.o
    0x08001ba8   0x08001ba8   0x00000034   Code   RO          543    i.HAL_PCD_SuspendCallback  usbd_conf.o
    0x08001bdc   0x08001bdc   0x00000060   Code   RO         2536    i.HAL_PWREx_ConfigSupply  stm32h7xx_hal_pwr_ex.o
    0x08001c3c   0x08001c3c   0x00000014   Code   RO         2553    i.HAL_PWREx_EnableUSBVoltageDetector  stm32h7xx_hal_pwr_ex.o
    0x08001c50   0x08001c50   0x00000cc8   Code   RO         1487    i.HAL_RCCEx_PeriphCLKConfig  stm32h7xx_hal_rcc_ex.o
    0x08002918   0x08002918   0x00000320   Code   RO         1363    i.HAL_RCC_ClockConfig  stm32h7xx_hal_rcc.o
    0x08002c38   0x08002c38   0x0000004c   Code   RO         1368    i.HAL_RCC_GetHCLKFreq  stm32h7xx_hal_rcc.o
    0x08002c84   0x08002c84   0x0000022c   Code   RO         1372    i.HAL_RCC_GetSysClockFreq  stm32h7xx_hal_rcc.o
    0x08002eb0   0x08002eb0   0x0000075c   Code   RO         1375    i.HAL_RCC_OscConfig  stm32h7xx_hal_rcc.o
    0x0800360c   0x0800360c   0x00000034   Code   RO         2794    i.HAL_SYSTICK_Config  stm32h7xx_hal_cortex.o
    0x08003640   0x08003640   0x00000004   Code   RO          204    i.HardFault_Handler  stm32h7xx_it.o
    0x08003644   0x08003644   0x0000003e   Code   RO          372    i.IntToUnicode      usbd_desc.o
    0x08003682   0x08003682   0x00000002   PAD
    0x08003684   0x08003684   0x00000054   Code   RO          312    i.LED_Init          led.o
    0x080036d8   0x080036d8   0x00000050   Code   RO          336    i.MX_USB_DEVICE_Init  usb_device.o
    0x08003728   0x08003728   0x00000004   Code   RO          205    i.MemManage_Handler  stm32h7xx_it.o
    0x0800372c   0x0800372c   0x00000004   Code   RO          206    i.NMI_Handler       stm32h7xx_it.o
    0x08003730   0x08003730   0x00000010   Code   RO          207    i.OTG_HS_IRQHandler  stm32h7xx_it.o
    0x08003740   0x08003740   0x00000064   Code   RO          776    i.PCD_EP_OutSetupPacket_int  stm32h7xx_hal_pcd.o
    0x080037a4   0x080037a4   0x00000144   Code   RO          777    i.PCD_EP_OutXfrComplete_int  stm32h7xx_hal_pcd.o
    0x080038e8   0x080038e8   0x000000b6   Code   RO          778    i.PCD_WriteEmptyTxFifo  stm32h7xx_hal_pcd.o
    0x0800399e   0x0800399e   0x00000002   Code   RO          208    i.PendSV_Handler    stm32h7xx_it.o
    0x080039a0   0x080039a0   0x00000164   Code   RO         1490    i.RCCEx_PLL2_Config  stm32h7xx_hal_rcc_ex.o
    0x08003b04   0x08003b04   0x00000164   Code   RO         1491    i.RCCEx_PLL3_Config  stm32h7xx_hal_rcc_ex.o
    0x08003c68   0x08003c68   0x00000002   Code   RO          209    i.SVC_Handler       stm32h7xx_it.o
    0x08003c6a   0x08003c6a   0x00000012   Code   RO         4108    i.SWAPBYTE          usbd_ctlreq.o
    0x08003c7c   0x08003c7c   0x00000008   Code   RO          210    i.SysTick_Handler   stm32h7xx_it.o
    0x08003c84   0x08003c84   0x0000009c   Code   RO           14    i.SystemClock_Config  main.o
    0x08003d20   0x08003d20   0x000000e0   Code   RO         3906    i.SystemInit        system_stm32h7xx.o
    0x08003e00   0x08003e00   0x000000c4   Code   RO         4279    i.USBD_CDC_DataIn   usbd_cdc.o
    0x08003ec4   0x08003ec4   0x00000048   Code   RO         4280    i.USBD_CDC_DataOut  usbd_cdc.o
    0x08003f0c   0x08003f0c   0x000000d4   Code   RO         4281    i.USBD_CDC_DeInit   usbd_cdc.o
    0x08003fe0   0x08003fe0   0x00000050   Code   RO         4282    i.USBD_CDC_EP0_RxReady  usbd_cdc.o
    0x08004030   0x08004030   0x00000010   Code   RO         4283    i.USBD_CDC_GetDeviceQualifierDescriptor  usbd_cdc.o
    0x08004040   0x08004040   0x00000044   Code   RO         4284    i.USBD_CDC_GetFSCfgDesc  usbd_cdc.o
    0x08004084   0x08004084   0x00000048   Code   RO         4285    i.USBD_CDC_GetHSCfgDesc  usbd_cdc.o
    0x080040cc   0x080040cc   0x00000044   Code   RO         4286    i.USBD_CDC_GetOtherSpeedCfgDesc  usbd_cdc.o
    0x08004110   0x08004110   0x000001a0   Code   RO         4287    i.USBD_CDC_Init     usbd_cdc.o
    0x080042b0   0x080042b0   0x00000050   Code   RO         4288    i.USBD_CDC_ReceivePacket  usbd_cdc.o
    0x08004300   0x08004300   0x00000018   Code   RO         4289    i.USBD_CDC_RegisterInterface  usbd_cdc.o
    0x08004318   0x08004318   0x0000001e   Code   RO         4290    i.USBD_CDC_SetRxBuffer  usbd_cdc.o
    0x08004336   0x08004336   0x00000024   Code   RO         4291    i.USBD_CDC_SetTxBuffer  usbd_cdc.o
    0x0800435a   0x0800435a   0x00000140   Code   RO         4292    i.USBD_CDC_Setup    usbd_cdc.o
    0x0800449a   0x0800449a   0x00000002   PAD
    0x0800449c   0x0800449c   0x0000005c   Code   RO         4293    i.USBD_CDC_TransmitPacket  usbd_cdc.o
    0x080044f8   0x080044f8   0x0000001c   Code   RO         3942    i.USBD_ClrClassConfig  usbd_core.o
    0x08004514   0x08004514   0x0000003e   Code   RO         4109    i.USBD_ClrFeature   usbd_ctlreq.o
    0x08004552   0x08004552   0x00000006   Code   RO         3943    i.USBD_CoreFindEP   usbd_core.o
    0x08004558   0x08004558   0x00000006   Code   RO         3944    i.USBD_CoreFindIF   usbd_core.o
    0x0800455e   0x0800455e   0x00000018   Code   RO         4215    i.USBD_CtlContinueRx  usbd_ioreq.o
    0x08004576   0x08004576   0x00000018   Code   RO         4216    i.USBD_CtlContinueSendData  usbd_ioreq.o
    0x0800458e   0x0800458e   0x00000018   Code   RO         4110    i.USBD_CtlError     usbd_ctlreq.o
    0x080045a6   0x080045a6   0x00000028   Code   RO         4217    i.USBD_CtlPrepareRx  usbd_ioreq.o
    0x080045ce   0x080045ce   0x0000001a   Code   RO         4218    i.USBD_CtlReceiveStatus  usbd_ioreq.o
    0x080045e8   0x080045e8   0x00000022   Code   RO         4219    i.USBD_CtlSendData  usbd_ioreq.o
    0x0800460a   0x0800460a   0x0000001a   Code   RO         4220    i.USBD_CtlSendStatus  usbd_ioreq.o
    0x08004624   0x08004624   0x00000056   Code   RO         4111    i.USBD_GetConfig    usbd_ctlreq.o
    0x0800467a   0x0800467a   0x000001fc   Code   RO         4112    i.USBD_GetDescriptor  usbd_ctlreq.o
    0x08004876   0x08004876   0x00000050   Code   RO         3946    i.USBD_GetEpDesc    usbd_core.o
    0x080048c6   0x080048c6   0x00000016   Code   RO         4113    i.USBD_GetLen       usbd_ctlreq.o
    0x080048dc   0x080048dc   0x00000014   Code   RO         3947    i.USBD_GetNextDesc  usbd_core.o
    0x080048f0   0x080048f0   0x0000005a   Code   RO         4114    i.USBD_GetStatus    usbd_ctlreq.o
    0x0800494a   0x0800494a   0x00000054   Code   RO         4115    i.USBD_GetString    usbd_ctlreq.o
    0x0800499e   0x0800499e   0x0000002c   Code   RO          544    i.USBD_Get_USB_Status  usbd_conf.o
    0x080049ca   0x080049ca   0x00000002   PAD
    0x080049cc   0x080049cc   0x00000034   Code   RO          373    i.USBD_HS_ConfigStrDescriptor  usbd_desc.o
    0x08004a00   0x08004a00   0x00000010   Code   RO          374    i.USBD_HS_DeviceDescriptor  usbd_desc.o
    0x08004a10   0x08004a10   0x00000038   Code   RO          375    i.USBD_HS_InterfaceStrDescriptor  usbd_desc.o
    0x08004a48   0x08004a48   0x00000010   Code   RO          376    i.USBD_HS_LangIDStrDescriptor  usbd_desc.o
    0x08004a58   0x08004a58   0x0000002c   Code   RO          377    i.USBD_HS_ManufacturerStrDescriptor  usbd_desc.o
    0x08004a84   0x08004a84   0x00000040   Code   RO          378    i.USBD_HS_ProductStrDescriptor  usbd_desc.o
    0x08004ac4   0x08004ac4   0x00000018   Code   RO          379    i.USBD_HS_SerialStrDescriptor  usbd_desc.o
    0x08004adc   0x08004adc   0x0000003a   Code   RO         3948    i.USBD_Init         usbd_core.o
    0x08004b16   0x08004b16   0x00000026   Code   RO          545    i.USBD_LL_ClearStallEP  usbd_conf.o
    0x08004b3c   0x08004b3c   0x00000026   Code   RO          546    i.USBD_LL_CloseEP   usbd_conf.o
    0x08004b62   0x08004b62   0x00000108   Code   RO         3949    i.USBD_LL_DataInStage  usbd_core.o
    0x08004c6a   0x08004c6a   0x00000102   Code   RO         3950    i.USBD_LL_DataOutStage  usbd_core.o
    0x08004d6c   0x08004d6c   0x00000006   Code   RO         3951    i.USBD_LL_DevConnected  usbd_core.o
    0x08004d72   0x08004d72   0x00000026   Code   RO         3952    i.USBD_LL_DevDisconnected  usbd_core.o
    0x08004d98   0x08004d98   0x00000012   Code   RO          550    i.USBD_LL_GetRxDataSize  usbd_conf.o
    0x08004daa   0x08004daa   0x00000002   PAD
    0x08004dac   0x08004dac   0x00000070   Code   RO          551    i.USBD_LL_Init      usbd_conf.o
    0x08004e1c   0x08004e1c   0x00000038   Code   RO          552    i.USBD_LL_IsStallEP  usbd_conf.o
    0x08004e54   0x08004e54   0x00000048   Code   RO         3953    i.USBD_LL_IsoINIncomplete  usbd_core.o
    0x08004e9c   0x08004e9c   0x00000048   Code   RO         3954    i.USBD_LL_IsoOUTIncomplete  usbd_core.o
    0x08004ee4   0x08004ee4   0x00000030   Code   RO          553    i.USBD_LL_OpenEP    usbd_conf.o
    0x08004f14   0x08004f14   0x00000030   Code   RO          554    i.USBD_LL_PrepareReceive  usbd_conf.o
    0x08004f44   0x08004f44   0x0000006c   Code   RO         3955    i.USBD_LL_Reset     usbd_core.o
    0x08004fb0   0x08004fb0   0x00000016   Code   RO         3956    i.USBD_LL_Resume    usbd_core.o
    0x08004fc6   0x08004fc6   0x00000028   Code   RO         3957    i.USBD_LL_SOF       usbd_core.o
    0x08004fee   0x08004fee   0x00000008   Code   RO         3958    i.USBD_LL_SetSpeed  usbd_core.o
    0x08004ff6   0x08004ff6   0x00000026   Code   RO          555    i.USBD_LL_SetUSBAddress  usbd_conf.o
    0x0800501c   0x0800501c   0x00000076   Code   RO         3959    i.USBD_LL_SetupStage  usbd_core.o
    0x08005092   0x08005092   0x00000026   Code   RO          556    i.USBD_LL_StallEP   usbd_conf.o
    0x080050b8   0x080050b8   0x0000001e   Code   RO          557    i.USBD_LL_Start     usbd_conf.o
    0x080050d6   0x080050d6   0x0000001c   Code   RO         3960    i.USBD_LL_Suspend   usbd_core.o
    0x080050f2   0x080050f2   0x00000030   Code   RO          559    i.USBD_LL_Transmit  usbd_conf.o
    0x08005122   0x08005122   0x00000036   Code   RO         4116    i.USBD_ParseSetupRequest  usbd_ctlreq.o
    0x08005158   0x08005158   0x00000048   Code   RO         3961    i.USBD_RegisterClass  usbd_core.o
    0x080051a0   0x080051a0   0x00000006   Code   RO         3962    i.USBD_RunTestMode  usbd_core.o
    0x080051a6   0x080051a6   0x0000005a   Code   RO         4117    i.USBD_SetAddress   usbd_ctlreq.o
    0x08005200   0x08005200   0x00000020   Code   RO         3963    i.USBD_SetClassConfig  usbd_core.o
    0x08005220   0x08005220   0x00000104   Code   RO         4118    i.USBD_SetConfig    usbd_ctlreq.o
    0x08005324   0x08005324   0x00000038   Code   RO         4119    i.USBD_SetFeature   usbd_ctlreq.o
    0x0800535c   0x0800535c   0x0000000c   Code   RO         3964    i.USBD_Start        usbd_core.o
    0x08005368   0x08005368   0x000000ae   Code   RO         4120    i.USBD_StdDevReq    usbd_ctlreq.o
    0x08005416   0x08005416   0x00000280   Code   RO         4121    i.USBD_StdEPReq     usbd_ctlreq.o
    0x08005696   0x08005696   0x000000ae   Code   RO         4122    i.USBD_StdItfReq    usbd_ctlreq.o
    0x08005744   0x08005744   0x00000002   Code   RO          560    i.USBD_static_free  usbd_conf.o
    0x08005746   0x08005746   0x00000002   PAD
    0x08005748   0x08005748   0x0000000c   Code   RO          561    i.USBD_static_malloc  usbd_conf.o
    0x08005754   0x08005754   0x000000d0   Code   RO         1052    i.USB_ActivateEndpoint  stm32h7xx_ll_usb.o
    0x08005824   0x08005824   0x00000028   Code   RO         1054    i.USB_ActivateSetup  stm32h7xx_ll_usb.o
    0x0800584c   0x0800584c   0x00000098   Code   RO         1056    i.USB_CoreInit      stm32h7xx_ll_usb.o
    0x080058e4   0x080058e4   0x00000058   Code   RO         1057    i.USB_CoreReset     stm32h7xx_ll_usb.o
    0x0800593c   0x0800593c   0x0000014c   Code   RO         1060    i.USB_DeactivateEndpoint  stm32h7xx_ll_usb.o
    0x08005a88   0x08005a88   0x00000024   Code   RO         1061    i.USB_DevConnect    stm32h7xx_ll_usb.o
    0x08005aac   0x08005aac   0x00000024   Code   RO         1062    i.USB_DevDisconnect  stm32h7xx_ll_usb.o
    0x08005ad0   0x08005ad0   0x000001d8   Code   RO         1063    i.USB_DevInit       stm32h7xx_ll_usb.o
    0x08005ca8   0x08005ca8   0x0000000e   Code   RO         1064    i.USB_DisableGlobalInt  stm32h7xx_ll_usb.o
    0x08005cb6   0x08005cb6   0x00000002   PAD
    0x08005cb8   0x08005cb8   0x00000070   Code   RO         1067    i.USB_EP0_OutStart  stm32h7xx_ll_usb.o
    0x08005d28   0x08005d28   0x0000008e   Code   RO         1068    i.USB_EPClearStall  stm32h7xx_ll_usb.o
    0x08005db6   0x08005db6   0x0000009a   Code   RO         1069    i.USB_EPSetStall    stm32h7xx_ll_usb.o
    0x08005e50   0x08005e50   0x000003b4   Code   RO         1070    i.USB_EPStartXfer   stm32h7xx_ll_usb.o
    0x08006204   0x08006204   0x000000ec   Code   RO         1071    i.USB_EPStopXfer    stm32h7xx_ll_usb.o
    0x080062f0   0x080062f0   0x0000000e   Code   RO         1072    i.USB_EnableGlobalInt  stm32h7xx_ll_usb.o
    0x080062fe   0x080062fe   0x00000002   PAD
    0x08006300   0x08006300   0x00000054   Code   RO         1073    i.USB_FlushRxFifo   stm32h7xx_ll_usb.o
    0x08006354   0x08006354   0x00000058   Code   RO         1074    i.USB_FlushTxFifo   stm32h7xx_ll_usb.o
    0x080063ac   0x080063ac   0x00000026   Code   RO         1076    i.USB_GetDevSpeed   stm32h7xx_ll_usb.o
    0x080063d2   0x080063d2   0x0000000a   Code   RO         1078    i.USB_GetMode       stm32h7xx_ll_usb.o
    0x080063dc   0x080063dc   0x00000014   Code   RO         1086    i.USB_ReadDevAllInEpInterrupt  stm32h7xx_ll_usb.o
    0x080063f0   0x080063f0   0x00000014   Code   RO         1087    i.USB_ReadDevAllOutEpInterrupt  stm32h7xx_ll_usb.o
    0x08006404   0x08006404   0x00000032   Code   RO         1088    i.USB_ReadDevInEPInterrupt  stm32h7xx_ll_usb.o
    0x08006436   0x08006436   0x0000001a   Code   RO         1089    i.USB_ReadDevOutEPInterrupt  stm32h7xx_ll_usb.o
    0x08006450   0x08006450   0x0000000a   Code   RO         1090    i.USB_ReadInterrupts  stm32h7xx_ll_usb.o
    0x0800645a   0x0800645a   0x00000060   Code   RO         1091    i.USB_ReadPacket    stm32h7xx_ll_usb.o
    0x080064ba   0x080064ba   0x00000068   Code   RO         1093    i.USB_SetCurrentMode  stm32h7xx_ll_usb.o
    0x08006522   0x08006522   0x0000002a   Code   RO         1094    i.USB_SetDevAddress  stm32h7xx_ll_usb.o
    0x0800654c   0x0800654c   0x00000012   Code   RO         1095    i.USB_SetDevSpeed   stm32h7xx_ll_usb.o
    0x0800655e   0x0800655e   0x00000002   PAD
    0x08006560   0x08006560   0x000000e8   Code   RO         1096    i.USB_SetTurnaroundTime  stm32h7xx_ll_usb.o
    0x08006648   0x08006648   0x00000044   Code   RO         1099    i.USB_WritePacket   stm32h7xx_ll_usb.o
    0x0800668c   0x0800668c   0x00000064   Code   RO          467    i.USB_printf        usbd_cdc_if.o
    0x080066f0   0x080066f0   0x00000004   Code   RO          211    i.UsageFault_Handler  stm32h7xx_it.o
    0x080066f4   0x080066f4   0x0000002c   Code   RO         4400    i.__0vsnprintf      mc_w.l(printfa.o)
    0x08006720   0x08006720   0x00000010   Code   RO         2796    i.__NVIC_GetPriorityGrouping  stm32h7xx_hal_cortex.o
    0x08006730   0x08006730   0x00000028   Code   RO         2797    i.__NVIC_SetPriority  stm32h7xx_hal_cortex.o
    0x08006758   0x08006758   0x0000000e   Code   RO         4468    i.__scatterload_copy  mc_w.l(handlers.o)
    0x08006766   0x08006766   0x00000002   Code   RO         4469    i.__scatterload_null  mc_w.l(handlers.o)
    0x08006768   0x08006768   0x0000000e   Code   RO         4470    i.__scatterload_zeroinit  mc_w.l(handlers.o)
    0x08006776   0x08006776   0x00000002   PAD
    0x08006778   0x08006778   0x00000184   Code   RO         4402    i._fp_digits        mc_w.l(printfa.o)
    0x080068fc   0x080068fc   0x000006dc   Code   RO         4403    i._printf_core      mc_w.l(printfa.o)
    0x08006fd8   0x08006fd8   0x00000024   Code   RO         4404    i._printf_post_padding  mc_w.l(printfa.o)
    0x08006ffc   0x08006ffc   0x0000002e   Code   RO         4405    i._printf_pre_padding  mc_w.l(printfa.o)
    0x0800702a   0x0800702a   0x00000016   Code   RO         4406    i._snputc           mc_w.l(printfa.o)
    0x08007040   0x08007040   0x000000fc   Code   RO           15    i.main              main.o
    0x0800713c   0x0800713c   0x00000010   Data   RO         3907    .constdata          system_stm32h7xx.o
    0x0800714c   0x0800714c   0x00000020   Data   RO         4466    Region$$Table       anon$$obj.o


    Execution Region RW_IRAM1 (Exec base: 0x20000000, Load base: 0x0800716c, Size: 0x00000000, Max: 0x00020000, ABSOLUTE)

    **** No section assigned to this execution region ****


    Execution Region RW_IRAM2 (Exec base: 0x24000000, Load base: 0x0800716c, Size: 0x00005308, Max: 0x00050000, ABSOLUTE, COMPRESSED[0x0000012c])

    Exec Addr    Load Addr    Size         Type   Attr      Idx    E Section Name        Object

    0x24000000   COMPRESSED   0x000005f2   Data   RW           16    .data               main.o
    0x240005f2   COMPRESSED   0x00000002   PAD
    0x240005f4   COMPRESSED   0x0000004e   Data   RW          381    .data               usbd_desc.o
    0x24000642   COMPRESSED   0x00000002   PAD
    0x24000644   COMPRESSED   0x00000014   Data   RW          469    .data               usbd_cdc_if.o
    0x24000658   COMPRESSED   0x00000009   Data   RW         2977    .data               stm32h7xx_hal.o
    0x24000661   COMPRESSED   0x00000003   PAD
    0x24000664   COMPRESSED   0x00000008   Data   RW         3908    .data               system_stm32h7xx.o
    0x2400066c   COMPRESSED   0x00000001   Data   RW         4123    .data               usbd_ctlreq.o
    0x2400066d   COMPRESSED   0x00000003   PAD
    0x24000670   COMPRESSED   0x0000008a   Data   RW         4294    .data               usbd_cdc.o
    0x240006fa   COMPRESSED   0x00000002   PAD
    0x240006fc        -       0x000002dc   Zero   RW          337    .bss                usb_device.o
    0x240009d8        -       0x00000200   Zero   RW          380    .bss                usbd_desc.o
    0x24000bd8        -       0x00001000   Zero   RW          468    .bss                usbd_cdc_if.o
    0x24001bd8        -       0x0000072c   Zero   RW          562    .bss                usbd_conf.o
    0x24002304   COMPRESSED   0x00000004   PAD
    0x24002308        -       0x00003000   Zero   RW            1    STACK               startup_stm32h723xx.o


==============================================================================

Image component sizes


      Code (inc. data)   RO Data    RW Data    ZI Data      Debug   Object Name

        84          8          0          0          0       1207   led.o
       412         78          0       1522          0    1123477   main.o
        36          8        716          0      12288        940   startup_stm32h723xx.o
       260         48          0          9          0      24541   stm32h7xx_hal.o
       310         22          0          0          0      40807   stm32h7xx_hal_cortex.o
       528         50          0          0          0       3309   stm32h7xx_hal_gpio.o
        36          4          0          0          0       1154   stm32h7xx_hal_msp.o
      3650         16          0          0          0      15712   stm32h7xx_hal_pcd.o
       130          4          0          0          0       3753   stm32h7xx_hal_pcd_ex.o
       116         12          0          0          0       1558   stm32h7xx_hal_pwr_ex.o
      3316         90          0          0          0       6314   stm32h7xx_hal_rcc.o
      3984         54          0          0          0       5120   stm32h7xx_hal_rcc_ex.o
        50          6          0          0          0       5802   stm32h7xx_it.o
      3890        100          0          0          0      26280   stm32h7xx_ll_usb.o
       224         32         16          8          0       1718   system_stm32h7xx.o
        80         16          0          0        732       1000   usb_device.o
      1782         54          0        138          0      16333   usbd_cdc.o
       304         30          0         20       4096       6761   usbd_cdc_if.o
       956         30          0          0       1836      20732   usbd_conf.o
      1354          0          0          0          0      19157   usbd_core.o
      2342         30          0          1          0      19884   usbd_ctlreq.o
       386        122          0         78        512       8185   usbd_desc.o
       174          0          0          0          0       5600   usbd_ioreq.o

    ----------------------------------------------------------------------
     24426        814        764       1788      19468    1359344   Object Totals
         0          0         32          0          0          0   (incl. Generated)
        22          0          0         12          4          0   (incl. Padding)

    ----------------------------------------------------------------------

      Code (inc. data)   RO Data    RW Data    ZI Data      Debug   Library Member Name

        86          0          0          0          0          0   __dczerorl2.o
         0          0          0          0          0          0   entry.o
         0          0          0          0          0          0   entry10a.o
         0          0          0          0          0          0   entry11a.o
         8          4          0          0          0          0   entry2.o
         4          0          0          0          0          0   entry5.o
         0          0          0          0          0          0   entry7b.o
         0          0          0          0          0          0   entry8b.o
         8          4          0          0          0          0   entry9a.o
        30          0          0          0          0          0   handlers.o
        36          8          0          0          0         68   init.o
         0          0          0          0          0          0   iusefp.o
        30          0          0          0          0         68   llshl.o
        36          0          0          0          0         68   llsshr.o
        32          0          0          0          0         68   llushr.o
        36          0          0          0          0         68   memcpya.o
        36          0          0          0          0        108   memseta.o
      2292         84          0          0          0        516   printfa.o
        44          0          0          0          0         80   uidiv.o
        98          0          0          0          0         92   uldiv.o
        48          0          0          0          0         68   cdrcmple.o
       334          0          0          0          0        148   dadd.o
       222          0          0          0          0        100   ddiv.o
       186          0          0          0          0        176   depilogue.o
        48          0          0          0          0         68   dfixul.o
       228          0          0          0          0         96   dmul.o

    ----------------------------------------------------------------------
      3846        100          0          0          0       1792   Library Totals
         4          0          0          0          0          0   (incl. Padding)

    ----------------------------------------------------------------------

      Code (inc. data)   RO Data    RW Data    ZI Data      Debug   Library Name

      2776        100          0          0          0       1136   mc_w.l
      1066          0          0          0          0        656   mf_w.l

    ----------------------------------------------------------------------
      3846        100          0          0          0       1792   Library Totals

    ----------------------------------------------------------------------

==============================================================================


      Code (inc. data)   RO Data    RW Data    ZI Data      Debug   

     28272        914        764       1788      19468    1342484   Grand Totals
     28272        914        764        300      19468    1342484   ELF Image Totals (compressed)
     28272        914        764        300          0          0   ROM Totals

==============================================================================

    Total RO  Size (Code + RO Data)                29036 (  28.36kB)
    Total RW  Size (RW Data + ZI Data)             21256 (  20.76kB)
    Total ROM Size (Code + RO Data + RW Data)      29336 (  28.65kB)

==============================================================================

