<html>
<body>
<pre>
<h1>µVision Build Log</h1>
<h2>Tool Versions:</h2>
IDE-Version: µVision V5.27.0.0
Copyright (C) 2018 ARM Ltd and ARM Germany GmbH. All rights reserved.
License Information: SHUAIWEN CUI, NTU, LIC=JL28G-VX9JX-QDQKD-8FN6R-M33TC-5YMJT
 
Tool Versions:
Toolchain:       MDK-ARM Plus  Version: 5.27.0.0
Toolchain Path:  D:\Keil5\ARM\ARMCC\Bin
C Compiler:      Armcc.exe V5.06 update 6 (build 750)
Assembler:       Armasm.exe V5.06 update 6 (build 750)
Linker/Locator:  ArmLink.exe V5.06 update 6 (build 750)
Library Manager: ArmAr.exe V5.06 update 6 (build 750)
Hex Converter:   FromElf.exe V5.06 update 6 (build 750)
CPU DLL:         SARMCM3.DLL V5.27.0.0
Dialog DLL:      DCM.DLL V1.17.2.0
Target DLL:      STLink\ST-LINKIII-KEIL_SWO.dll V3.0.5.0
Dialog DLL:      TCM.DLL V1.36.1.0
 
<h2>Project:</h2>
E:\OneDrive - Nanyang Technological University\1_Skillset\01-EDGE-A-EMBEDDED_SYSTEM\MCU32\Skillsets-MCU32\FK723M1-ZGT6\BASELINE-NO-RTOS\MDK-ARM\STM32H723.uvprojx
Project File Date:  04/12/2024

<h2>Output:</h2>
*** Using Compiler 'V5.06 update 6 (build 750)', folder: 'D:\Keil5\ARM\ARMCC\Bin'
Rebuild target 'STM32H723'
assembling startup_stm32h723xx.s...
compiling stm32h7xx_it.c...
compiling stm32h7xx_hal_hsem.c...
compiling sdmmc_sd.c...
compiling stm32h7xx_hal_msp.c...
compiling usart.c...
compiling led.c...
compiling stm32h7xx_hal_cortex.c...
compiling stm32h7xx_hal_dma_ex.c...
compiling stm32h7xx_hal_dma.c...
compiling stm32h7xx_hal_pwr.c...
compiling stm32h7xx_hal_rcc.c...
compiling stm32h7xx_hal_i2c_ex.c...
compiling stm32h7xx_hal_flash.c...
compiling arm_relu_q15.c...
compiling stm32h7xx_hal_tim.c...
compiling stm32h7xx_hal.c...
compiling stm32h7xx_hal_flash_ex.c...
compiling arm_relu_q7.c...
compiling arm_nn_activations_q7.c...
compiling arm_nn_activations_q15.c...
compiling arm_convolve_HWC_q7_basic.c...
compiling arm_convolve_HWC_q7_basic_nonsquare.c...
compiling stm32h7xx_ll_delayblock.c...
compiling stm32h7xx_hal_pwr_ex.c...
compiling stm32h7xx_ll_sdmmc.c...
compiling stm32h7xx_hal_uart_ex.c...
compiling arm_convolve_1x1_HWC_q7_fast_nonsquare.c...
compiling system_stm32h7xx.c...
compiling stm32h7xx_hal_sd.c...
compiling arm_convolve_HWC_q7_fast.c...
compiling stm32h7xx_hal_gpio.c...
compiling stm32h7xx_hal_tim_ex.c...
compiling stm32h7xx_hal_exti.c...
compiling stm32h7xx_hal_sd_ex.c...
compiling main.c...
../Core/Src/main.c(118): warning:  #177-D: variable "key"  was declared but never referenced
  	int key, t = 0;
../Core/Src/main.c(118): warning:  #177-D: variable "t"  was declared but never referenced
  	int key, t = 0;
../Core/Src/main.c(119): warning:  #177-D: variable "time"  was declared but never referenced
  	float time;
../Core/Src/main.c(120): warning:  #177-D: variable "buf"  was declared but never referenced
  	int buf[50];
../Core/Src/main.c(121): warning:  #177-D: variable "i"  was declared but never referenced
  	int i;
../Core/Src/main.c(122): warning:  #177-D: variable "scfft"  was declared but never referenced
  	arm_cfft_radix4_instance_f32 scfft;
../Core/Src/main.c: 6 warnings, 0 errors
compiling stm32h7xx_hal_mdma.c...
compiling stm32h7xx_hal_rcc_ex.c...
compiling arm_convolve_HWC_q7_fast_nonsquare.c...
compiling stm32h7xx_hal_i2c.c...
compiling stm32h7xx_hal_uart.c...
compiling arm_convolve_HWC_q7_RGB.c...
compiling arm_convolve_HWC_q15_basic.c...
compiling arm_convolve_HWC_q15_fast.c...
compiling arm_convolve_HWC_q15_fast_nonsquare.c...
compiling arm_depthwise_conv_u8_basic_ver1.c...
compiling arm_depthwise_separable_conv_HWC_q7.c...
compiling arm_depthwise_separable_conv_HWC_q7_nonsquare.c...
compiling arm_nn_mat_mult_kernel_q7_q15_reordered.c...
compiling arm_nn_mat_mult_kernel_q7_q15.c...
compiling arm_fully_connected_mat_q7_vec_q15_opt.c...
compiling arm_fully_connected_mat_q7_vec_q15.c...
compiling arm_fully_connected_q7.c...
compiling arm_fully_connected_q7_opt.c...
compiling arm_fully_connected_q15.c...
compiling arm_fully_connected_q15_opt.c...
compiling arm_nn_mult_q7.c...
compiling arm_nn_mult_q15.c...
compiling arm_nntables.c...
compiling arm_q7_to_q15_no_shift.c...
compiling arm_q7_to_q15_reordered_no_shift.c...
compiling diskio.c...
compiling arm_softmax_q7.c...
compiling arm_pool_q7_HWC.c...
compiling arm_softmax_q15.c...
compiling ff_gen_drv.c...
compiling ff.c...
compiling ffunicode.c...
compiling sd_diskio.c...
linking...
Program Size: Code=42588 RO-data=1960 RW-data=36332 ZI-data=73188  
FromELF: creating hex file...
"STM32H723\STM32H723.axf" - 0 Error(s), 6 Warning(s).

<h2>Software Packages used:</h2>

Package Vendor: ARM
                http://www.keil.com/pack/ARM.CMSIS.5.6.0.pack
                ARM.CMSIS.5.6.0
                CMSIS (Cortex Microcontroller Software Interface Standard)
   * Component: CORE Version: 5.3.0

Package Vendor: Keil
                https://www.keil.com/pack/Keil.STM32H7xx_DFP.3.1.1.pack
                Keil.STM32H7xx_DFP.3.1.1
                STMicroelectronics STM32H7 Series Device Support and Examples

<h2>Collection of Component include folders:</h2>
  .\RTE\_STM32H723
  D:\Keil5\ARM\PACK\ARM\CMSIS\5.6.0\CMSIS\Core\Include
  D:\Keil5\ARM\PACK\Keil\STM32H7xx_DFP\3.1.1\Drivers\CMSIS\Device\ST\STM32H7xx\Include

<h2>Collection of Component Files used:</h2>

   * Component: ARM::CMSIS:CORE:5.3.0
Build Time Elapsed:  00:00:06
</pre>
</body>
</html>
