<html>
<body>
<pre>
<h1>µVision Build Log</h1>
<h2>Tool Versions:</h2>
IDE-Version: µVision V5.27.0.0
Copyright (C) 2018 ARM Ltd and ARM Germany GmbH. All rights reserved.
License Information: SHUAIWEN CUI, NTU, LIC=JL28G-VX9JX-QDQKD-8FN6R-M33TC-5YMJT
 
Tool Versions:
Toolchain:       MDK-ARM Plus  Version: 5.27.0.0
Toolchain Path:  D:\Keil5\ARM\ARMCC\Bin
C Compiler:      Armcc.exe V5.06 update 6 (build 750)
Assembler:       Armasm.exe V5.06 update 6 (build 750)
Linker/Locator:  ArmLink.exe V5.06 update 6 (build 750)
Library Manager: ArmAr.exe V5.06 update 6 (build 750)
Hex Converter:   FromElf.exe V5.06 update 6 (build 750)
CPU DLL:         SARMCM3.DLL V5.27.0.0
Dialog DLL:      DCM.DLL V1.17.2.0
Target DLL:      STLink\ST-LINKIII-KEIL_SWO.dll V3.0.5.0
Dialog DLL:      TCM.DLL V1.36.1.0
 
<h2>Project:</h2>
E:\OneDrive - Nanyang Technological University\1_Skillset\01-EDGE-A-EMBEDDED_SYSTEM\MCU32\Skillsets-MCU32\STM32H743IIT-DEV-FW\USER\project.uvprojx
Project File Date:  03/18/2024

<h2>Output:</h2>
*** Using Compiler 'V5.06 update 6 (build 750)', folder: 'D:\Keil5\ARM\ARMCC\Bin'
Build target 'PROJECT'
compiling delay.c...
compiling stm32h7xx_hal_cortex.c...
compiling stm32h7xx_hal.c...
assembling startup_stm32h743xx.s...
compiling usart.c...
compiling stm32h7xx_hal_pwr_ex.c...
compiling main.c...
compiling stm32h7xx_hal_dma.c...
compiling stm32h7xx_hal_msp.c...
compiling stm32h7xx_hal_gpio.c...
compiling stm32h7xx_hal_qspi.c...
compiling stm32h7xx_hal_dma_ex.c...
compiling stm32h7xx_hal_rcc.c...
compiling stm32h7xx_hal_sdram.c...
compiling stm32h7xx_hal_dcmi.c...
compiling stm32h7xx_ll_fmc.c...
compiling stm32h7xx_hal_ltdc.c...
compiling stm32h7xx_hal_uart_ex.c...
compiling system_stm32h7xx.c...
compiling stm32h7xx_hal_pwr.c...
compiling stm32h7xx_it.c...
compiling stm32h7xx_hal_sram.c...
compiling stm32h7xx_hal_tim_ex.c...
compiling stm32h7xx_hal_uart.c...
compiling stm32h7xx_hal_spi.c...
compiling stm32h7xx_hal_spi_ex.c...
compiling stm32h7xx_hal_tim.c...
compiling sys.c...
compiling stm32h7xx_hal_sd_ex.c...
compiling stm32h7xx_ll_delayblock.c...
compiling stm32h7xx_ll_sdmmc.c...
compiling stm32h7xx_hal_rcc_ex.c...
compiling stm32h7xx_hal_mdma.c...
compiling key.c...
compiling stm32h7xx_hal_usart.c...
compiling led.c...
compiling stm32h7xx_hal_sd.c...
compiling stm32h7xx_hal_nand.c...
compiling mpu.c...
compiling sdram.c...
compiling ltdc.c...
compiling myiic.c...
compiling 24cxx.c...
compiling lcd.c...
compiling pcf8574.c...
compiling sdmmc_sdcard.c...
compiling ftl.c...
compiling nandtester.c...
compiling nand.c...
compiling qspi.c...
compiling w25qxx.c...
compiling timer.c...
compiling malloc.c...
compiling exfuns.c...
compiling fattester.c...
compiling diskio.c...
compiling ffsystem.c...
compiling myffunicode.c...
compiling ff.c...
compiling text.c...
compiling fontupd.c...
compiling usmart_str.c...
compiling usmart.c...
compiling usmart_config.c...
linking...
Program Size: Code=56508 RO-data=57288 RW-data=576 ZI-data=34528928  
FromELF: creating hex file...
"..\OBJ\project.axf" - 0 Error(s), 0 Warning(s).

<h2>Software Packages used:</h2>

Package Vendor: Keil
                https://www.keil.com/pack/Keil.STM32H7xx_DFP.3.1.1.pack
                Keil.STM32H7xx_DFP.3.1.1
                STMicroelectronics STM32H7 Series Device Support and Examples

<h2>Collection of Component include folders:</h2>
  .\RTE\_PROJECT
  D:\Keil5\ARM\PACK\Keil\STM32H7xx_DFP\3.1.1\Drivers\CMSIS\Device\ST\STM32H7xx\Include

<h2>Collection of Component Files used:</h2>
Build Time Elapsed:  00:00:10
</pre>
</body>
</html>
