Component: ARM Compiler 5.06 update 6 (build 750) Tool: armlink [4d35ed]

==============================================================================

Section Cross References

    startup_stm32h723xx.o(RESET) refers to startup_stm32h723xx.o(STACK) for __initial_sp
    startup_stm32h723xx.o(RESET) refers to startup_stm32h723xx.o(.text) for Reset_Handler
    startup_stm32h723xx.o(RESET) refers to stm32h7xx_it.o(i.NMI_Handler) for NMI_Handler
    startup_stm32h723xx.o(RESET) refers to stm32h7xx_it.o(i.HardFault_Handler) for HardFault_Handler
    startup_stm32h723xx.o(RESET) refers to stm32h7xx_it.o(i.MemManage_Handler) for MemManage_Handler
    startup_stm32h723xx.o(RESET) refers to stm32h7xx_it.o(i.BusFault_Handler) for BusFault_Handler
    startup_stm32h723xx.o(RESET) refers to stm32h7xx_it.o(i.UsageFault_Handler) for UsageFault_Handler
    startup_stm32h723xx.o(RESET) refers to stm32h7xx_it.o(i.SVC_Handler) for SVC_Handler
    startup_stm32h723xx.o(RESET) refers to stm32h7xx_it.o(i.DebugMon_Handler) for DebugMon_Handler
    startup_stm32h723xx.o(RESET) refers to stm32h7xx_it.o(i.PendSV_Handler) for PendSV_Handler
    startup_stm32h723xx.o(RESET) refers to stm32h7xx_it.o(i.SysTick_Handler) for SysTick_Handler
    startup_stm32h723xx.o(RESET) refers to stm32h7xx_it.o(i.SDMMC1_IRQHandler) for SDMMC1_IRQHandler
    startup_stm32h723xx.o(.text) refers to system_stm32h7xx.o(i.SystemInit) for SystemInit
    startup_stm32h723xx.o(.text) refers to entry.o(.ARM.Collect$$$$00000000) for __main
    main.o(i.FatFs_Check) refers to ff_gen_drv.o(i.FATFS_LinkDriver) for FATFS_LinkDriver
    main.o(i.FatFs_Check) refers to ff.o(i.f_mount) for f_mount
    main.o(i.FatFs_Check) refers to printf3.o(i.__0printf$3) for __2printf
    main.o(i.FatFs_Check) refers to ff.o(i.f_mkfs) for f_mkfs
    main.o(i.FatFs_Check) refers to main.o(.data) for SDPath
    main.o(i.FatFs_Check) refers to sd_diskio.o(.constdata) for SD_Driver
    main.o(i.FatFs_Check) refers to main.o(.bss) for SD_FatFs
    main.o(i.FatFs_FileTest) refers to memcpya.o(.text) for __aeabi_memcpy4
    main.o(i.FatFs_FileTest) refers to printf3.o(i.__0printf$3) for __2printf
    main.o(i.FatFs_FileTest) refers to ff.o(i.f_open) for f_open
    main.o(i.FatFs_FileTest) refers to ff.o(i.f_write) for f_write
    main.o(i.FatFs_FileTest) refers to ff.o(i.f_close) for f_close
    main.o(i.FatFs_FileTest) refers to ff.o(i.f_read) for f_read
    main.o(i.FatFs_FileTest) refers to main.o(.data) for MyFile_Res
    main.o(i.FatFs_GetVolume) refers to ff.o(i.f_getfree) for f_getfree
    main.o(i.FatFs_GetVolume) refers to printf3.o(i.__0printf$3) for __2printf
    main.o(i.SystemClock_Config) refers to memseta.o(.text) for __aeabi_memclr4
    main.o(i.SystemClock_Config) refers to stm32h7xx_hal_pwr_ex.o(i.HAL_PWREx_ConfigSupply) for HAL_PWREx_ConfigSupply
    main.o(i.SystemClock_Config) refers to stm32h7xx_hal_rcc.o(i.HAL_RCC_OscConfig) for HAL_RCC_OscConfig
    main.o(i.SystemClock_Config) refers to main.o(i.Error_Handler) for Error_Handler
    main.o(i.SystemClock_Config) refers to stm32h7xx_hal_rcc.o(i.HAL_RCC_ClockConfig) for HAL_RCC_ClockConfig
    main.o(i.SystemClock_Config) refers to stm32h7xx_hal_rcc_ex.o(i.HAL_RCCEx_PeriphCLKConfig) for HAL_RCCEx_PeriphCLKConfig
    main.o(i.main) refers to stm32h7xx_hal.o(i.HAL_Init) for HAL_Init
    main.o(i.main) refers to main.o(i.SystemClock_Config) for SystemClock_Config
    main.o(i.main) refers to led.o(i.LED_Init) for LED_Init
    main.o(i.main) refers to usart.o(i.USART1_Init) for USART1_Init
    main.o(i.main) refers to main.o(i.FatFs_Check) for FatFs_Check
    main.o(i.main) refers to main.o(i.FatFs_GetVolume) for FatFs_GetVolume
    main.o(i.main) refers to main.o(i.FatFs_FileTest) for FatFs_FileTest
    main.o(i.main) refers to stm32h7xx_hal_gpio.o(i.HAL_GPIO_TogglePin) for HAL_GPIO_TogglePin
    main.o(i.main) refers to stm32h7xx_hal.o(i.HAL_Delay) for HAL_Delay
    stm32h7xx_it.o(i.SDMMC1_IRQHandler) refers to stm32h7xx_hal_sd.o(i.HAL_SD_IRQHandler) for HAL_SD_IRQHandler
    stm32h7xx_it.o(i.SysTick_Handler) refers to stm32h7xx_hal.o(i.HAL_IncTick) for HAL_IncTick
    led.o(i.LED_Init) refers to memseta.o(.text) for __aeabi_memclr4
    led.o(i.LED_Init) refers to stm32h7xx_hal_gpio.o(i.HAL_GPIO_WritePin) for HAL_GPIO_WritePin
    led.o(i.LED_Init) refers to stm32h7xx_hal_gpio.o(i.HAL_GPIO_Init) for HAL_GPIO_Init
    usart.o(i.HAL_UART_MspInit) refers to memseta.o(.text) for __aeabi_memclr4
    usart.o(i.HAL_UART_MspInit) refers to stm32h7xx_hal_gpio.o(i.HAL_GPIO_Init) for HAL_GPIO_Init
    usart.o(i.USART1_Init) refers to stm32h7xx_hal_uart.o(i.HAL_UART_Init) for HAL_UART_Init
    usart.o(i.USART1_Init) refers to stm32h7xx_hal_uart_ex.o(i.HAL_UARTEx_SetTxFifoThreshold) for HAL_UARTEx_SetTxFifoThreshold
    usart.o(i.USART1_Init) refers to stm32h7xx_hal_uart_ex.o(i.HAL_UARTEx_SetRxFifoThreshold) for HAL_UARTEx_SetRxFifoThreshold
[...]
    i.SDMMC1_IRQHandler                      0x08004c38   Section        0  stm32h7xx_it.o(i.SDMMC1_IRQHandler)
    i.SDMMC_CmdAppCommand                    0x08004c42   Section        0  stm32h7xx_ll_sdmmc.o(i.SDMMC_CmdAppCommand)
    i.SDMMC_CmdAppOperCommand                0x08004c7c   Section        0  stm32h7xx_ll_sdmmc.o(i.SDMMC_CmdAppOperCommand)
    i.SDMMC_CmdBlockLength                   0x08004cb0   Section        0  stm32h7xx_ll_sdmmc.o(i.SDMMC_CmdBlockLength)
    i.SDMMC_CmdBusWidth                      0x08004ce8   Section        0  stm32h7xx_ll_sdmmc.o(i.SDMMC_CmdBusWidth)
    i.SDMMC_CmdGoIdleState                   0x08004d22   Section        0  stm32h7xx_ll_sdmmc.o(i.SDMMC_CmdGoIdleState)
    i.SDMMC_CmdOperCond                      0x08004d4e   Section        0  stm32h7xx_ll_sdmmc.o(i.SDMMC_CmdOperCond)
    i.SDMMC_CmdReadMultiBlock                0x08004d82   Section        0  stm32h7xx_ll_sdmmc.o(i.SDMMC_CmdReadMultiBlock)
    i.SDMMC_CmdReadSingleBlock               0x08004dbc   Section        0  stm32h7xx_ll_sdmmc.o(i.SDMMC_CmdReadSingleBlock)
    i.SDMMC_CmdSelDesel                      0x08004df6   Section        0  stm32h7xx_ll_sdmmc.o(i.SDMMC_CmdSelDesel)
    i.SDMMC_CmdSendCID                       0x08004e30   Section        0  stm32h7xx_ll_sdmmc.o(i.SDMMC_CmdSendCID)
    i.SDMMC_CmdSendCSD                       0x08004e64   Section        0  stm32h7xx_ll_sdmmc.o(i.SDMMC_CmdSendCSD)
    i.SDMMC_CmdSendSCR                       0x08004e98   Section        0  stm32h7xx_ll_sdmmc.o(i.SDMMC_CmdSendSCR)
    i.SDMMC_CmdSendStatus                    0x08004ed2   Section        0  stm32h7xx_ll_sdmmc.o(i.SDMMC_CmdSendStatus)
    i.SDMMC_CmdSetRelAdd                     0x08004f0c   Section        0  stm32h7xx_ll_sdmmc.o(i.SDMMC_CmdSetRelAdd)
    i.SDMMC_CmdStatusRegister                0x08004f46   Section        0  stm32h7xx_ll_sdmmc.o(i.SDMMC_CmdStatusRegister)
    i.SDMMC_CmdStopTransfer                  0x08004f80   Section        0  stm32h7xx_ll_sdmmc.o(i.SDMMC_CmdStopTransfer)
    i.SDMMC_CmdSwitch                        0x08004fdc   Section        0  stm32h7xx_ll_sdmmc.o(i.SDMMC_CmdSwitch)
    i.SDMMC_CmdWriteMultiBlock               0x08005016   Section        0  stm32h7xx_ll_sdmmc.o(i.SDMMC_CmdWriteMultiBlock)
    i.SDMMC_CmdWriteSingleBlock              0x08005050   Section        0  stm32h7xx_ll_sdmmc.o(i.SDMMC_CmdWriteSingleBlock)
    i.SDMMC_ConfigData                       0x0800508a   Section        0  stm32h7xx_ll_sdmmc.o(i.SDMMC_ConfigData)
    i.SDMMC_GetCmdError                      0x080050b8   Section        0  stm32h7xx_ll_sdmmc.o(i.SDMMC_GetCmdError)
    SDMMC_GetCmdError                        0x080050b9   Thumb Code    58  stm32h7xx_ll_sdmmc.o(i.SDMMC_GetCmdError)
    i.SDMMC_GetCmdResp1                      0x080050fc   Section        0  stm32h7xx_ll_sdmmc.o(i.SDMMC_GetCmdResp1)
    i.SDMMC_GetCmdResp2                      0x080052ac   Section        0  stm32h7xx_ll_sdmmc.o(i.SDMMC_GetCmdResp2)
    i.SDMMC_GetCmdResp3                      0x08005314   Section        0  stm32h7xx_ll_sdmmc.o(i.SDMMC_GetCmdResp3)
    i.SDMMC_GetCmdResp6                      0x08005370   Section        0  stm32h7xx_ll_sdmmc.o(i.SDMMC_GetCmdResp6)
    i.SDMMC_GetCmdResp7                      0x0800542c   Section        0  stm32h7xx_ll_sdmmc.o(i.SDMMC_GetCmdResp7)
    i.SDMMC_GetCommandResponse               0x08005498   Section        0  stm32h7xx_ll_sdmmc.o(i.SDMMC_GetCommandResponse)
    i.SDMMC_GetPowerState                    0x080054a0   Section        0  stm32h7xx_ll_sdmmc.o(i.SDMMC_GetPowerState)
    i.SDMMC_GetResponse                      0x080054aa   Section        0  stm32h7xx_ll_sdmmc.o(i.SDMMC_GetResponse)
    i.SDMMC_Init                             0x080054b8   Section        0  stm32h7xx_ll_sdmmc.o(i.SDMMC_Init)
    i.SDMMC_PowerState_ON                    0x080054ec   Section        0  stm32h7xx_ll_sdmmc.o(i.SDMMC_PowerState_ON)
    i.SDMMC_ReadFIFO                         0x080054fa   Section        0  stm32h7xx_ll_sdmmc.o(i.SDMMC_ReadFIFO)
    i.SDMMC_SendCommand                      0x08005504   Section        0  stm32h7xx_ll_sdmmc.o(i.SDMMC_SendCommand)
    i.SDMMC_WriteFIFO                        0x08005530   Section        0  stm32h7xx_ll_sdmmc.o(i.SDMMC_WriteFIFO)
    i.SD_CheckStatus                         0x0800553c   Section        0  sd_diskio.o(i.SD_CheckStatus)
    SD_CheckStatus                           0x0800553d   Thumb Code    36  sd_diskio.o(i.SD_CheckStatus)
    i.SD_FindSCR                             0x08005564   Section        0  stm32h7xx_hal_sd.o(i.SD_FindSCR)
    SD_FindSCR                               0x08005565   Thumb Code   316  stm32h7xx_hal_sd.o(i.SD_FindSCR)
    i.SD_InitCard                            0x080056a4   Section        0  stm32h7xx_hal_sd.o(i.SD_InitCard)
    SD_InitCard                              0x080056a5   Thumb Code   266  stm32h7xx_hal_sd.o(i.SD_InitCard)
    i.SD_MspInit                             0x080057b0   Section        0  sdmmc_sd.o(i.SD_MspInit)
    SD_MspInit                               0x080057b1   Thumb Code   186  sdmmc_sd.o(i.SD_MspInit)
    i.SD_PowerON                             0x0800587c   Section        0  stm32h7xx_hal_sd.o(i.SD_PowerON)
    SD_PowerON                               0x0800587d   Thumb Code   200  stm32h7xx_hal_sd.o(i.SD_PowerON)
    i.SD_Read_IT                             0x08005948   Section        0  stm32h7xx_hal_sd.o(i.SD_Read_IT)
    SD_Read_IT                               0x08005949   Thumb Code    66  stm32h7xx_hal_sd.o(i.SD_Read_IT)
    i.SD_SendSDStatus                        0x0800598c   Section        0  stm32h7xx_hal_sd.o(i.SD_SendSDStatus)
    SD_SendSDStatus                          0x0800598d   Thumb Code   304  stm32h7xx_hal_sd.o(i.SD_SendSDStatus)
    i.SD_SendStatus                          0x08005ac0   Section        0  stm32h7xx_hal_sd.o(i.SD_SendStatus)
    SD_SendStatus                            0x08005ac1   Thumb Code    48  stm32h7xx_hal_sd.o(i.SD_SendStatus)
    i.SD_SwitchSpeed                         0x08005af0   Section        0  stm32h7xx_hal_sd.o(i.SD_SwitchSpeed)
    SD_SwitchSpeed                           0x08005af1   Thumb Code   294  stm32h7xx_hal_sd.o(i.SD_SwitchSpeed)
    i.SD_WideBus_Disable                     0x08005c1c   Section        0  stm32h7xx_hal_sd.o(i.SD_WideBus_Disable)
    SD_WideBus_Disable                       0x08005c1d   Thumb Code   104  stm32h7xx_hal_sd.o(i.SD_WideBus_Disable)
    i.SD_WideBus_Enable                      0x08005c84   Section        0  stm32h7xx_hal_sd.o(i.SD_WideBus_Enable)
    SD_WideBus_Enable                        0x08005c85   Thumb Code   104  stm32h7xx_hal_sd.o(i.SD_WideBus_Enable)
    i.SD_Write_IT                            0x08005cec   Section        0  stm32h7xx_hal_sd.o(i.SD_Write_IT)
    SD_Write_IT                              0x08005ced   Thumb Code    82  stm32h7xx_hal_sd.o(i.SD_Write_IT)
    i.SD_initialize                          0x08005d40   Section        0  sd_diskio.o(i.SD_initialize)
    i.SD_ioctl                               0x08005d68   Section        0  sd_diskio.o(i.SD_ioctl)
    i.SD_read                                0x08005dd8   Section        0  sd_diskio.o(i.SD_read)
    i.SD_status                              0x08005e08   Section        0  sd_diskio.o(i.SD_status)
    i.SD_write                               0x08005e14   Section        0  sd_diskio.o(i.SD_write)
    i.SVC_Handler                            0x08005e44   Section        0  stm32h7xx_it.o(i.SVC_Handler)
    i.SysTick_Handler                        0x08005e46   Section        0  stm32h7xx_it.o(i.SysTick_Handler)
    i.SystemClock_Config                     0x08005e50   Section        0  main.o(i.SystemClock_Config)
    i.SystemInit                             0x08005f28   Section        0  system_stm32h7xx.o(i.SystemInit)
    i.UARTEx_SetNbDataToProcess              0x08006008   Section        0  stm32h7xx_hal_uart_ex.o(i.UARTEx_SetNbDataToProcess)
    UARTEx_SetNbDataToProcess                0x08006009   Thumb Code    78  stm32h7xx_hal_uart_ex.o(i.UARTEx_SetNbDataToProcess)
    i.UART_AdvFeatureConfig                  0x08006060   Section        0  stm32h7xx_hal_uart.o(i.UART_AdvFeatureConfig)
    i.UART_CheckIdleState                    0x08006158   Section        0  stm32h7xx_hal_uart.o(i.UART_CheckIdleState)
    i.UART_EndRxTransfer                     0x08006244   Section        0  stm32h7xx_hal_uart.o(i.UART_EndRxTransfer)
    UART_EndRxTransfer                       0x08006245   Thumb Code   104  stm32h7xx_hal_uart.o(i.UART_EndRxTransfer)
    i.UART_SetConfig                         0x080062b0   Section        0  stm32h7xx_hal_uart.o(i.UART_SetConfig)
    i.UART_WaitOnFlagUntilTimeout            0x080068d8   Section        0  stm32h7xx_hal_uart.o(i.UART_WaitOnFlagUntilTimeout)
    i.USART1_Init                            0x0800697c   Section        0  usart.o(i.USART1_Init)
    i.UsageFault_Handler                     0x080069d0   Section        0  stm32h7xx_it.o(i.UsageFault_Handler)
    i.__0printf$3                            0x080069d4   Section        0  printf3.o(i.__0printf$3)
    i.__NVIC_GetPriorityGrouping             0x080069f4   Section        0  stm32h7xx_hal_cortex.o(i.__NVIC_GetPriorityGrouping)
    __NVIC_GetPriorityGrouping               0x080069f5   Thumb Code    10  stm32h7xx_hal_cortex.o(i.__NVIC_GetPriorityGrouping)
    i.__NVIC_SetPriority                     0x08006a04   Section        0  stm32h7xx_hal_cortex.o(i.__NVIC_SetPriority)
    __NVIC_SetPriority                       0x08006a05   Thumb Code    32  stm32h7xx_hal_cortex.o(i.__NVIC_SetPriority)
    i.__scatterload_copy                     0x08006a2c   Section       14  handlers.o(i.__scatterload_copy)
    i.__scatterload_null                     0x08006a3a   Section        2  handlers.o(i.__scatterload_null)
    i.__scatterload_zeroinit                 0x08006a3c   Section       14  handlers.o(i.__scatterload_zeroinit)
    i._printf_core                           0x08006a4c   Section        0  printf3.o(i._printf_core)
    _printf_core                             0x08006a4d   Thumb Code   436  printf3.o(i._printf_core)
    i.check_fs                               0x08006c04   Section        0  ff.o(i.check_fs)
    check_fs                                 0x08006c05   Thumb Code   112  ff.o(i.check_fs)
    i.chk_chr                                0x08006c80   Section        0  ff.o(i.chk_chr)
    chk_chr                                  0x08006c81   Thumb Code    20  ff.o(i.chk_chr)
    i.clst2sect                              0x08006c94   Section        0  ff.o(i.clst2sect)
    clst2sect                                0x08006c95   Thumb Code    26  ff.o(i.clst2sect)
    i.cmp_lfn                                0x08006cb0   Section        0  ff.o(i.cmp_lfn)
    cmp_lfn                                  0x08006cb1   Thumb Code   148  ff.o(i.cmp_lfn)
    i.create_chain                           0x08006d48   Section        0  ff.o(i.create_chain)
    create_chain                             0x08006d49   Thumb Code   288  ff.o(i.create_chain)
    i.create_name                            0x08006e68   Section        0  ff.o(i.create_name)
    create_name                              0x08006e69   Thumb Code   614  ff.o(i.create_name)
    i.dbc_1st                                0x080070e8   Section        0  ff.o(i.dbc_1st)
    dbc_1st                                  0x080070e9   Thumb Code    12  ff.o(i.dbc_1st)
    i.dbc_2nd                                0x080070f4   Section        0  ff.o(i.dbc_2nd)
    dbc_2nd                                  0x080070f5   Thumb Code    12  ff.o(i.dbc_2nd)
    i.dir_alloc                              0x08007100   Section        0  ff.o(i.dir_alloc)
    dir_alloc                                0x08007101   Thumb Code    96  ff.o(i.dir_alloc)
    i.dir_clear                              0x08007160   Section        0  ff.o(i.dir_clear)
    dir_clear                                0x08007161   Thumb Code    94  ff.o(i.dir_clear)
    i.dir_find                               0x080071be   Section        0  ff.o(i.dir_find)
    dir_find                                 0x080071bf   Thumb Code   252  ff.o(i.dir_find)
    i.dir_next                               0x080072ba   Section        0  ff.o(i.dir_next)
    dir_next                                 0x080072bb   Thumb Code   214  ff.o(i.dir_next)
    i.dir_register                           0x08007390   Section        0  ff.o(i.dir_register)
    dir_register                             0x08007391   Thumb Code   322  ff.o(i.dir_register)
    i.dir_sdi                                0x080074d2   Section        0  ff.o(i.dir_sdi)
    dir_sdi                                  0x080074d3   Thumb Code   166  ff.o(i.dir_sdi)
    i.disk_initialize                        0x08007578   Section        0  diskio.o(i.disk_initialize)
    i.disk_ioctl                             0x080075a4   Section        0  diskio.o(i.disk_ioctl)
    i.disk_read                              0x080075cc   Section        0  diskio.o(i.disk_read)
    i.disk_status                            0x080075fc   Section        0  diskio.o(i.disk_status)
    i.disk_write                             0x08007618   Section        0  diskio.o(i.disk_write)
    i.f_close                                0x08007648   Section        0  ff.o(i.f_close)
    i.f_getfree                              0x0800766a   Section        0  ff.o(i.f_getfree)
    i.f_mkfs                                 0x08007768   Section        0  ff.o(i.f_mkfs)
    i.f_mount                                0x08007e44   Section        0  ff.o(i.f_mount)
    i.f_open                                 0x08007e98   Section        0  ff.o(i.f_open)
    i.f_read                                 0x08008098   Section        0  ff.o(i.f_read)
    i.f_sync                                 0x08008266   Section        0  ff.o(i.f_sync)
    i.f_write                                0x08008306   Section        0  ff.o(i.f_write)
    i.ff_oem2uni                             0x0800851c   Section        0  ffunicode.o(i.ff_oem2uni)
    i.ff_uni2oem                             0x08008548   Section        0  ffunicode.o(i.ff_uni2oem)
    i.ff_wtoupper                            0x08008580   Section        0  ffunicode.o(i.ff_wtoupper)
    i.find_volume                            0x08008624   Section        0  ff.o(i.find_volume)
    find_volume                              0x08008625   Thumb Code   836  ff.o(i.find_volume)
    i.follow_path                            0x0800897c   Section        0  ff.o(i.follow_path)
    follow_path                              0x0800897d   Thumb Code   168  ff.o(i.follow_path)
    i.fputc                                  0x08008a24   Section        0  usart.o(i.fputc)
    i.gen_numname                            0x08008a3c   Section        0  ff.o(i.gen_numname)
    gen_numname                              0x08008a3d   Thumb Code   198  ff.o(i.gen_numname)
    i.get_fat                                0x08008b08   Section        0  ff.o(i.get_fat)
    get_fat                                  0x08008b09   Thumb Code   306  ff.o(i.get_fat)
    i.get_fattime                            0x08008c3a   Section        0  diskio.o(i.get_fattime)
    i.get_ldnumber                           0x08008c3e   Section        0  ff.o(i.get_ldnumber)
    get_ldnumber                             0x08008c3f   Thumb Code    78  ff.o(i.get_ldnumber)
    i.ld_clust                               0x08008c8c   Section        0  ff.o(i.ld_clust)
    ld_clust                                 0x08008c8d   Thumb Code    38  ff.o(i.ld_clust)
    i.ld_dword                               0x08008cb2   Section        0  ff.o(i.ld_dword)
    ld_dword                                 0x08008cb3   Thumb Code    24  ff.o(i.ld_dword)
    i.ld_word                                0x08008cca   Section        0  ff.o(i.ld_word)
    ld_word                                  0x08008ccb   Thumb Code    12  ff.o(i.ld_word)
    i.main                                   0x08008cd8   Section        0  main.o(i.main)
    i.mem_cmp                                0x08008e34   Section        0  ff.o(i.mem_cmp)
    mem_cmp                                  0x08008e35   Thumb Code    36  ff.o(i.mem_cmp)
    i.mem_cpy                                0x08008e58   Section        0  ff.o(i.mem_cpy)
    mem_cpy                                  0x08008e59   Thumb Code    26  ff.o(i.mem_cpy)
    i.mem_set                                0x08008e72   Section        0  ff.o(i.mem_set)
    mem_set                                  0x08008e73   Thumb Code    18  ff.o(i.mem_set)
    i.move_window                            0x08008e84   Section        0  ff.o(i.move_window)
    move_window                              0x08008e85   Thumb Code    52  ff.o(i.move_window)
    i.put_fat                                0x08008eb8   Section        0  ff.o(i.put_fat)
    put_fat                                  0x08008eb9   Thumb Code   400  ff.o(i.put_fat)
    i.put_lfn                                0x08009048   Section        0  ff.o(i.put_lfn)
    put_lfn                                  0x08009049   Thumb Code   124  ff.o(i.put_lfn)
    i.remove_chain                           0x080090c8   Section        0  ff.o(i.remove_chain)
    remove_chain                             0x080090c9   Thumb Code   154  ff.o(i.remove_chain)
    i.st_clust                               0x08009162   Section        0  ff.o(i.st_clust)
    st_clust                                 0x08009163   Thumb Code    36  ff.o(i.st_clust)
    i.st_dword                               0x08009186   Section        0  ff.o(i.st_dword)
    st_dword                                 0x08009187   Thumb Code    24  ff.o(i.st_dword)
    i.st_word                                0x0800919e   Section        0  ff.o(i.st_word)
    st_word                                  0x0800919f   Thumb Code    12  ff.o(i.st_word)
    i.sum_sfn                                0x080091aa   Section        0  ff.o(i.sum_sfn)
    sum_sfn                                  0x080091ab   Thumb Code    32  ff.o(i.sum_sfn)
    i.sync_fs                                0x080091cc   Section        0  ff.o(i.sync_fs)
    sync_fs                                  0x080091cd   Thumb Code   134  ff.o(i.sync_fs)
    i.sync_window                            0x0800925c   Section        0  ff.o(i.sync_window)
    sync_window                              0x0800925d   Thumb Code    74  ff.o(i.sync_window)
    i.validate                               0x080092a6   Section        0  ff.o(i.validate)
    validate                                 0x080092a7   Thumb Code    60  ff.o(i.validate)
    .constdata                               0x080092e2   Section       24  stm32h7xx_hal_uart.o(.constdata)
    .constdata                               0x080092fa   Section       16  stm32h7xx_hal_uart_ex.o(.constdata)
    numerator                                0x080092fa   Data           8  stm32h7xx_hal_uart_ex.o(.constdata)
    denominator                              0x08009302   Data           8  stm32h7xx_hal_uart_ex.o(.constdata)
    .constdata                               0x0800930a   Section       16  system_stm32h7xx.o(.constdata)
    .constdata                               0x0800931a   Section      170  ff.o(.constdata)
    LfnOfs                                   0x0800931a   Data          13  ff.o(.constdata)
    ExCvt                                    0x08009327   Data         128  ff.o(.constdata)
    cst                                      0x080093a8   Data          14  ff.o(.constdata)
    cst32                                    0x080093b6   Data          14  ff.o(.constdata)
    .constdata                               0x080093c4   Section      942  ffunicode.o(.constdata)
    uc437                                    0x080093c4   Data         256  ffunicode.o(.constdata)
    cvt1                                     0x080094c4   Data         498  ffunicode.o(.constdata)
    cvt2                                     0x080096b6   Data         188  ffunicode.o(.constdata)
    .constdata                               0x08009774   Section       20  sd_diskio.o(.constdata)
    .data                                    0x24000000   Section        5  main.o(.data)
    .data                                    0x24000008   Section        9  stm32h7xx_hal.o(.data)
    .data                                    0x24000014   Section        8  system_stm32h7xx.o(.data)
    .data                                    0x2400001c   Section       10  ff.o(.data)
    FatFs                                    0x2400001c   Data           8  ff.o(.data)
    Fsid                                     0x24000024   Data           2  ff.o(.data)
    .data                                    0x24000026   Section        1  sd_diskio.o(.data)
    Stat                                     0x24000026   Data           1  sd_diskio.o(.data)
    .data                                    0x24000028   Section        4  stdout.o(.data)
    .bss                                     0x2400002c   Section     4152  main.o(.bss)
    .bss                                     0x24001064   Section      148  usart.o(.bss)
    .bss                                     0x240010f8   Section      124  sdmmc_sd.o(.bss)
    .bss                                     0x24001174   Section       16  ff_gen_drv.o(.bss)
    STACK                                    0x24001188   Section    12288  startup_stm32h723xx.o(STACK)

    Global Symbols

    Symbol Name                              Value     Ov Type        Size  Object(Section)

    BuildAttributes$$THM_ISAv4$E$P$D$K$B$S$7EM$VFPv5_D16$PE$PLD8$A:L22UL41UL21$X:L11$S22US41US21$IEEE1$IW$USESV6$~STKCKD$USESV7$~SHL$OSPACE$ROPI$EBA8$MICROLIB$REQ8$PRES8$EABIv2 0x00000000   Number         0  anon$$obj.o ABSOLUTE
    __ARM_use_no_argv                        0x00000000   Number         0  main.o ABSOLUTE
    _printf_a                                0x00000000   Number         0  stubs.o ABSOLUTE
    _printf_c                                0x00000000   Number         0  stubs.o ABSOLUTE
    _printf_charcount                        0x00000000   Number         0  stubs.o ABSOLUTE
    _printf_d                                0x00000000   Number         0  stubs.o ABSOLUTE
    _printf_e                                0x00000000   Number         0  stubs.o ABSOLUTE
    _printf_f                                0x00000000   Number         0  stubs.o ABSOLUTE
    _printf_flags                            0x00000000   Number         0  stubs.o ABSOLUTE
    _printf_fp_dec                           0x00000000   Number         0  stubs.o ABSOLUTE
    _printf_fp_hex                           0x00000000   Number         0  stubs.o ABSOLUTE
    _printf_g                                0x00000000   Number         0  stubs.o ABSOLUTE
    _printf_i                                0x00000000   Number         0  stubs.o ABSOLUTE
    _printf_int_dec                          0x00000000   Number         0  stubs.o ABSOLUTE
    _printf_l                                0x00000000   Number         0  stubs.o ABSOLUTE
    _printf_lc                               0x00000000   Number         0  stubs.o ABSOLUTE
    _printf_ll                               0x00000000   Number         0  stubs.o ABSOLUTE
    _printf_lld                              0x00000000   Number         0  stubs.o ABSOLUTE
    _printf_lli                              0x00000000   Number         0  stubs.o ABSOLUTE
    _printf_llo                              0x00000000   Number         0  stubs.o ABSOLUTE
    _printf_llu                              0x00000000   Number         0  stubs.o ABSOLUTE
    _printf_llx                              0x00000000   Number         0  stubs.o ABSOLUTE
    _printf_longlong_dec                     0x00000000   Number         0  stubs.o ABSOLUTE
    _printf_longlong_hex                     0x00000000   Number         0  stubs.o ABSOLUTE
    _printf_longlong_oct                     0x00000000   Number         0  stubs.o ABSOLUTE
    _printf_ls                               0x00000000   Number         0  stubs.o ABSOLUTE
    _printf_mbtowc                           0x00000000   Number         0  stubs.o ABSOLUTE
    _printf_n                                0x00000000   Number         0  stubs.o ABSOLUTE
    _printf_o                                0x00000000   Number         0  stubs.o ABSOLUTE
    _printf_p                                0x00000000   Number         0  stubs.o ABSOLUTE
    _printf_percent                          0x00000000   Number         0  stubs.o ABSOLUTE
    _printf_pre_padding                      0x00000000   Number         0  stubs.o ABSOLUTE
    _printf_return_value                     0x00000000   Number         0  stubs.o ABSOLUTE
    _printf_s                                0x00000000   Number         0  stubs.o ABSOLUTE
    _printf_sizespec                         0x00000000   Number         0  stubs.o ABSOLUTE
    _printf_str                              0x00000000   Number         0  stubs.o ABSOLUTE
    _printf_truncate_signed                  0x00000000   Number         0  stubs.o ABSOLUTE
    _printf_truncate_unsigned                0x00000000   Number         0  stubs.o ABSOLUTE
    _printf_u                                0x00000000   Number         0  stubs.o ABSOLUTE
    _printf_wc                               0x00000000   Number         0  stubs.o ABSOLUTE
    _printf_wctomb                           0x00000000   Number         0  stubs.o ABSOLUTE
    _printf_widthprec                        0x00000000   Number         0  stubs.o ABSOLUTE
    _printf_x                                0x00000000   Number         0  stubs.o ABSOLUTE
    __cpp_initialize__aeabi_                  - Undefined Weak Reference
    __cxa_finalize                            - Undefined Weak Reference
    __decompress                              - Undefined Weak Reference
    _clock_init                               - Undefined Weak Reference
    _microlib_exit                            - Undefined Weak Reference
    __Vectors_Size                           0x000002cc   Number         0  startup_stm32h723xx.o ABSOLUTE
    __Vectors                                0x08000000   Data           4  startup_stm32h723xx.o(RESET)
    __Vectors_End                            0x080002cc   Data           0  startup_stm32h723xx.o(RESET)
    __main                                   0x080002cd   Thumb Code     0  entry.o(.ARM.Collect$$$$00000000)
    _main_stk                                0x080002cd   Thumb Code     0  entry2.o(.ARM.Collect$$$$00000001)
    _main_scatterload                        0x080002d1   Thumb Code     0  entry5.o(.ARM.Collect$$$$00000004)
    __main_after_scatterload                 0x080002d5   Thumb Code     0  entry5.o(.ARM.Collect$$$$00000004)
    _main_clock                              0x080002d5   Thumb Code     0  entry7b.o(.ARM.Collect$$$$00000008)
    _main_cpp_init                           0x080002d5   Thumb Code     0  entry8b.o(.ARM.Collect$$$$0000000A)
    _main_init                               0x080002d5   Thumb Code     0  entry9a.o(.ARM.Collect$$$$0000000B)
    __rt_final_cpp                           0x080002dd   Thumb Code     0  entry10a.o(.ARM.Collect$$$$0000000D)
    __rt_final_exit                          0x080002dd   Thumb Code     0  entry11a.o(.ARM.Collect$$$$0000000F)
    Reset_Handler                            0x080002e1   Thumb Code     8  startup_stm32h723xx.o(.text)
    ADC3_IRQHandler                          0x080002fb   Thumb Code     0  startup_stm32h723xx.o(.text)
    ADC_IRQHandler                           0x080002fb   Thumb Code     0  startup_stm32h723xx.o(.text)
    BDMA_Channel0_IRQHandler                 0x080002fb   Thumb Code     0  startup_stm32h723xx.o(.text)
    BDMA_Channel1_IRQHandler                 0x080002fb   Thumb Code     0  startup_stm32h723xx.o(.text)
    BDMA_Channel2_IRQHandler                 0x080002fb   Thumb Code     0  startup_stm32h723xx.o(.text)
    BDMA_Channel3_IRQHandler                 0x080002fb   Thumb Code     0  startup_stm32h723xx.o(.text)
    BDMA_Channel4_IRQHandler                 0x080002fb   Thumb Code     0  startup_stm32h723xx.o(.text)
    BDMA_Channel5_IRQHandler                 0x080002fb   Thumb Code     0  startup_stm32h723xx.o(.text)
    BDMA_Channel6_IRQHandler                 0x080002fb   Thumb Code     0  startup_stm32h723xx.o(.text)
    BDMA_Channel7_IRQHandler                 0x080002fb   Thumb Code     0  startup_stm32h723xx.o(.text)
    CEC_IRQHandler                           0x080002fb   Thumb Code     0  startup_stm32h723xx.o(.text)
    COMP1_IRQHandler                         0x080002fb   Thumb Code     0  startup_stm32h723xx.o(.text)
    CORDIC_IRQHandler                        0x080002fb   Thumb Code     0  startup_stm32h723xx.o(.text)
    CRS_IRQHandler                           0x080002fb   Thumb Code     0  startup_stm32h723xx.o(.text)
    DCMI_PSSI_IRQHandler                     0x080002fb   Thumb Code     0  startup_stm32h723xx.o(.text)
    DFSDM1_FLT0_IRQHandler                   0x080002fb   Thumb Code     0  startup_stm32h723xx.o(.text)
    DFSDM1_FLT1_IRQHandler                   0x080002fb   Thumb Code     0  startup_stm32h723xx.o(.text)
    DFSDM1_FLT2_IRQHandler                   0x080002fb   Thumb Code     0  startup_stm32h723xx.o(.text)
    DFSDM1_FLT3_IRQHandler                   0x080002fb   Thumb Code     0  startup_stm32h723xx.o(.text)
    DMA1_Stream0_IRQHandler                  0x080002fb   Thumb Code     0  startup_stm32h723xx.o(.text)
    DMA1_Stream1_IRQHandler                  0x080002fb   Thumb Code     0  startup_stm32h723xx.o(.text)
    DMA1_Stream2_IRQHandler                  0x080002fb   Thumb Code     0  startup_stm32h723xx.o(.text)
    DMA1_Stream3_IRQHandler                  0x080002fb   Thumb Code     0  startup_stm32h723xx.o(.text)
    DMA1_Stream4_IRQHandler                  0x080002fb   Thumb Code     0  startup_stm32h723xx.o(.text)
    DMA1_Stream5_IRQHandler                  0x080002fb   Thumb Code     0  startup_stm32h723xx.o(.text)
    DMA1_Stream6_IRQHandler                  0x080002fb   Thumb Code     0  startup_stm32h723xx.o(.text)
    DMA1_Stream7_IRQHandler                  0x080002fb   Thumb Code     0  startup_stm32h723xx.o(.text)
    DMA2D_IRQHandler                         0x080002fb   Thumb Code     0  startup_stm32h723xx.o(.text)
    DMA2_Stream0_IRQHandler                  0x080002fb   Thumb Code     0  startup_stm32h723xx.o(.text)
    DMA2_Stream1_IRQHandler                  0x080002fb   Thumb Code     0  startup_stm32h723xx.o(.text)
    DMA2_Stream2_IRQHandler                  0x080002fb   Thumb Code     0  startup_stm32h723xx.o(.text)
    DMA2_Stream3_IRQHandler                  0x080002fb   Thumb Code     0  startup_stm32h723xx.o(.text)
    DMA2_Stream4_IRQHandler                  0x080002fb   Thumb Code     0  startup_stm32h723xx.o(.text)
    DMA2_Stream5_IRQHandler                  0x080002fb   Thumb Code     0  startup_stm32h723xx.o(.text)
    DMA2_Stream6_IRQHandler                  0x080002fb   Thumb Code     0  startup_stm32h723xx.o(.text)
    DMA2_Stream7_IRQHandler                  0x080002fb   Thumb Code     0  startup_stm32h723xx.o(.text)
    DMAMUX1_OVR_IRQHandler                   0x080002fb   Thumb Code     0  startup_stm32h723xx.o(.text)
    DMAMUX2_OVR_IRQHandler                   0x080002fb   Thumb Code     0  startup_stm32h723xx.o(.text)
    DTS_IRQHandler                           0x080002fb   Thumb Code     0  startup_stm32h723xx.o(.text)
    ECC_IRQHandler                           0x080002fb   Thumb Code     0  startup_stm32h723xx.o(.text)
    ETH_IRQHandler                           0x080002fb   Thumb Code     0  startup_stm32h723xx.o(.text)
    ETH_WKUP_IRQHandler                      0x080002fb   Thumb Code     0  startup_stm32h723xx.o(.text)
    EXTI0_IRQHandler                         0x080002fb   Thumb Code     0  startup_stm32h723xx.o(.text)
    EXTI15_10_IRQHandler                     0x080002fb   Thumb Code     0  startup_stm32h723xx.o(.text)
    EXTI1_IRQHandler                         0x080002fb   Thumb Code     0  startup_stm32h723xx.o(.text)
    EXTI2_IRQHandler                         0x080002fb   Thumb Code     0  startup_stm32h723xx.o(.text)
    EXTI3_IRQHandler                         0x080002fb   Thumb Code     0  startup_stm32h723xx.o(.text)
    EXTI4_IRQHandler                         0x080002fb   Thumb Code     0  startup_stm32h723xx.o(.text)
    EXTI9_5_IRQHandler                       0x080002fb   Thumb Code     0  startup_stm32h723xx.o(.text)
    FDCAN1_IT0_IRQHandler                    0x080002fb   Thumb Code     0  startup_stm32h723xx.o(.text)
    FDCAN1_IT1_IRQHandler                    0x080002fb   Thumb Code     0  startup_stm32h723xx.o(.text)
    FDCAN2_IT0_IRQHandler                    0x080002fb   Thumb Code     0  startup_stm32h723xx.o(.text)
    FDCAN2_IT1_IRQHandler                    0x080002fb   Thumb Code     0  startup_stm32h723xx.o(.text)
    FDCAN3_IT0_IRQHandler                    0x080002fb   Thumb Code     0  startup_stm32h723xx.o(.text)
    FDCAN3_IT1_IRQHandler                    0x080002fb   Thumb Code     0  startup_stm32h723xx.o(.text)
    FDCAN_CAL_IRQHandler                     0x080002fb   Thumb Code     0  startup_stm32h723xx.o(.text)
    FLASH_IRQHandler                         0x080002fb   Thumb Code     0  startup_stm32h723xx.o(.text)
    FMAC_IRQHandler                          0x080002fb   Thumb Code     0  startup_stm32h723xx.o(.text)
    FMC_IRQHandler                           0x080002fb   Thumb Code     0  startup_stm32h723xx.o(.text)
    FPU_IRQHandler                           0x080002fb   Thumb Code     0  startup_stm32h723xx.o(.text)
    HSEM1_IRQHandler                         0x080002fb   Thumb Code     0  startup_stm32h723xx.o(.text)
    I2C1_ER_IRQHandler                       0x080002fb   Thumb Code     0  startup_stm32h723xx.o(.text)
    I2C1_EV_IRQHandler                       0x080002fb   Thumb Code     0  startup_stm32h723xx.o(.text)
    I2C2_ER_IRQHandler                       0x080002fb   Thumb Code     0  startup_stm32h723xx.o(.text)
    I2C2_EV_IRQHandler                       0x080002fb   Thumb Code     0  startup_stm32h723xx.o(.text)
    I2C3_ER_IRQHandler                       0x080002fb   Thumb Code     0  startup_stm32h723xx.o(.text)
    I2C3_EV_IRQHandler                       0x080002fb   Thumb Code     0  startup_stm32h723xx.o(.text)
    I2C4_ER_IRQHandler                       0x080002fb   Thumb Code     0  startup_stm32h723xx.o(.text)
    I2C4_EV_IRQHandler                       0x080002fb   Thumb Code     0  startup_stm32h723xx.o(.text)
    I2C5_ER_IRQHandler                       0x080002fb   Thumb Code     0  startup_stm32h723xx.o(.text)
    I2C5_EV_IRQHandler                       0x080002fb   Thumb Code     0  startup_stm32h723xx.o(.text)
    LPTIM1_IRQHandler                        0x080002fb   Thumb Code     0  startup_stm32h723xx.o(.text)
    LPTIM2_IRQHandler                        0x080002fb   Thumb Code     0  startup_stm32h723xx.o(.text)
    LPTIM3_IRQHandler                        0x080002fb   Thumb Code     0  startup_stm32h723xx.o(.text)
    LPTIM4_IRQHandler                        0x080002fb   Thumb Code     0  startup_stm32h723xx.o(.text)
    LPTIM5_IRQHandler                        0x080002fb   Thumb Code     0  startup_stm32h723xx.o(.text)
    LPUART1_IRQHandler                       0x080002fb   Thumb Code     0  startup_stm32h723xx.o(.text)
    LTDC_ER_IRQHandler                       0x080002fb   Thumb Code     0  startup_stm32h723xx.o(.text)
    LTDC_IRQHandler                          0x080002fb   Thumb Code     0  startup_stm32h723xx.o(.text)
    MDIOS_IRQHandler                         0x080002fb   Thumb Code     0  startup_stm32h723xx.o(.text)
    MDIOS_WKUP_IRQHandler                    0x080002fb   Thumb Code     0  startup_stm32h723xx.o(.text)
    MDMA_IRQHandler                          0x080002fb   Thumb Code     0  startup_stm32h723xx.o(.text)
    OCTOSPI1_IRQHandler                      0x080002fb   Thumb Code     0  startup_stm32h723xx.o(.text)
    OCTOSPI2_IRQHandler                      0x080002fb   Thumb Code     0  startup_stm32h723xx.o(.text)
    OTG_HS_EP1_IN_IRQHandler                 0x080002fb   Thumb Code     0  startup_stm32h723xx.o(.text)
    OTG_HS_EP1_OUT_IRQHandler                0x080002fb   Thumb Code     0  startup_stm32h723xx.o(.text)
    OTG_HS_IRQHandler                        0x080002fb   Thumb Code     0  startup_stm32h723xx.o(.text)
    OTG_HS_WKUP_IRQHandler                   0x080002fb   Thumb Code     0  startup_stm32h723xx.o(.text)
    PVD_AVD_IRQHandler                       0x080002fb   Thumb Code     0  startup_stm32h723xx.o(.text)
    RCC_IRQHandler                           0x080002fb   Thumb Code     0  startup_stm32h723xx.o(.text)
    RNG_IRQHandler                           0x080002fb   Thumb Code     0  startup_stm32h723xx.o(.text)
    RTC_Alarm_IRQHandler                     0x080002fb   Thumb Code     0  startup_stm32h723xx.o(.text)
    RTC_WKUP_IRQHandler                      0x080002fb   Thumb Code     0  startup_stm32h723xx.o(.text)
    SAI1_IRQHandler                          0x080002fb   Thumb Code     0  startup_stm32h723xx.o(.text)
    SAI4_IRQHandler                          0x080002fb   Thumb Code     0  startup_stm32h723xx.o(.text)
    SDMMC2_IRQHandler                        0x080002fb   Thumb Code     0  startup_stm32h723xx.o(.text)
    SPDIF_RX_IRQHandler                      0x080002fb   Thumb Code     0  startup_stm32h723xx.o(.text)
    SPI1_IRQHandler                          0x080002fb   Thumb Code     0  startup_stm32h723xx.o(.text)
    SPI2_IRQHandler                          0x080002fb   Thumb Code     0  startup_stm32h723xx.o(.text)
    SPI3_IRQHandler                          0x080002fb   Thumb Code     0  startup_stm32h723xx.o(.text)
    SPI4_IRQHandler                          0x080002fb   Thumb Code     0  startup_stm32h723xx.o(.text)
    SPI5_IRQHandler                          0x080002fb   Thumb Code     0  startup_stm32h723xx.o(.text)
    SPI6_IRQHandler                          0x080002fb   Thumb Code     0  startup_stm32h723xx.o(.text)
    SWPMI1_IRQHandler                        0x080002fb   Thumb Code     0  startup_stm32h723xx.o(.text)
    TAMP_STAMP_IRQHandler                    0x080002fb   Thumb Code     0  startup_stm32h723xx.o(.text)
    TIM15_IRQHandler                         0x080002fb   Thumb Code     0  startup_stm32h723xx.o(.text)
    TIM16_IRQHandler                         0x080002fb   Thumb Code     0  startup_stm32h723xx.o(.text)
    TIM17_IRQHandler                         0x080002fb   Thumb Code     0  startup_stm32h723xx.o(.text)
    TIM1_BRK_IRQHandler                      0x080002fb   Thumb Code     0  startup_stm32h723xx.o(.text)
    TIM1_CC_IRQHandler                       0x080002fb   Thumb Code     0  startup_stm32h723xx.o(.text)
    TIM1_TRG_COM_IRQHandler                  0x080002fb   Thumb Code     0  startup_stm32h723xx.o(.text)
    TIM1_UP_IRQHandler                       0x080002fb   Thumb Code     0  startup_stm32h723xx.o(.text)
    TIM23_IRQHandler                         0x080002fb   Thumb Code     0  startup_stm32h723xx.o(.text)
    TIM24_IRQHandler                         0x080002fb   Thumb Code     0  startup_stm32h723xx.o(.text)
    TIM2_IRQHandler                          0x080002fb   Thumb Code     0  startup_stm32h723xx.o(.text)
    TIM3_IRQHandler                          0x080002fb   Thumb Code     0  startup_stm32h723xx.o(.text)
    TIM4_IRQHandler                          0x080002fb   Thumb Code     0  startup_stm32h723xx.o(.text)
    TIM5_IRQHandler                          0x080002fb   Thumb Code     0  startup_stm32h723xx.o(.text)
    TIM6_DAC_IRQHandler                      0x080002fb   Thumb Code     0  startup_stm32h723xx.o(.text)
    TIM7_IRQHandler                          0x080002fb   Thumb Code     0  startup_stm32h723xx.o(.text)
    TIM8_BRK_TIM12_IRQHandler                0x080002fb   Thumb Code     0  startup_stm32h723xx.o(.text)
    TIM8_CC_IRQHandler                       0x080002fb   Thumb Code     0  startup_stm32h723xx.o(.text)
    TIM8_TRG_COM_TIM14_IRQHandler            0x080002fb   Thumb Code     0  startup_stm32h723xx.o(.text)
    TIM8_UP_TIM13_IRQHandler                 0x080002fb   Thumb Code     0  startup_stm32h723xx.o(.text)
    UART4_IRQHandler                         0x080002fb   Thumb Code     0  startup_stm32h723xx.o(.text)
    UART5_IRQHandler                         0x080002fb   Thumb Code     0  startup_stm32h723xx.o(.text)
    UART7_IRQHandler                         0x080002fb   Thumb Code     0  startup_stm32h723xx.o(.text)
    UART8_IRQHandler                         0x080002fb   Thumb Code     0  startup_stm32h723xx.o(.text)
    UART9_IRQHandler                         0x080002fb   Thumb Code     0  startup_stm32h723xx.o(.text)
    USART10_IRQHandler                       0x080002fb   Thumb Code     0  startup_stm32h723xx.o(.text)
    USART1_IRQHandler                        0x080002fb   Thumb Code     0  startup_stm32h723xx.o(.text)
    USART2_IRQHandler                        0x080002fb   Thumb Code     0  startup_stm32h723xx.o(.text)
    USART3_IRQHandler                        0x080002fb   Thumb Code     0  startup_stm32h723xx.o(.text)
    USART6_IRQHandler                        0x080002fb   Thumb Code     0  startup_stm32h723xx.o(.text)
    WAKEUP_PIN_IRQHandler                    0x080002fb   Thumb Code     0  startup_stm32h723xx.o(.text)
    WWDG_IRQHandler                          0x080002fb   Thumb Code     0  startup_stm32h723xx.o(.text)
    __aeabi_uldivmod                         0x08000305   Thumb Code    98  uldiv.o(.text)
    __aeabi_memcpy                           0x08000367   Thumb Code    36  memcpya.o(.text)
    __aeabi_memcpy4                          0x08000367   Thumb Code     0  memcpya.o(.text)
    __aeabi_memcpy8                          0x08000367   Thumb Code     0  memcpya.o(.text)
    __aeabi_memset                           0x0800038b   Thumb Code    14  memseta.o(.text)
    __aeabi_memset4                          0x0800038b   Thumb Code     0  memseta.o(.text)
    __aeabi_memset8                          0x0800038b   Thumb Code     0  memseta.o(.text)
    __aeabi_memclr                           0x08000399   Thumb Code     4  memseta.o(.text)
    __aeabi_memclr4                          0x08000399   Thumb Code     0  memseta.o(.text)
    __aeabi_memclr8                          0x08000399   Thumb Code     0  memseta.o(.text)
    _memset$wrapper                          0x0800039d   Thumb Code    18  memseta.o(.text)
    __aeabi_uidiv                            0x080003af   Thumb Code     0  uidiv.o(.text)
    __aeabi_uidivmod                         0x080003af   Thumb Code    44  uidiv.o(.text)
    __aeabi_llsl                             0x080003db   Thumb Code    30  llshl.o(.text)
    _ll_shift_l                              0x080003db   Thumb Code     0  llshl.o(.text)
    __aeabi_llsr                             0x080003f9   Thumb Code    32  llushr.o(.text)
    _ll_ushift_r                             0x080003f9   Thumb Code     0  llushr.o(.text)
    __scatterload                            0x08000419   Thumb Code    28  init.o(.text)
    __scatterload_rt2                        0x08000419   Thumb Code     0  init.o(.text)
    BSP_SD_GetCardInfo                       0x0800043d   Thumb Code    40  sdmmc_sd.o(i.BSP_SD_GetCardInfo)
    BSP_SD_GetCardState                      0x08000469   Thumb Code    30  sdmmc_sd.o(i.BSP_SD_GetCardState)
    BSP_SD_Init                              0x0800048d   Thumb Code   112  sdmmc_sd.o(i.BSP_SD_Init)
    BSP_SD_IsDetected                        0x08000501   Thumb Code    18  sdmmc_sd.o(i.BSP_SD_IsDetected)
    BSP_SD_ReadBlocks                        0x08000515   Thumb Code    66  sdmmc_sd.o(i.BSP_SD_ReadBlocks)
    BSP_SD_ReadCpltCallback                  0x0800055d   Thumb Code     2  sdmmc_sd.o(i.BSP_SD_ReadCpltCallback)
    BSP_SD_WriteBlocks                       0x08000561   Thumb Code    66  sdmmc_sd.o(i.BSP_SD_WriteBlocks)
    BSP_SD_WriteCpltCallback                 0x080005a9   Thumb Code     2  sdmmc_sd.o(i.BSP_SD_WriteCpltCallback)
    BusFault_Handler                         0x080005ab   Thumb Code     4  stm32h7xx_it.o(i.BusFault_Handler)
    DebugMon_Handler                         0x080005af   Thumb Code     2  stm32h7xx_it.o(i.DebugMon_Handler)
    Error_Handler                            0x080005b1   Thumb Code     6  main.o(i.Error_Handler)
    FATFS_LinkDriver                         0x080005b7   Thumb Code    18  ff_gen_drv.o(i.FATFS_LinkDriver)
    FATFS_LinkDriverEx                       0x080005c9   Thumb Code    78  ff_gen_drv.o(i.FATFS_LinkDriverEx)
    FatFs_Check                              0x0800061d   Thumb Code    96  main.o(i.FatFs_Check)
    FatFs_FileTest                           0x08000705   Thumb Code   298  main.o(i.FatFs_FileTest)
    FatFs_GetVolume                          0x080009f9   Thumb Code    72  main.o(i.FatFs_GetVolume)
    HAL_Delay                                0x08000a9d   Thumb Code    36  stm32h7xx_hal.o(i.HAL_Delay)
    HAL_GPIO_Init                            0x08000ac5   Thumb Code   446  stm32h7xx_hal_gpio.o(i.HAL_GPIO_Init)
    HAL_GPIO_TogglePin                       0x08000cb5   Thumb Code    20  stm32h7xx_hal_gpio.o(i.HAL_GPIO_TogglePin)
    HAL_GPIO_WritePin                        0x08000cc9   Thumb Code    12  stm32h7xx_hal_gpio.o(i.HAL_GPIO_WritePin)
    HAL_GetTick                              0x08000cd5   Thumb Code     6  stm32h7xx_hal.o(i.HAL_GetTick)
    HAL_IncTick                              0x08000ce1   Thumb Code    16  stm32h7xx_hal.o(i.HAL_IncTick)
    HAL_Init                                 0x08000cf9   Thumb Code    80  stm32h7xx_hal.o(i.HAL_Init)
    HAL_InitTick                             0x08000d59   Thumb Code    74  stm32h7xx_hal.o(i.HAL_InitTick)
    HAL_MspInit                              0x08000db1   Thumb Code    32  stm32h7xx_hal_msp.o(i.HAL_MspInit)
    HAL_NVIC_EnableIRQ                       0x08000dd5   Thumb Code    40  stm32h7xx_hal_cortex.o(i.HAL_NVIC_EnableIRQ)
    HAL_NVIC_SetPriority                     0x08000dfd   Thumb Code   122  stm32h7xx_hal_cortex.o(i.HAL_NVIC_SetPriority)
    HAL_NVIC_SetPriorityGrouping             0x08000e79   Thumb Code    32  stm32h7xx_hal_cortex.o(i.HAL_NVIC_SetPriorityGrouping)
    HAL_PWREx_ConfigSupply                   0x08000ea1   Thumb Code    90  stm32h7xx_hal_pwr_ex.o(i.HAL_PWREx_ConfigSupply)
    HAL_RCCEx_GetD3PCLK1Freq                 0x08000f01   Thumb Code    26  stm32h7xx_hal_rcc_ex.o(i.HAL_RCCEx_GetD3PCLK1Freq)
    HAL_RCCEx_GetPLL1ClockFreq               0x08000f25   Thumb Code   536  stm32h7xx_hal_rcc_ex.o(i.HAL_RCCEx_GetPLL1ClockFreq)
    HAL_RCCEx_GetPLL2ClockFreq               0x08001155   Thumb Code   536  stm32h7xx_hal_rcc_ex.o(i.HAL_RCCEx_GetPLL2ClockFreq)
    HAL_RCCEx_GetPLL3ClockFreq               0x08001385   Thumb Code   536  stm32h7xx_hal_rcc_ex.o(i.HAL_RCCEx_GetPLL3ClockFreq)
    HAL_RCCEx_GetPeriphCLKFreq               0x080015b5   Thumb Code  1942  stm32h7xx_hal_rcc_ex.o(i.HAL_RCCEx_GetPeriphCLKFreq)
    HAL_RCCEx_PeriphCLKConfig                0x08001d61   Thumb Code  3272  stm32h7xx_hal_rcc_ex.o(i.HAL_RCCEx_PeriphCLKConfig)
    HAL_RCC_ClockConfig                      0x08002a29   Thumb Code   774  stm32h7xx_hal_rcc.o(i.HAL_RCC_ClockConfig)
    HAL_RCC_GetHCLKFreq                      0x08002d49   Thumb Code    60  stm32h7xx_hal_rcc.o(i.HAL_RCC_GetHCLKFreq)
    HAL_RCC_GetPCLK1Freq                     0x08002d95   Thumb Code    26  stm32h7xx_hal_rcc.o(i.HAL_RCC_GetPCLK1Freq)
    HAL_RCC_GetPCLK2Freq                     0x08002db9   Thumb Code    26  stm32h7xx_hal_rcc.o(i.HAL_RCC_GetPCLK2Freq)
    HAL_RCC_GetSysClockFreq                  0x08002ddd   Thumb Code   524  stm32h7xx_hal_rcc.o(i.HAL_RCC_GetSysClockFreq)
    HAL_RCC_OscConfig                        0x08003009   Thumb Code  1874  stm32h7xx_hal_rcc.o(i.HAL_RCC_OscConfig)
    HAL_SDEx_Read_DMADoubleBuf0CpltCallback  0x08003765   Thumb Code     2  stm32h7xx_hal_sd.o(i.HAL_SDEx_Read_DMADoubleBuf0CpltCallback)
    HAL_SDEx_Read_DMADoubleBuf1CpltCallback  0x08003767   Thumb Code     2  stm32h7xx_hal_sd.o(i.HAL_SDEx_Read_DMADoubleBuf1CpltCallback)
    HAL_SDEx_Write_DMADoubleBuf0CpltCallback 0x08003769   Thumb Code     2  stm32h7xx_hal_sd.o(i.HAL_SDEx_Write_DMADoubleBuf0CpltCallback)
    HAL_SDEx_Write_DMADoubleBuf1CpltCallback 0x0800376b   Thumb Code     2  stm32h7xx_hal_sd.o(i.HAL_SDEx_Write_DMADoubleBuf1CpltCallback)
    HAL_SD_ConfigSpeedBusOperation           0x0800376d   Thumb Code   270  stm32h7xx_hal_sd.o(i.HAL_SD_ConfigSpeedBusOperation)
    HAL_SD_ConfigWideBusOperation            0x08003885   Thumb Code   372  stm32h7xx_hal_sd.o(i.HAL_SD_ConfigWideBusOperation)
    HAL_SD_ErrorCallback                     0x08003a05   Thumb Code     2  stm32h7xx_hal_sd.o(i.HAL_SD_ErrorCallback)
    HAL_SD_GetCardCSD                        0x08003a09   Thumb Code   450  stm32h7xx_hal_sd.o(i.HAL_SD_GetCardCSD)
    HAL_SD_GetCardInfo                       0x08003bd1   Thumb Code    38  stm32h7xx_hal_sd.o(i.HAL_SD_GetCardInfo)
    HAL_SD_GetCardState                      0x08003bf7   Thumb Code    36  stm32h7xx_hal_sd.o(i.HAL_SD_GetCardState)
    HAL_SD_GetCardStatus                     0x08003c1d   Thumb Code   228  stm32h7xx_hal_sd.o(i.HAL_SD_GetCardStatus)
    HAL_SD_IRQHandler                        0x08003d05   Thumb Code   622  stm32h7xx_hal_sd.o(i.HAL_SD_IRQHandler)
    HAL_SD_Init                              0x08003f79   Thumb Code   178  stm32h7xx_hal_sd.o(i.HAL_SD_Init)
    HAL_SD_InitCard                          0x0800402d   Thumb Code   196  stm32h7xx_hal_sd.o(i.HAL_SD_InitCard)
    HAL_SD_MspInit                           0x080040fd   Thumb Code     2  stm32h7xx_hal_sd.o(i.HAL_SD_MspInit)
    HAL_SD_ReadBlocks                        0x08004101   Thumb Code   560  stm32h7xx_hal_sd.o(i.HAL_SD_ReadBlocks)
    HAL_SD_RxCpltCallback                    0x08004339   Thumb Code    24  sdmmc_sd.o(i.HAL_SD_RxCpltCallback)
    HAL_SD_TxCpltCallback                    0x08004355   Thumb Code    24  sdmmc_sd.o(i.HAL_SD_TxCpltCallback)
    HAL_SD_WriteBlocks                       0x08004371   Thumb Code   570  stm32h7xx_hal_sd.o(i.HAL_SD_WriteBlocks)
    HAL_SYSTICK_Config                       0x080045b5   Thumb Code    52  stm32h7xx_hal_cortex.o(i.HAL_SYSTICK_Config)
    HAL_UARTEx_DisableFifoMode               0x080045e9   Thumb Code    78  stm32h7xx_hal_uart_ex.o(i.HAL_UARTEx_DisableFifoMode)
    HAL_UARTEx_SetRxFifoThreshold            0x08004637   Thumb Code    94  stm32h7xx_hal_uart_ex.o(i.HAL_UARTEx_SetRxFifoThreshold)
    HAL_UARTEx_SetTxFifoThreshold            0x08004695   Thumb Code    94  stm32h7xx_hal_uart_ex.o(i.HAL_UARTEx_SetTxFifoThreshold)
    HAL_UART_Init                            0x080046f3   Thumb Code   120  stm32h7xx_hal_uart.o(i.HAL_UART_Init)
    HAL_UART_MspInit                         0x0800476d   Thumb Code   156  usart.o(i.HAL_UART_MspInit)
    HAL_UART_Transmit                        0x08004815   Thumb Code   194  stm32h7xx_hal_uart.o(i.HAL_UART_Transmit)
    HardFault_Handler                        0x080048d7   Thumb Code     4  stm32h7xx_it.o(i.HardFault_Handler)
    LED_Init                                 0x080048dd   Thumb Code    76  led.o(i.LED_Init)
    MX_SDMMC1_SD_Init                        0x08004931   Thumb Code    46  sdmmc_sd.o(i.MX_SDMMC1_SD_Init)
    MemManage_Handler                        0x08004965   Thumb Code     4  stm32h7xx_it.o(i.MemManage_Handler)
    NMI_Handler                              0x08004969   Thumb Code     4  stm32h7xx_it.o(i.NMI_Handler)
    PendSV_Handler                           0x0800496d   Thumb Code     2  stm32h7xx_it.o(i.PendSV_Handler)
    SDMMC1_IRQHandler                        0x08004c39   Thumb Code    10  stm32h7xx_it.o(i.SDMMC1_IRQHandler)
    SDMMC_CmdAppCommand                      0x08004c43   Thumb Code    58  stm32h7xx_ll_sdmmc.o(i.SDMMC_CmdAppCommand)
    SDMMC_CmdAppOperCommand                  0x08004c7d   Thumb Code    52  stm32h7xx_ll_sdmmc.o(i.SDMMC_CmdAppOperCommand)
    SDMMC_CmdBlockLength                     0x08004cb1   Thumb Code    56  stm32h7xx_ll_sdmmc.o(i.SDMMC_CmdBlockLength)
    SDMMC_CmdBusWidth                        0x08004ce9   Thumb Code    58  stm32h7xx_ll_sdmmc.o(i.SDMMC_CmdBusWidth)
    SDMMC_CmdGoIdleState                     0x08004d23   Thumb Code    44  stm32h7xx_ll_sdmmc.o(i.SDMMC_CmdGoIdleState)
    SDMMC_CmdOperCond                        0x08004d4f   Thumb Code    52  stm32h7xx_ll_sdmmc.o(i.SDMMC_CmdOperCond)
    SDMMC_CmdReadMultiBlock                  0x08004d83   Thumb Code    58  stm32h7xx_ll_sdmmc.o(i.SDMMC_CmdReadMultiBlock)
    SDMMC_CmdReadSingleBlock                 0x08004dbd   Thumb Code    58  stm32h7xx_ll_sdmmc.o(i.SDMMC_CmdReadSingleBlock)
    SDMMC_CmdSelDesel                        0x08004df7   Thumb Code    58  stm32h7xx_ll_sdmmc.o(i.SDMMC_CmdSelDesel)
    SDMMC_CmdSendCID                         0x08004e31   Thumb Code    52  stm32h7xx_ll_sdmmc.o(i.SDMMC_CmdSendCID)
    SDMMC_CmdSendCSD                         0x08004e65   Thumb Code    52  stm32h7xx_ll_sdmmc.o(i.SDMMC_CmdSendCSD)
    SDMMC_CmdSendSCR                         0x08004e99   Thumb Code    58  stm32h7xx_ll_sdmmc.o(i.SDMMC_CmdSendSCR)
    SDMMC_CmdSendStatus                      0x08004ed3   Thumb Code    58  stm32h7xx_ll_sdmmc.o(i.SDMMC_CmdSendStatus)
    SDMMC_CmdSetRelAdd                       0x08004f0d   Thumb Code    58  stm32h7xx_ll_sdmmc.o(i.SDMMC_CmdSetRelAdd)
    SDMMC_CmdStatusRegister                  0x08004f47   Thumb Code    58  stm32h7xx_ll_sdmmc.o(i.SDMMC_CmdStatusRegister)
    SDMMC_CmdStopTransfer                    0x08004f81   Thumb Code    88  stm32h7xx_ll_sdmmc.o(i.SDMMC_CmdStopTransfer)
    SDMMC_CmdSwitch                          0x08004fdd   Thumb Code    58  stm32h7xx_ll_sdmmc.o(i.SDMMC_CmdSwitch)
    SDMMC_CmdWriteMultiBlock                 0x08005017   Thumb Code    58  stm32h7xx_ll_sdmmc.o(i.SDMMC_CmdWriteMultiBlock)
    SDMMC_CmdWriteSingleBlock                0x08005051   Thumb Code    58  stm32h7xx_ll_sdmmc.o(i.SDMMC_CmdWriteSingleBlock)
    SDMMC_ConfigData                         0x0800508b   Thumb Code    44  stm32h7xx_ll_sdmmc.o(i.SDMMC_ConfigData)
    SDMMC_GetCmdResp1                        0x080050fd   Thumb Code   420  stm32h7xx_ll_sdmmc.o(i.SDMMC_GetCmdResp1)
    SDMMC_GetCmdResp2                        0x080052ad   Thumb Code    96  stm32h7xx_ll_sdmmc.o(i.SDMMC_GetCmdResp2)
    SDMMC_GetCmdResp3                        0x08005315   Thumb Code    82  stm32h7xx_ll_sdmmc.o(i.SDMMC_GetCmdResp3)
    SDMMC_GetCmdResp6                        0x08005371   Thumb Code   180  stm32h7xx_ll_sdmmc.o(i.SDMMC_GetCmdResp6)
    SDMMC_GetCmdResp7                        0x0800542d   Thumb Code   104  stm32h7xx_ll_sdmmc.o(i.SDMMC_GetCmdResp7)
    SDMMC_GetCommandResponse                 0x08005499   Thumb Code     8  stm32h7xx_ll_sdmmc.o(i.SDMMC_GetCommandResponse)
    SDMMC_GetPowerState                      0x080054a1   Thumb Code    10  stm32h7xx_ll_sdmmc.o(i.SDMMC_GetPowerState)
    SDMMC_GetResponse                        0x080054ab   Thumb Code    12  stm32h7xx_ll_sdmmc.o(i.SDMMC_GetResponse)
    SDMMC_Init                               0x080054b9   Thumb Code    46  stm32h7xx_ll_sdmmc.o(i.SDMMC_Init)
    SDMMC_PowerState_ON                      0x080054ed   Thumb Code    14  stm32h7xx_ll_sdmmc.o(i.SDMMC_PowerState_ON)
    SDMMC_ReadFIFO                           0x080054fb   Thumb Code     8  stm32h7xx_ll_sdmmc.o(i.SDMMC_ReadFIFO)
    SDMMC_SendCommand                        0x08005505   Thumb Code    40  stm32h7xx_ll_sdmmc.o(i.SDMMC_SendCommand)
    SDMMC_WriteFIFO                          0x08005531   Thumb Code    12  stm32h7xx_ll_sdmmc.o(i.SDMMC_WriteFIFO)
    SD_initialize                            0x08005d41   Thumb Code    34  sd_diskio.o(i.SD_initialize)
    SD_ioctl                                 0x08005d69   Thumb Code   108  sd_diskio.o(i.SD_ioctl)
    SD_read                                  0x08005dd9   Thumb Code    48  sd_diskio.o(i.SD_read)
    SD_status                                0x08005e09   Thumb Code    12  sd_diskio.o(i.SD_status)
    SD_write                                 0x08005e15   Thumb Code    48  sd_diskio.o(i.SD_write)
    SVC_Handler                              0x08005e45   Thumb Code     2  stm32h7xx_it.o(i.SVC_Handler)
    SysTick_Handler                          0x08005e47   Thumb Code     8  stm32h7xx_it.o(i.SysTick_Handler)
    SystemClock_Config                       0x08005e51   Thumb Code   212  main.o(i.SystemClock_Config)
    SystemInit                               0x08005f29   Thumb Code   192  system_stm32h7xx.o(i.SystemInit)
    UART_AdvFeatureConfig                    0x08006061   Thumb Code   248  stm32h7xx_hal_uart.o(i.UART_AdvFeatureConfig)
    UART_CheckIdleState                      0x08006159   Thumb Code   234  stm32h7xx_hal_uart.o(i.UART_CheckIdleState)
    UART_SetConfig                           0x080062b1   Thumb Code  1558  stm32h7xx_hal_uart.o(i.UART_SetConfig)
    UART_WaitOnFlagUntilTimeout              0x080068d9   Thumb Code   162  stm32h7xx_hal_uart.o(i.UART_WaitOnFlagUntilTimeout)
    USART1_Init                              0x0800697d   Thumb Code    74  usart.o(i.USART1_Init)
    UsageFault_Handler                       0x080069d1   Thumb Code     4  stm32h7xx_it.o(i.UsageFault_Handler)
    __0printf$3                              0x080069d5   Thumb Code    22  printf3.o(i.__0printf$3)
    __1printf$3                              0x080069d5   Thumb Code     0  printf3.o(i.__0printf$3)
    __2printf                                0x080069d5   Thumb Code     0  printf3.o(i.__0printf$3)
    __scatterload_copy                       0x08006a2d   Thumb Code    14  handlers.o(i.__scatterload_copy)
    __scatterload_null                       0x08006a3b   Thumb Code     2  handlers.o(i.__scatterload_null)
    __scatterload_zeroinit                   0x08006a3d   Thumb Code    14  handlers.o(i.__scatterload_zeroinit)
    disk_initialize                          0x08007579   Thumb Code    40  diskio.o(i.disk_initialize)
    disk_ioctl                               0x080075a5   Thumb Code    36  diskio.o(i.disk_ioctl)
    disk_read                                0x080075cd   Thumb Code    42  diskio.o(i.disk_read)
    disk_status                              0x080075fd   Thumb Code    24  diskio.o(i.disk_status)
    disk_write                               0x08007619   Thumb Code    42  diskio.o(i.disk_write)
    f_close                                  0x08007649   Thumb Code    34  ff.o(i.f_close)
    f_getfree                                0x0800766b   Thumb Code   254  ff.o(i.f_getfree)
    f_mkfs                                   0x08007769   Thumb Code  1702  ff.o(i.f_mkfs)
    f_mount                                  0x08007e45   Thumb Code    80  ff.o(i.f_mount)
    f_open                                   0x08007e99   Thumb Code   512  ff.o(i.f_open)
    f_read                                   0x08008099   Thumb Code   462  ff.o(i.f_read)
    f_sync                                   0x08008267   Thumb Code   160  ff.o(i.f_sync)
    f_write                                  0x08008307   Thumb Code   532  ff.o(i.f_write)
    ff_oem2uni                               0x0800851d   Thumb Code    38  ffunicode.o(i.ff_oem2uni)
    ff_uni2oem                               0x08008549   Thumb Code    52  ffunicode.o(i.ff_uni2oem)
    ff_wtoupper                              0x08008581   Thumb Code   156  ffunicode.o(i.ff_wtoupper)
    fputc                                    0x08008a25   Thumb Code    20  usart.o(i.fputc)
    get_fattime                              0x08008c3b   Thumb Code     4  diskio.o(i.get_fattime)
    main                                     0x08008cd9   Thumb Code   336  main.o(i.main)
    UARTPrescTable                           0x080092e2   Data          24  stm32h7xx_hal_uart.o(.constdata)
    D1CorePrescTable                         0x0800930a   Data          16  system_stm32h7xx.o(.constdata)
    SD_Driver                                0x08009774   Data          20  sd_diskio.o(.constdata)
    Region$$Table$$Base                      0x08009788   Number         0  anon$$obj.o(Region$$Table)
    Region$$Table$$Limit                     0x080097a8   Number         0  anon$$obj.o(Region$$Table)
    MyFile_Res                               0x24000000   Data           1  main.o(.data)
    SDPath                                   0x24000001   Data           4  main.o(.data)
    uwTick                                   0x24000008   Data           4  stm32h7xx_hal.o(.data)
    uwTickPrio                               0x2400000c   Data           4  stm32h7xx_hal.o(.data)
    uwTickFreq                               0x24000010   Data           1  stm32h7xx_hal.o(.data)
    SystemCoreClock                          0x24000014   Data           4  system_stm32h7xx.o(.data)
    SystemD2Clock                            0x24000018   Data           4  system_stm32h7xx.o(.data)
    __stdout                                 0x24000028   Data           4  stdout.o(.data)
    SD_FatFs                                 0x2400002c   Data        4152  main.o(.bss)
    huart1                                   0x24001064   Data         148  usart.o(.bss)
    hsd_sdmmc                                0x240010f8   Data         124  sdmmc_sd.o(.bss)
    disk                                     0x24001174   Data          16  ff_gen_drv.o(.bss)
    __initial_sp                             0x24004188   Data           0  startup_stm32h723xx.o(STACK)



==============================================================================

Memory Map of the image

  Image Entry point : 0x080002cd

  Load Region LR_IROM1 (Base: 0x08000000, Size: 0x000097d4, Max: 0x00100000, ABSOLUTE)

    Execution Region ER_IROM1 (Exec base: 0x08000000, Load base: 0x08000000, Size: 0x000097a8, Max: 0x00100000, ABSOLUTE)

    Exec Addr    Load Addr    Size         Type   Attr      Idx    E Section Name        Object

    0x08000000   0x08000000   0x000002cc   Data   RO            3    RESET               startup_stm32h723xx.o
    0x080002cc   0x080002cc   0x00000000   Code   RO         4841  * .ARM.Collect$$$$00000000  mc_w.l(entry.o)
    0x080002cc   0x080002cc   0x00000004   Code   RO         5113    .ARM.Collect$$$$00000001  mc_w.l(entry2.o)
    0x080002d0   0x080002d0   0x00000004   Code   RO         5116    .ARM.Collect$$$$00000004  mc_w.l(entry5.o)
    0x080002d4   0x080002d4   0x00000000   Code   RO         5118    .ARM.Collect$$$$00000008  mc_w.l(entry7b.o)
    0x080002d4   0x080002d4   0x00000000   Code   RO         5120    .ARM.Collect$$$$0000000A  mc_w.l(entry8b.o)
    0x080002d4   0x080002d4   0x00000008   Code   RO         5121    .ARM.Collect$$$$0000000B  mc_w.l(entry9a.o)
    0x080002dc   0x080002dc   0x00000000   Code   RO         5123    .ARM.Collect$$$$0000000D  mc_w.l(entry10a.o)
    0x080002dc   0x080002dc   0x00000000   Code   RO         5125    .ARM.Collect$$$$0000000F  mc_w.l(entry11a.o)
    0x080002dc   0x080002dc   0x00000004   Code   RO         5114    .ARM.Collect$$$$00002712  mc_w.l(entry2.o)
    0x080002e0   0x080002e0   0x00000024   Code   RO            4    .text               startup_stm32h723xx.o
    0x08000304   0x08000304   0x00000062   Code   RO         4844    .text               mc_w.l(uldiv.o)
    0x08000366   0x08000366   0x00000024   Code   RO         4846    .text               mc_w.l(memcpya.o)
    0x0800038a   0x0800038a   0x00000024   Code   RO         4848    .text               mc_w.l(memseta.o)
    0x080003ae   0x080003ae   0x0000002c   Code   RO         5128    .text               mc_w.l(uidiv.o)
    0x080003da   0x080003da   0x0000001e   Code   RO         5130    .text               mc_w.l(llshl.o)
    0x080003f8   0x080003f8   0x00000020   Code   RO         5132    .text               mc_w.l(llushr.o)
    0x08000418   0x08000418   0x00000024   Code   RO         5145    .text               mc_w.l(init.o)
    0x0800043c   0x0800043c   0x0000002c   Code   RO          407    i.BSP_SD_GetCardInfo  sdmmc_sd.o
    0x08000468   0x08000468   0x00000024   Code   RO          408    i.BSP_SD_GetCardState  sdmmc_sd.o
    0x0800048c   0x0800048c   0x00000074   Code   RO          410    i.BSP_SD_Init       sdmmc_sd.o
    0x08000500   0x08000500   0x00000012   Code   RO          411    i.BSP_SD_IsDetected  sdmmc_sd.o
    0x08000512   0x08000512   0x00000002   PAD
    0x08000514   0x08000514   0x00000048   Code   RO          412    i.BSP_SD_ReadBlocks  sdmmc_sd.o
    0x0800055c   0x0800055c   0x00000002   Code   RO          415    i.BSP_SD_ReadCpltCallback  sdmmc_sd.o
    0x0800055e   0x0800055e   0x00000002   PAD
    0x08000560   0x08000560   0x00000048   Code   RO          416    i.BSP_SD_WriteBlocks  sdmmc_sd.o
    0x080005a8   0x080005a8   0x00000002   Code   RO          419    i.BSP_SD_WriteCpltCallback  sdmmc_sd.o
    0x080005aa   0x080005aa   0x00000004   Code   RO          225    i.BusFault_Handler  stm32h7xx_it.o
    0x080005ae   0x080005ae   0x00000002   Code   RO          226    i.DebugMon_Handler  stm32h7xx_it.o
    0x080005b0   0x080005b0   0x00000006   Code   RO           13    i.Error_Handler     main.o
    0x080005b6   0x080005b6   0x00000012   Code   RO         4717    i.FATFS_LinkDriver  ff_gen_drv.o
    0x080005c8   0x080005c8   0x00000054   Code   RO         4718    i.FATFS_LinkDriverEx  ff_gen_drv.o
    0x0800061c   0x0800061c   0x000000e8   Code   RO           14    i.FatFs_Check       main.o
    0x08000704   0x08000704   0x000002f4   Code   RO           15    i.FatFs_FileTest    main.o
    0x080009f8   0x080009f8   0x000000a4   Code   RO           16    i.FatFs_GetVolume   main.o
    0x08000a9c   0x08000a9c   0x00000028   Code   RO         2148    i.HAL_Delay         stm32h7xx_hal.o
    0x08000ac4   0x08000ac4   0x000001f0   Code   RO         1299    i.HAL_GPIO_Init     stm32h7xx_hal_gpio.o
    0x08000cb4   0x08000cb4   0x00000014   Code   RO         1302    i.HAL_GPIO_TogglePin  stm32h7xx_hal_gpio.o
    0x08000cc8   0x08000cc8   0x0000000c   Code   RO         1303    i.HAL_GPIO_WritePin  stm32h7xx_hal_gpio.o
    0x08000cd4   0x08000cd4   0x0000000c   Code   RO         2164    i.HAL_GetTick       stm32h7xx_hal.o
    0x08000ce0   0x08000ce0   0x00000018   Code   RO         2170    i.HAL_IncTick       stm32h7xx_hal.o
    0x08000cf8   0x08000cf8   0x00000060   Code   RO         2171    i.HAL_Init          stm32h7xx_hal.o
    0x08000d58   0x08000d58   0x00000058   Code   RO         2172    i.HAL_InitTick      stm32h7xx_hal.o
    0x08000db0   0x08000db0   0x00000024   Code   RO          310    i.HAL_MspInit       stm32h7xx_hal_msp.o
    0x08000dd4   0x08000dd4   0x00000028   Code   RO          586    i.HAL_NVIC_EnableIRQ  stm32h7xx_hal_cortex.o
    0x08000dfc   0x08000dfc   0x0000007a   Code   RO          592    i.HAL_NVIC_SetPriority  stm32h7xx_hal_cortex.o
    0x08000e76   0x08000e76   0x00000002   PAD
    0x08000e78   0x08000e78   0x00000028   Code   RO          593    i.HAL_NVIC_SetPriorityGrouping  stm32h7xx_hal_cortex.o
    0x08000ea0   0x08000ea0   0x00000060   Code   RO         1900    i.HAL_PWREx_ConfigSupply  stm32h7xx_hal_pwr_ex.o
    0x08000f00   0x08000f00   0x00000024   Code   RO          842    i.HAL_RCCEx_GetD3PCLK1Freq  stm32h7xx_hal_rcc_ex.o
    0x08000f24   0x08000f24   0x00000230   Code   RO          843    i.HAL_RCCEx_GetPLL1ClockFreq  stm32h7xx_hal_rcc_ex.o
    0x08001154   0x08001154   0x00000230   Code   RO          844    i.HAL_RCCEx_GetPLL2ClockFreq  stm32h7xx_hal_rcc_ex.o
    0x08001384   0x08001384   0x00000230   Code   RO          845    i.HAL_RCCEx_GetPLL3ClockFreq  stm32h7xx_hal_rcc_ex.o
    0x080015b4   0x080015b4   0x000007ac   Code   RO          847    i.HAL_RCCEx_GetPeriphCLKFreq  stm32h7xx_hal_rcc_ex.o
    0x08001d60   0x08001d60   0x00000cc8   Code   RO          851    i.HAL_RCCEx_PeriphCLKConfig  stm32h7xx_hal_rcc_ex.o
    0x08002a28   0x08002a28   0x00000320   Code   RO          727    i.HAL_RCC_ClockConfig  stm32h7xx_hal_rcc.o
    0x08002d48   0x08002d48   0x0000004c   Code   RO          732    i.HAL_RCC_GetHCLKFreq  stm32h7xx_hal_rcc.o
    0x08002d94   0x08002d94   0x00000024   Code   RO          734    i.HAL_RCC_GetPCLK1Freq  stm32h7xx_hal_rcc.o
    0x08002db8   0x08002db8   0x00000024   Code   RO          735    i.HAL_RCC_GetPCLK2Freq  stm32h7xx_hal_rcc.o
    0x08002ddc   0x08002ddc   0x0000022c   Code   RO          736    i.HAL_RCC_GetSysClockFreq  stm32h7xx_hal_rcc.o
    0x08003008   0x08003008   0x0000075c   Code   RO          739    i.HAL_RCC_OscConfig  stm32h7xx_hal_rcc.o
    0x08003764   0x08003764   0x00000002   Code   RO         3434    i.HAL_SDEx_Read_DMADoubleBuf0CpltCallback  stm32h7xx_hal_sd.o
    0x08003766   0x08003766   0x00000002   Code   RO         3435    i.HAL_SDEx_Read_DMADoubleBuf1CpltCallback  stm32h7xx_hal_sd.o
    0x08003768   0x08003768   0x00000002   Code   RO         3436    i.HAL_SDEx_Write_DMADoubleBuf0CpltCallback  stm32h7xx_hal_sd.o
    0x0800376a   0x0800376a   0x00000002   Code   RO         3437    i.HAL_SDEx_Write_DMADoubleBuf1CpltCallback  stm32h7xx_hal_sd.o
    0x0800376c   0x0800376c   0x00000118   Code   RO         3441    i.HAL_SD_ConfigSpeedBusOperation  stm32h7xx_hal_sd.o
    0x08003884   0x08003884   0x00000180   Code   RO         3442    i.HAL_SD_ConfigWideBusOperation  stm32h7xx_hal_sd.o
    0x08003a04   0x08003a04   0x00000002   Code   RO         3445    i.HAL_SD_ErrorCallback  stm32h7xx_hal_sd.o
    0x08003a06   0x08003a06   0x00000002   PAD
    0x08003a08   0x08003a08   0x000001c8   Code   RO         3447    i.HAL_SD_GetCardCSD  stm32h7xx_hal_sd.o
    0x08003bd0   0x08003bd0   0x00000026   Code   RO         3448    i.HAL_SD_GetCardInfo  stm32h7xx_hal_sd.o
    0x08003bf6   0x08003bf6   0x00000024   Code   RO         3449    i.HAL_SD_GetCardState  stm32h7xx_hal_sd.o
    0x08003c1a   0x08003c1a   0x00000002   PAD
    0x08003c1c   0x08003c1c   0x000000e8   Code   RO         3450    i.HAL_SD_GetCardStatus  stm32h7xx_hal_sd.o
    0x08003d04   0x08003d04   0x00000274   Code   RO         3453    i.HAL_SD_IRQHandler  stm32h7xx_hal_sd.o
    0x08003f78   0x08003f78   0x000000b2   Code   RO         3454    i.HAL_SD_Init       stm32h7xx_hal_sd.o
    0x0800402a   0x0800402a   0x00000002   PAD
    0x0800402c   0x0800402c   0x000000d0   Code   RO         3455    i.HAL_SD_InitCard   stm32h7xx_hal_sd.o
    0x080040fc   0x080040fc   0x00000002   Code   RO         3457    i.HAL_SD_MspInit    stm32h7xx_hal_sd.o
    0x080040fe   0x080040fe   0x00000002   PAD
    0x08004100   0x08004100   0x00000238   Code   RO         3458    i.HAL_SD_ReadBlocks  stm32h7xx_hal_sd.o
    0x08004338   0x08004338   0x0000001c   Code   RO          421    i.HAL_SD_RxCpltCallback  sdmmc_sd.o
    0x08004354   0x08004354   0x0000001c   Code   RO          422    i.HAL_SD_TxCpltCallback  sdmmc_sd.o
    0x08004370   0x08004370   0x00000244   Code   RO         3463    i.HAL_SD_WriteBlocks  stm32h7xx_hal_sd.o
    0x080045b4   0x080045b4   0x00000034   Code   RO          597    i.HAL_SYSTICK_Config  stm32h7xx_hal_cortex.o
    0x080045e8   0x080045e8   0x0000004e   Code   RO         4202    i.HAL_UARTEx_DisableFifoMode  stm32h7xx_hal_uart_ex.o
    0x08004636   0x08004636   0x0000005e   Code   RO         4211    i.HAL_UARTEx_SetRxFifoThreshold  stm32h7xx_hal_uart_ex.o
    0x08004694   0x08004694   0x0000005e   Code   RO         4212    i.HAL_UARTEx_SetTxFifoThreshold  stm32h7xx_hal_uart_ex.o
    0x080046f2   0x080046f2   0x00000078   Code   RO         3806    i.HAL_UART_Init     stm32h7xx_hal_uart.o
    0x0800476a   0x0800476a   0x00000002   PAD
    0x0800476c   0x0800476c   0x000000a8   Code   RO          358    i.HAL_UART_MspInit  usart.o
    0x08004814   0x08004814   0x000000c2   Code   RO         3815    i.HAL_UART_Transmit  stm32h7xx_hal_uart.o
    0x080048d6   0x080048d6   0x00000004   Code   RO          227    i.HardFault_Handler  stm32h7xx_it.o
    0x080048da   0x080048da   0x00000002   PAD
    0x080048dc   0x080048dc   0x00000054   Code   RO          334    i.LED_Init          led.o
    0x08004930   0x08004930   0x00000034   Code   RO          423    i.MX_SDMMC1_SD_Init  sdmmc_sd.o
    0x08004964   0x08004964   0x00000004   Code   RO          228    i.MemManage_Handler  stm32h7xx_it.o
    0x08004968   0x08004968   0x00000004   Code   RO          229    i.NMI_Handler       stm32h7xx_it.o
    0x0800496c   0x0800496c   0x00000002   Code   RO          230    i.PendSV_Handler    stm32h7xx_it.o
    0x0800496e   0x0800496e   0x00000002   PAD
    0x08004970   0x08004970   0x00000164   Code   RO          854    i.RCCEx_PLL2_Config  stm32h7xx_hal_rcc_ex.o
    0x08004ad4   0x08004ad4   0x00000164   Code   RO          855    i.RCCEx_PLL3_Config  stm32h7xx_hal_rcc_ex.o
    0x08004c38   0x08004c38   0x0000000a   Code   RO          231    i.SDMMC1_IRQHandler  stm32h7xx_it.o
    0x08004c42   0x08004c42   0x0000003a   Code   RO         3087    i.SDMMC_CmdAppCommand  stm32h7xx_ll_sdmmc.o
    0x08004c7c   0x08004c7c   0x00000034   Code   RO         3088    i.SDMMC_CmdAppOperCommand  stm32h7xx_ll_sdmmc.o
    0x08004cb0   0x08004cb0   0x00000038   Code   RO         3089    i.SDMMC_CmdBlockLength  stm32h7xx_ll_sdmmc.o
    0x08004ce8   0x08004ce8   0x0000003a   Code   RO         3090    i.SDMMC_CmdBusWidth  stm32h7xx_ll_sdmmc.o
    0x08004d22   0x08004d22   0x0000002c   Code   RO         3094    i.SDMMC_CmdGoIdleState  stm32h7xx_ll_sdmmc.o
    0x08004d4e   0x08004d4e   0x00000034   Code   RO         3096    i.SDMMC_CmdOperCond  stm32h7xx_ll_sdmmc.o
    0x08004d82   0x08004d82   0x0000003a   Code   RO         3097    i.SDMMC_CmdReadMultiBlock  stm32h7xx_ll_sdmmc.o
    0x08004dbc   0x08004dbc   0x0000003a   Code   RO         3098    i.SDMMC_CmdReadSingleBlock  stm32h7xx_ll_sdmmc.o
    0x08004df6   0x08004df6   0x0000003a   Code   RO         3101    i.SDMMC_CmdSelDesel  stm32h7xx_ll_sdmmc.o
    0x08004e30   0x08004e30   0x00000034   Code   RO         3102    i.SDMMC_CmdSendCID  stm32h7xx_ll_sdmmc.o
    0x08004e64   0x08004e64   0x00000034   Code   RO         3103    i.SDMMC_CmdSendCSD  stm32h7xx_ll_sdmmc.o
    0x08004e98   0x08004e98   0x0000003a   Code   RO         3105    i.SDMMC_CmdSendSCR  stm32h7xx_ll_sdmmc.o
    0x08004ed2   0x08004ed2   0x0000003a   Code   RO         3106    i.SDMMC_CmdSendStatus  stm32h7xx_ll_sdmmc.o
    0x08004f0c   0x08004f0c   0x0000003a   Code   RO         3107    i.SDMMC_CmdSetRelAdd  stm32h7xx_ll_sdmmc.o
    0x08004f46   0x08004f46   0x0000003a   Code   RO         3110    i.SDMMC_CmdStatusRegister  stm32h7xx_ll_sdmmc.o
    0x08004f80   0x08004f80   0x0000005c   Code   RO         3111    i.SDMMC_CmdStopTransfer  stm32h7xx_ll_sdmmc.o
    0x08004fdc   0x08004fdc   0x0000003a   Code   RO         3112    i.SDMMC_CmdSwitch   stm32h7xx_ll_sdmmc.o
    0x08005016   0x08005016   0x0000003a   Code   RO         3114    i.SDMMC_CmdWriteMultiBlock  stm32h7xx_ll_sdmmc.o
    0x08005050   0x08005050   0x0000003a   Code   RO         3115    i.SDMMC_CmdWriteSingleBlock  stm32h7xx_ll_sdmmc.o
    0x0800508a   0x0800508a   0x0000002c   Code   RO         3116    i.SDMMC_ConfigData  stm32h7xx_ll_sdmmc.o
    0x080050b6   0x080050b6   0x00000002   PAD
    0x080050b8   0x080050b8   0x00000044   Code   RO         3117    i.SDMMC_GetCmdError  stm32h7xx_ll_sdmmc.o
    0x080050fc   0x080050fc   0x000001b0   Code   RO         3118    i.SDMMC_GetCmdResp1  stm32h7xx_ll_sdmmc.o
    0x080052ac   0x080052ac   0x00000068   Code   RO         3119    i.SDMMC_GetCmdResp2  stm32h7xx_ll_sdmmc.o
    0x08005314   0x08005314   0x0000005c   Code   RO         3120    i.SDMMC_GetCmdResp3  stm32h7xx_ll_sdmmc.o
    0x08005370   0x08005370   0x000000bc   Code   RO         3121    i.SDMMC_GetCmdResp6  stm32h7xx_ll_sdmmc.o
    0x0800542c   0x0800542c   0x0000006c   Code   RO         3122    i.SDMMC_GetCmdResp7  stm32h7xx_ll_sdmmc.o
    0x08005498   0x08005498   0x00000008   Code   RO         3123    i.SDMMC_GetCommandResponse  stm32h7xx_ll_sdmmc.o
    0x080054a0   0x080054a0   0x0000000a   Code   RO         3126    i.SDMMC_GetPowerState  stm32h7xx_ll_sdmmc.o
    0x080054aa   0x080054aa   0x0000000c   Code   RO         3127    i.SDMMC_GetResponse  stm32h7xx_ll_sdmmc.o
    0x080054b6   0x080054b6   0x00000002   PAD
    0x080054b8   0x080054b8   0x00000034   Code   RO         3128    i.SDMMC_Init        stm32h7xx_ll_sdmmc.o
    0x080054ec   0x080054ec   0x0000000e   Code   RO         3131    i.SDMMC_PowerState_ON  stm32h7xx_ll_sdmmc.o
    0x080054fa   0x080054fa   0x00000008   Code   RO         3132    i.SDMMC_ReadFIFO    stm32h7xx_ll_sdmmc.o
    0x08005502   0x08005502   0x00000002   PAD
    0x08005504   0x08005504   0x0000002c   Code   RO         3133    i.SDMMC_SendCommand  stm32h7xx_ll_sdmmc.o
    0x08005530   0x08005530   0x0000000c   Code   RO         3135    i.SDMMC_WriteFIFO   stm32h7xx_ll_sdmmc.o
    0x0800553c   0x0800553c   0x00000028   Code   RO         4784    i.SD_CheckStatus    sd_diskio.o
    0x08005564   0x08005564   0x00000140   Code   RO         3466    i.SD_FindSCR        stm32h7xx_hal_sd.o
    0x080056a4   0x080056a4   0x0000010a   Code   RO         3467    i.SD_InitCard       stm32h7xx_hal_sd.o
    0x080057ae   0x080057ae   0x00000002   PAD
    0x080057b0   0x080057b0   0x000000cc   Code   RO          426    i.SD_MspInit        sdmmc_sd.o
    0x0800587c   0x0800587c   0x000000cc   Code   RO         3469    i.SD_PowerON        stm32h7xx_hal_sd.o
    0x08005948   0x08005948   0x00000042   Code   RO         3470    i.SD_Read_IT        stm32h7xx_hal_sd.o
    0x0800598a   0x0800598a   0x00000002   PAD
    0x0800598c   0x0800598c   0x00000134   Code   RO         3471    i.SD_SendSDStatus   stm32h7xx_hal_sd.o
    0x08005ac0   0x08005ac0   0x00000030   Code   RO         3472    i.SD_SendStatus     stm32h7xx_hal_sd.o
    0x08005af0   0x08005af0   0x0000012c   Code   RO         3473    i.SD_SwitchSpeed    stm32h7xx_hal_sd.o
    0x08005c1c   0x08005c1c   0x00000068   Code   RO         3474    i.SD_WideBus_Disable  stm32h7xx_hal_sd.o
    0x08005c84   0x08005c84   0x00000068   Code   RO         3475    i.SD_WideBus_Enable  stm32h7xx_hal_sd.o
    0x08005cec   0x08005cec   0x00000052   Code   RO         3476    i.SD_Write_IT       stm32h7xx_hal_sd.o
    0x08005d3e   0x08005d3e   0x00000002   PAD
    0x08005d40   0x08005d40   0x00000028   Code   RO         4785    i.SD_initialize     sd_diskio.o
    0x08005d68   0x08005d68   0x00000070   Code   RO         4786    i.SD_ioctl          sd_diskio.o
    0x08005dd8   0x08005dd8   0x00000030   Code   RO         4787    i.SD_read           sd_diskio.o
    0x08005e08   0x08005e08   0x0000000c   Code   RO         4788    i.SD_status         sd_diskio.o
    0x08005e14   0x08005e14   0x00000030   Code   RO         4789    i.SD_write          sd_diskio.o
    0x08005e44   0x08005e44   0x00000002   Code   RO          232    i.SVC_Handler       stm32h7xx_it.o
    0x08005e46   0x08005e46   0x00000008   Code   RO          233    i.SysTick_Handler   stm32h7xx_it.o
    0x08005e4e   0x08005e4e   0x00000002   PAD
    0x08005e50   0x08005e50   0x000000d8   Code   RO           17    i.SystemClock_Config  main.o
    0x08005f28   0x08005f28   0x000000e0   Code   RO         4326    i.SystemInit        system_stm32h7xx.o
    0x08006008   0x08006008   0x00000058   Code   RO         4216    i.UARTEx_SetNbDataToProcess  stm32h7xx_hal_uart_ex.o
    0x08006060   0x08006060   0x000000f8   Code   RO         3820    i.UART_AdvFeatureConfig  stm32h7xx_hal_uart.o
    0x08006158   0x08006158   0x000000ea   Code   RO         3821    i.UART_CheckIdleState  stm32h7xx_hal_uart.o
    0x08006242   0x08006242   0x00000002   PAD
    0x08006244   0x08006244   0x0000006c   Code   RO         3832    i.UART_EndRxTransfer  stm32h7xx_hal_uart.o
    0x080062b0   0x080062b0   0x00000628   Code   RO         3839    i.UART_SetConfig    stm32h7xx_hal_uart.o
    0x080068d8   0x080068d8   0x000000a2   Code   RO         3846    i.UART_WaitOnFlagUntilTimeout  stm32h7xx_hal_uart.o
    0x0800697a   0x0800697a   0x00000002   PAD
    0x0800697c   0x0800697c   0x00000054   Code   RO          359    i.USART1_Init       usart.o
    0x080069d0   0x080069d0   0x00000004   Code   RO          234    i.UsageFault_Handler  stm32h7xx_it.o
    0x080069d4   0x080069d4   0x00000020   Code   RO         4941    i.__0printf$3       mc_w.l(printf3.o)
    0x080069f4   0x080069f4   0x00000010   Code   RO          599    i.__NVIC_GetPriorityGrouping  stm32h7xx_hal_cortex.o
    0x08006a04   0x08006a04   0x00000028   Code   RO          600    i.__NVIC_SetPriority  stm32h7xx_hal_cortex.o
    0x08006a2c   0x08006a2c   0x0000000e   Code   RO         5153    i.__scatterload_copy  mc_w.l(handlers.o)
    0x08006a3a   0x08006a3a   0x00000002   Code   RO         5154    i.__scatterload_null  mc_w.l(handlers.o)
    0x08006a3c   0x08006a3c   0x0000000e   Code   RO         5155    i.__scatterload_zeroinit  mc_w.l(handlers.o)
    0x08006a4a   0x08006a4a   0x00000002   PAD
    0x08006a4c   0x08006a4c   0x000001b8   Code   RO         4948    i._printf_core      mc_w.l(printf3.o)
    0x08006c04   0x08006c04   0x0000007c   Code   RO         4405    i.check_fs          ff.o
    0x08006c80   0x08006c80   0x00000014   Code   RO         4406    i.chk_chr           ff.o
    0x08006c94   0x08006c94   0x0000001a   Code   RO         4407    i.clst2sect         ff.o
    0x08006cae   0x08006cae   0x00000002   PAD
    0x08006cb0   0x08006cb0   0x00000098   Code   RO         4408    i.cmp_lfn           ff.o
    0x08006d48   0x08006d48   0x00000120   Code   RO         4409    i.create_chain      ff.o
    0x08006e68   0x08006e68   0x00000280   Code   RO         4410    i.create_name       ff.o
    0x080070e8   0x080070e8   0x0000000c   Code   RO         4411    i.dbc_1st           ff.o
    0x080070f4   0x080070f4   0x0000000c   Code   RO         4412    i.dbc_2nd           ff.o
    0x08007100   0x08007100   0x00000060   Code   RO         4413    i.dir_alloc         ff.o
    0x08007160   0x08007160   0x0000005e   Code   RO         4414    i.dir_clear         ff.o
    0x080071be   0x080071be   0x000000fc   Code   RO         4415    i.dir_find          ff.o
    0x080072ba   0x080072ba   0x000000d6   Code   RO         4416    i.dir_next          ff.o
    0x08007390   0x08007390   0x00000142   Code   RO         4418    i.dir_register      ff.o
    0x080074d2   0x080074d2   0x000000a6   Code   RO         4420    i.dir_sdi           ff.o
    0x08007578   0x08007578   0x0000002c   Code   RO         4359    i.disk_initialize   diskio.o
    0x080075a4   0x080075a4   0x00000028   Code   RO         4360    i.disk_ioctl        diskio.o
    0x080075cc   0x080075cc   0x00000030   Code   RO         4361    i.disk_read         diskio.o
    0x080075fc   0x080075fc   0x0000001c   Code   RO         4362    i.disk_status       diskio.o
    0x08007618   0x08007618   0x00000030   Code   RO         4363    i.disk_write        diskio.o
    0x08007648   0x08007648   0x00000022   Code   RO         4421    i.f_close           ff.o
    0x0800766a   0x0800766a   0x000000fe   Code   RO         4423    i.f_getfree         ff.o
    0x08007768   0x08007768   0x000006dc   Code   RO         4426    i.f_mkfs            ff.o
    0x08007e44   0x08007e44   0x00000054   Code   RO         4427    i.f_mount           ff.o
    0x08007e98   0x08007e98   0x00000200   Code   RO         4428    i.f_open            ff.o
    0x08008098   0x08008098   0x000001ce   Code   RO         4430    i.f_read            ff.o
    0x08008266   0x08008266   0x000000a0   Code   RO         4434    i.f_sync            ff.o
    0x08008306   0x08008306   0x00000214   Code   RO         4437    i.f_write           ff.o
    0x0800851a   0x0800851a   0x00000002   PAD
    0x0800851c   0x0800851c   0x0000002c   Code   RO         4755    i.ff_oem2uni        ffunicode.o
    0x08008548   0x08008548   0x00000038   Code   RO         4756    i.ff_uni2oem        ffunicode.o
    0x08008580   0x08008580   0x000000a4   Code   RO         4757    i.ff_wtoupper       ffunicode.o
    0x08008624   0x08008624   0x00000358   Code   RO         4438    i.find_volume       ff.o
    0x0800897c   0x0800897c   0x000000a8   Code   RO         4439    i.follow_path       ff.o
    0x08008a24   0x08008a24   0x00000018   Code   RO          360    i.fputc             usart.o
    0x08008a3c   0x08008a3c   0x000000cc   Code   RO         4440    i.gen_numname       ff.o
    0x08008b08   0x08008b08   0x00000132   Code   RO         4441    i.get_fat           ff.o
    0x08008c3a   0x08008c3a   0x00000004   Code   RO         4364    i.get_fattime       diskio.o
    0x08008c3e   0x08008c3e   0x0000004e   Code   RO         4443    i.get_ldnumber      ff.o
    0x08008c8c   0x08008c8c   0x00000026   Code   RO         4444    i.ld_clust          ff.o
    0x08008cb2   0x08008cb2   0x00000018   Code   RO         4445    i.ld_dword          ff.o
    0x08008cca   0x08008cca   0x0000000c   Code   RO         4446    i.ld_word           ff.o
    0x08008cd6   0x08008cd6   0x00000002   PAD
    0x08008cd8   0x08008cd8   0x0000015c   Code   RO           18    i.main              main.o
    0x08008e34   0x08008e34   0x00000024   Code   RO         4447    i.mem_cmp           ff.o
    0x08008e58   0x08008e58   0x0000001a   Code   RO         4448    i.mem_cpy           ff.o
    0x08008e72   0x08008e72   0x00000012   Code   RO         4449    i.mem_set           ff.o
    0x08008e84   0x08008e84   0x00000034   Code   RO         4450    i.move_window       ff.o
    0x08008eb8   0x08008eb8   0x00000190   Code   RO         4452    i.put_fat           ff.o
    0x08009048   0x08009048   0x00000080   Code   RO         4453    i.put_lfn           ff.o
    0x080090c8   0x080090c8   0x0000009a   Code   RO         4454    i.remove_chain      ff.o
    0x08009162   0x08009162   0x00000024   Code   RO         4455    i.st_clust          ff.o
    0x08009186   0x08009186   0x00000018   Code   RO         4456    i.st_dword          ff.o
    0x0800919e   0x0800919e   0x0000000c   Code   RO         4457    i.st_word           ff.o
    0x080091aa   0x080091aa   0x00000020   Code   RO         4458    i.sum_sfn           ff.o
    0x080091ca   0x080091ca   0x00000002   PAD
    0x080091cc   0x080091cc   0x00000090   Code   RO         4459    i.sync_fs           ff.o
    0x0800925c   0x0800925c   0x0000004a   Code   RO         4460    i.sync_window       ff.o
    0x080092a6   0x080092a6   0x0000003c   Code   RO         4461    i.validate          ff.o
    0x080092e2   0x080092e2   0x00000018   Data   RO         3847    .constdata          stm32h7xx_hal_uart.o
    0x080092fa   0x080092fa   0x00000010   Data   RO         4218    .constdata          stm32h7xx_hal_uart_ex.o
    0x0800930a   0x0800930a   0x00000010   Data   RO         4327    .constdata          system_stm32h7xx.o
    0x0800931a   0x0800931a   0x000000aa   Data   RO         4462    .constdata          ff.o
    0x080093c4   0x080093c4   0x000003ae   Data   RO         4758    .constdata          ffunicode.o
    0x08009772   0x08009772   0x00000002   PAD
    0x08009774   0x08009774   0x00000014   Data   RO         4790    .constdata          sd_diskio.o
    0x08009788   0x08009788   0x00000020   Data   RO         5151    Region$$Table       anon$$obj.o


    Execution Region RW_IRAM1 (Exec base: 0x20000000, Load base: 0x080097a8, Size: 0x00000000, Max: 0x00020000, ABSOLUTE)

    **** No section assigned to this execution region ****


    Execution Region RW_IRAM2 (Exec base: 0x24000000, Load base: 0x080097a8, Size: 0x00004188, Max: 0x00050000, ABSOLUTE)

    Exec Addr    Load Addr    Size         Type   Attr      Idx    E Section Name        Object

    0x24000000   0x080097a8   0x00000005   Data   RW           20    .data               main.o
    0x24000005   0x080097ad   0x00000003   PAD
    0x24000008   0x080097b0   0x00000009   Data   RW         2195    .data               stm32h7xx_hal.o
    0x24000011   0x080097b9   0x00000003   PAD
    0x24000014   0x080097bc   0x00000008   Data   RW         4328    .data               system_stm32h7xx.o
    0x2400001c   0x080097c4   0x0000000a   Data   RW         4463    .data               ff.o
    0x24000026   0x080097ce   0x00000001   Data   RW         4791    .data               sd_diskio.o
    0x24000027   0x080097cf   0x00000001   PAD
    0x24000028   0x080097d0   0x00000004   Data   RW         5127    .data               mc_w.l(stdout.o)
    0x2400002c        -       0x00001038   Zero   RW           19    .bss                main.o
    0x24001064        -       0x00000094   Zero   RW          361    .bss                usart.o
    0x240010f8        -       0x0000007c   Zero   RW          427    .bss                sdmmc_sd.o
    0x24001174        -       0x00000010   Zero   RW         4721    .bss                ff_gen_drv.o
    0x24001184   0x080097d4   0x00000004   PAD
    0x24001188        -       0x00003000   Zero   RW            1    STACK               startup_stm32h723xx.o


==============================================================================

Image component sizes


      Code (inc. data)   RO Data    RW Data    ZI Data      Debug   Object Name

       212         24          0          0          0       7327   diskio.o
      9094        168        170         10          0      56546   ff.o
       102          6          0          0         16       1879   ff_gen_drv.o
       264         28        942          0          0       3276   ffunicode.o
        84          8          0          0          0       1219   led.o
      1722        702          0          5       4152    1201113   main.o
       300         14         20          1          0       5540   sd_diskio.o
       674         58          0          0        124      10080   sdmmc_sd.o
        36          8        716          0      12288        948   startup_stm32h723xx.o
       260         48          0          9          0      24577   stm32h7xx_hal.o
       310         22          0          0          0      40847   stm32h7xx_hal_cortex.o
       528         50          0          0          0       3329   stm32h7xx_hal_gpio.o
        36          4          0          0          0       1162   stm32h7xx_hal_msp.o
        96          6          0          0          0        889   stm32h7xx_hal_pwr_ex.o
      3388        110          0          0          0       7740   stm32h7xx_hal_rcc.o
      7664        184          0          0          0      11703   stm32h7xx_hal_rcc_ex.o
      5402         86          0          0          0      27802   stm32h7xx_hal_sd.o
      2642        132         24          0          0      27802   stm32h7xx_hal_uart.o
       354         10         16          0          0       4353   stm32h7xx_hal_uart_ex.o
        44          0          0          0          0       5858   stm32h7xx_it.o
      2292         66          0          0          0      30260   stm32h7xx_ll_sdmmc.o
       224         32         16          8          0       1734   system_stm32h7xx.o
       276         26          0          0        148       4274   usart.o

    ----------------------------------------------------------------------
     36050       1792       1938         40      16732    1480258   Object Totals
         0          0         32          0          0          0   (incl. Generated)
        46          0          2          7          4          0   (incl. Padding)

    ----------------------------------------------------------------------

      Code (inc. data)   RO Data    RW Data    ZI Data      Debug   Library Member Name

         0          0          0          0          0          0   entry.o
         0          0          0          0          0          0   entry10a.o
         0          0          0          0          0          0   entry11a.o
         8          4          0          0          0          0   entry2.o
         4          0          0          0          0          0   entry5.o
         0          0          0          0          0          0   entry7b.o
         0          0          0          0          0          0   entry8b.o
         8          4          0          0          0          0   entry9a.o
        30          0          0          0          0          0   handlers.o
        36          8          0          0          0         68   init.o
        30          0          0          0          0         68   llshl.o
        32          0          0          0          0         68   llushr.o
        36          0          0          0          0         68   memcpya.o
        36          0          0          0          0        108   memseta.o
       472         14          0          0          0        184   printf3.o
         0          0          0          4          0          0   stdout.o
        44          0          0          0          0         80   uidiv.o
        98          0          0          0          0         92   uldiv.o

    ----------------------------------------------------------------------
       836         30          0          4          0        736   Library Totals
         2          0          0          0          0          0   (incl. Padding)

    ----------------------------------------------------------------------

      Code (inc. data)   RO Data    RW Data    ZI Data      Debug   Library Name

       834         30          0          4          0        736   mc_w.l

    ----------------------------------------------------------------------
       836         30          0          4          0        736   Library Totals

    ----------------------------------------------------------------------

==============================================================================


      Code (inc. data)   RO Data    RW Data    ZI Data      Debug   

     36886       1822       1938         44      16732    1461986   Grand Totals
     36886       1822       1938         44      16732    1461986   ELF Image Totals
     36886       1822       1938         44          0          0   ROM Totals

==============================================================================

    Total RO  Size (Code + RO Data)                38824 (  37.91kB)
    Total RW  Size (RW Data + ZI Data)             16776 (  16.38kB)
    Total ROM Size (Code + RO Data + RW Data)      38868 (  37.96kB)

==============================================================================

